Component: ARM Compiler 5.06 update 7 (build 960) Tool: armlink [4d3601]

==============================================================================

Section Cross References

    startup_stm32f407xx.o(STACK) refers (Special) to heapauxi.o(.text) for __use_two_region_memory
    startup_stm32f407xx.o(HEAP) refers (Special) to heapauxi.o(.text) for __use_two_region_memory
    startup_stm32f407xx.o(RESET) refers (Special) to heapauxi.o(.text) for __use_two_region_memory
    startup_stm32f407xx.o(RESET) refers to startup_stm32f407xx.o(STACK) for __initial_sp
    startup_stm32f407xx.o(RESET) refers to startup_stm32f407xx.o(.text) for Reset_Handler
    startup_stm32f407xx.o(RESET) refers to stm32f4xx_it.o(i.NMI_Handler) for NMI_Handler
    startup_stm32f407xx.o(RESET) refers to stm32f4xx_it.o(i.HardFault_Handler) for HardFault_Handler
    startup_stm32f407xx.o(RESET) refers to stm32f4xx_it.o(i.MemManage_Handler) for MemManage_Handler
    startup_stm32f407xx.o(RESET) refers to stm32f4xx_it.o(i.BusFault_Handler) for BusFault_Handler
    startup_stm32f407xx.o(RESET) refers to stm32f4xx_it.o(i.UsageFault_Handler) for UsageFault_Handler
    startup_stm32f407xx.o(RESET) refers to port.o(.emb_text) for SVC_Handler
    startup_stm32f407xx.o(RESET) refers to stm32f4xx_it.o(i.DebugMon_Handler) for DebugMon_Handler
    startup_stm32f407xx.o(RESET) refers to cmsis_os2.o(i.SysTick_Handler) for SysTick_Handler
    startup_stm32f407xx.o(RESET) refers to stm32f4xx_it.o(i.DMA1_Stream5_IRQHandler) for DMA1_Stream5_IRQHandler
    startup_stm32f407xx.o(RESET) refers to stm32f4xx_it.o(i.CAN1_RX0_IRQHandler) for CAN1_RX0_IRQHandler
    startup_stm32f407xx.o(RESET) refers to stm32f4xx_it.o(i.EXTI9_5_IRQHandler) for EXTI9_5_IRQHandler
    startup_stm32f407xx.o(RESET) refers to stm32f4xx_it.o(i.TIM2_IRQHandler) for TIM2_IRQHandler
    startup_stm32f407xx.o(RESET) refers to stm32f4xx_it.o(i.TIM3_IRQHandler) for TIM3_IRQHandler
    startup_stm32f407xx.o(RESET) refers to stm32f4xx_it.o(i.USART1_IRQHandler) for USART1_IRQHandler
    startup_stm32f407xx.o(RESET) refers to stm32f4xx_it.o(i.USART2_IRQHandler) for USART2_IRQHandler
    startup_stm32f407xx.o(RESET) refers to stm32f4xx_it.o(i.USART3_IRQHandler) for USART3_IRQHandler
    startup_stm32f407xx.o(RESET) refers to stm32f4xx_it.o(i.DMA2_Stream1_IRQHandler) for DMA2_Stream1_IRQHandler
    startup_stm32f407xx.o(RESET) refers to stm32f4xx_it.o(i.CAN2_RX0_IRQHandler) for CAN2_RX0_IRQHandler
    startup_stm32f407xx.o(.text) refers (Special) to heapauxi.o(.text) for __use_two_region_memory
    startup_stm32f407xx.o(.text) refers to system_stm32f4xx.o(i.SystemInit) for SystemInit
    startup_stm32f407xx.o(.text) refers to __main.o(!!!main) for __main
    startup_stm32f407xx.o(.text) refers to startup_stm32f407xx.o(HEAP) for Heap_Mem
    startup_stm32f407xx.o(.text) refers to startup_stm32f407xx.o(STACK) for Stack_Mem
    main.o(i.HAL_TIM_PeriodElapsedCallback) refers to stm32f4xx_hal.o(i.HAL_IncTick) for HAL_IncTick
    main.o(i.HAL_TIM_PeriodElapsedCallback) refers to hardware.o(.data) for TIME_ISR_CNT
    main.o(i.SystemClock_Config) refers to rt_memclr_w.o(.text) for __aeabi_memclr4
    main.o(i.SystemClock_Config) refers to stm32f4xx_hal_rcc.o(i.HAL_RCC_OscConfig) for HAL_RCC_OscConfig
    main.o(i.SystemClock_Config) refers to main.o(i.Error_Handler) for Error_Handler
    main.o(i.SystemClock_Config) refers to stm32f4xx_hal_rcc.o(i.HAL_RCC_ClockConfig) for HAL_RCC_ClockConfig
    main.o(i.main) refers to stm32f4xx_hal.o(i.HAL_Init) for HAL_Init
    main.o(i.main) refers to main.o(i.SystemClock_Config) for SystemClock_Config
    main.o(i.main) refers to gpio.o(i.MX_GPIO_Init) for MX_GPIO_Init
    main.o(i.main) refers to dma.o(i.MX_DMA_Init) for MX_DMA_Init
    main.o(i.main) refers to can.o(i.MX_CAN1_Init) for MX_CAN1_Init
    main.o(i.main) refers to usart.o(i.MX_USART1_UART_Init) for MX_USART1_UART_Init
    main.o(i.main) refers to can.o(i.MX_CAN2_Init) for MX_CAN2_Init
    main.o(i.main) refers to tim.o(i.MX_TIM2_Init) for MX_TIM2_Init
    main.o(i.main) refers to usart.o(i.MX_USART3_UART_Init) for MX_USART3_UART_Init
    main.o(i.main) refers to usart.o(i.MX_UART4_Init) for MX_UART4_Init
    main.o(i.main) refers to usart.o(i.MX_USART2_UART_Init) for MX_USART2_UART_Init
    main.o(i.main) refers to usart.o(i.MX_USART6_UART_Init) for MX_USART6_UART_Init
    main.o(i.main) refers to stm32f4xx_hal_tim.o(i.HAL_TIM_Base_Start_IT) for HAL_TIM_Base_Start_IT
    main.o(i.main) refers to driver_usart.o(i.EnableDebugIRQ) for EnableDebugIRQ
    main.o(i.main) refers to pid_adjust.o(i.Adjust_Init) for Adjust_Init
    main.o(i.main) refers to ring_buffer.o(i.ring_buffer_init) for ring_buffer_init
    main.o(i.main) refers to movebase.o(i.Move_Init) for Move_Init
    main.o(i.main) refers to motor.o(i.m3508_Init) for m3508_Init
    main.o(i.main) refers to calculation.o(i.Kalmanfiter_Init) for Kalmanfiter_Init
    main.o(i.main) refers to cmsis_os2.o(i.osKernelInitialize) for osKernelInitialize
[...]
    HAL_CAN_RxFifo1FullCallback              0x080015cd   Thumb Code     2  stm32f4xx_hal_can.o(i.HAL_CAN_RxFifo1FullCallback)
    HAL_CAN_RxFifo1MsgPendingCallback        0x080015cf   Thumb Code     2  stm32f4xx_hal_can.o(i.HAL_CAN_RxFifo1MsgPendingCallback)
    HAL_CAN_SleepCallback                    0x080015d1   Thumb Code     2  stm32f4xx_hal_can.o(i.HAL_CAN_SleepCallback)
    HAL_CAN_Start                            0x080015d3   Thumb Code    94  stm32f4xx_hal_can.o(i.HAL_CAN_Start)
    HAL_CAN_TxMailbox0AbortCallback          0x08001631   Thumb Code     2  stm32f4xx_hal_can.o(i.HAL_CAN_TxMailbox0AbortCallback)
    HAL_CAN_TxMailbox0CompleteCallback       0x08001633   Thumb Code     2  stm32f4xx_hal_can.o(i.HAL_CAN_TxMailbox0CompleteCallback)
    HAL_CAN_TxMailbox1AbortCallback          0x08001635   Thumb Code     2  stm32f4xx_hal_can.o(i.HAL_CAN_TxMailbox1AbortCallback)
    HAL_CAN_TxMailbox1CompleteCallback       0x08001637   Thumb Code     2  stm32f4xx_hal_can.o(i.HAL_CAN_TxMailbox1CompleteCallback)
    HAL_CAN_TxMailbox2AbortCallback          0x08001639   Thumb Code     2  stm32f4xx_hal_can.o(i.HAL_CAN_TxMailbox2AbortCallback)
    HAL_CAN_TxMailbox2CompleteCallback       0x0800163b   Thumb Code     2  stm32f4xx_hal_can.o(i.HAL_CAN_TxMailbox2CompleteCallback)
    HAL_CAN_WakeUpFromRxMsgCallback          0x0800163d   Thumb Code     2  stm32f4xx_hal_can.o(i.HAL_CAN_WakeUpFromRxMsgCallback)
    HAL_DMA_Abort                            0x0800163f   Thumb Code   172  stm32f4xx_hal_dma.o(i.HAL_DMA_Abort)
    HAL_DMA_Abort_IT                         0x080016eb   Thumb Code    40  stm32f4xx_hal_dma.o(i.HAL_DMA_Abort_IT)
    HAL_DMA_GetError                         0x08001713   Thumb Code     6  stm32f4xx_hal_dma.o(i.HAL_DMA_GetError)
    HAL_DMA_IRQHandler                       0x08001719   Thumb Code   570  stm32f4xx_hal_dma.o(i.HAL_DMA_IRQHandler)
    HAL_DMA_Init                             0x08001959   Thumb Code   232  stm32f4xx_hal_dma.o(i.HAL_DMA_Init)
    HAL_DMA_Start_IT                         0x08001a45   Thumb Code   146  stm32f4xx_hal_dma.o(i.HAL_DMA_Start_IT)
    HAL_GPIO_EXTI_Callback                   0x08001ad9   Thumb Code   256  hardware.o(i.HAL_GPIO_EXTI_Callback)
    HAL_GPIO_EXTI_IRQHandler                 0x08001c05   Thumb Code    24  stm32f4xx_hal_gpio.o(i.HAL_GPIO_EXTI_IRQHandler)
    HAL_GPIO_Init                            0x08001c21   Thumb Code   454  stm32f4xx_hal_gpio.o(i.HAL_GPIO_Init)
    HAL_GPIO_WritePin                        0x08001e15   Thumb Code    12  stm32f4xx_hal_gpio.o(i.HAL_GPIO_WritePin)
    HAL_GetTick                              0x08001e21   Thumb Code     6  stm32f4xx_hal.o(i.HAL_GetTick)
    HAL_IncTick                              0x08001e2d   Thumb Code    16  stm32f4xx_hal.o(i.HAL_IncTick)
    HAL_Init                                 0x08001e45   Thumb Code    54  stm32f4xx_hal.o(i.HAL_Init)
    HAL_InitTick                             0x08001e81   Thumb Code   160  stm32f4xx_hal_timebase_tim.o(i.HAL_InitTick)
    HAL_MspInit                              0x08001f35   Thumb Code    78  stm32f4xx_hal_msp.o(i.HAL_MspInit)
    HAL_NVIC_EnableIRQ                       0x08001f89   Thumb Code    40  stm32f4xx_hal_cortex.o(i.HAL_NVIC_EnableIRQ)
    HAL_NVIC_SetPriority                     0x08001fb1   Thumb Code   124  stm32f4xx_hal_cortex.o(i.HAL_NVIC_SetPriority)
    HAL_NVIC_SetPriorityGrouping             0x0800202d   Thumb Code    32  stm32f4xx_hal_cortex.o(i.HAL_NVIC_SetPriorityGrouping)
    HAL_RCC_ClockConfig                      0x08002055   Thumb Code   368  stm32f4xx_hal_rcc.o(i.HAL_RCC_ClockConfig)
    HAL_RCC_GetClockConfig                   0x080021d9   Thumb Code    58  stm32f4xx_hal_rcc.o(i.HAL_RCC_GetClockConfig)
    HAL_RCC_GetHCLKFreq                      0x0800221d   Thumb Code     6  stm32f4xx_hal_rcc.o(i.HAL_RCC_GetHCLKFreq)
    HAL_RCC_GetPCLK1Freq                     0x08002229   Thumb Code    22  stm32f4xx_hal_rcc.o(i.HAL_RCC_GetPCLK1Freq)
    HAL_RCC_GetPCLK2Freq                     0x08002249   Thumb Code    22  stm32f4xx_hal_rcc.o(i.HAL_RCC_GetPCLK2Freq)
    HAL_RCC_GetSysClockFreq                  0x08002269   Thumb Code   162  stm32f4xx_hal_rcc.o(i.HAL_RCC_GetSysClockFreq)
    HAL_RCC_OscConfig                        0x08002319   Thumb Code  1172  stm32f4xx_hal_rcc.o(i.HAL_RCC_OscConfig)
    HAL_TIMEx_BreakCallback                  0x080027b5   Thumb Code     2  stm32f4xx_hal_tim_ex.o(i.HAL_TIMEx_BreakCallback)
    HAL_TIMEx_CommutCallback                 0x080027b7   Thumb Code     2  stm32f4xx_hal_tim_ex.o(i.HAL_TIMEx_CommutCallback)
    HAL_TIMEx_MasterConfigSynchronization    0x080027b9   Thumb Code   150  stm32f4xx_hal_tim_ex.o(i.HAL_TIMEx_MasterConfigSynchronization)
    HAL_TIM_Base_Init                        0x0800286d   Thumb Code   102  stm32f4xx_hal_tim.o(i.HAL_TIM_Base_Init)
    HAL_TIM_Base_MspInit                     0x080028d5   Thumb Code    62  tim.o(i.HAL_TIM_Base_MspInit)
    HAL_TIM_Base_Start_IT                    0x08002919   Thumb Code   138  stm32f4xx_hal_tim.o(i.HAL_TIM_Base_Start_IT)
    HAL_TIM_ConfigClockSource                0x080029c1   Thumb Code   268  stm32f4xx_hal_tim.o(i.HAL_TIM_ConfigClockSource)
    HAL_TIM_IC_CaptureCallback               0x08002acd   Thumb Code     2  stm32f4xx_hal_tim.o(i.HAL_TIM_IC_CaptureCallback)
    HAL_TIM_IRQHandler                       0x08002acf   Thumb Code   364  stm32f4xx_hal_tim.o(i.HAL_TIM_IRQHandler)
    HAL_TIM_OC_DelayElapsedCallback          0x08002c3b   Thumb Code     2  stm32f4xx_hal_tim.o(i.HAL_TIM_OC_DelayElapsedCallback)
    HAL_TIM_PWM_PulseFinishedCallback        0x08002c3d   Thumb Code     2  stm32f4xx_hal_tim.o(i.HAL_TIM_PWM_PulseFinishedCallback)
    HAL_TIM_PeriodElapsedCallback            0x08002c41   Thumb Code   126  main.o(i.HAL_TIM_PeriodElapsedCallback)
    HAL_TIM_TriggerCallback                  0x08002cd5   Thumb Code     2  stm32f4xx_hal_tim.o(i.HAL_TIM_TriggerCallback)
    HAL_UARTEx_ReceiveToIdle_DMA             0x08002cd7   Thumb Code   114  stm32f4xx_hal_uart.o(i.HAL_UARTEx_ReceiveToIdle_DMA)
    HAL_UARTEx_RxEventCallback               0x08002d49   Thumb Code     2  stm32f4xx_hal_uart.o(i.HAL_UARTEx_RxEventCallback)
    HAL_UART_AbortReceive                    0x08002d4b   Thumb Code   196  stm32f4xx_hal_uart.o(i.HAL_UART_AbortReceive)
    HAL_UART_ErrorCallback                   0x08002e11   Thumb Code    80  usart.o(i.HAL_UART_ErrorCallback)
    HAL_UART_IRQHandler                      0x08002e79   Thumb Code   740  stm32f4xx_hal_uart.o(i.HAL_UART_IRQHandler)
    HAL_UART_Init                            0x08003161   Thumb Code   118  stm32f4xx_hal_uart.o(i.HAL_UART_Init)
    HAL_UART_MspInit                         0x080031d9   Thumb Code   784  usart.o(i.HAL_UART_MspInit)
    HAL_UART_Receive_IT                      0x08003525   Thumb Code    44  stm32f4xx_hal_uart.o(i.HAL_UART_Receive_IT)
    HAL_UART_RxCpltCallback                  0x08003551   Thumb Code   322  driver_usart.o(i.HAL_UART_RxCpltCallback)
    HAL_UART_RxHalfCpltCallback              0x080036c9   Thumb Code     2  stm32f4xx_hal_uart.o(i.HAL_UART_RxHalfCpltCallback)
    HAL_UART_Transmit                        0x080036cb   Thumb Code   190  stm32f4xx_hal_uart.o(i.HAL_UART_Transmit)
    HAL_UART_TxCpltCallback                  0x08003789   Thumb Code     2  stm32f4xx_hal_uart.o(i.HAL_UART_TxCpltCallback)
    HardFault_Handler                        0x0800378b   Thumb Code     4  stm32f4xx_it.o(i.HardFault_Handler)
    Kalmanfiter_Init                         0x08003791   Thumb Code    50  calculation.o(i.Kalmanfiter_Init)
    MX_CAN1_Init                             0x080037d1   Thumb Code    78  can.o(i.MX_CAN1_Init)
    MX_CAN2_Init                             0x08003829   Thumb Code    74  can.o(i.MX_CAN2_Init)
    MX_DMA_Init                              0x0800387d   Thumb Code    98  dma.o(i.MX_DMA_Init)
    MX_FREERTOS_Init                         0x080038e5   Thumb Code    60  freertos.o(i.MX_FREERTOS_Init)
    MX_GPIO_Init                             0x08003951   Thumb Code   510  gpio.o(i.MX_GPIO_Init)
    MX_TIM2_Init                             0x08003b6d   Thumb Code   104  tim.o(i.MX_TIM2_Init)
    MX_UART4_Init                            0x08003bd9   Thumb Code    46  usart.o(i.MX_UART4_Init)
    MX_USART1_UART_Init                      0x08003c11   Thumb Code    46  usart.o(i.MX_USART1_UART_Init)
    MX_USART2_UART_Init                      0x08003c49   Thumb Code    46  usart.o(i.MX_USART2_UART_Init)
    MX_USART3_UART_Init                      0x08003c81   Thumb Code    48  usart.o(i.MX_USART3_UART_Init)
    MX_USART6_UART_Init                      0x08003cb9   Thumb Code    46  usart.o(i.MX_USART6_UART_Init)
    MemManage_Handler                        0x08003cf1   Thumb Code     4  stm32f4xx_it.o(i.MemManage_Handler)
    MotorControl                             0x08003cf5   Thumb Code    98  freertos.o(i.MotorControl)
    MotorCtrl                                0x08003d6d   Thumb Code   318  motor.o(i.MotorCtrl)
    Move_Init                                0x08003ed1   Thumb Code   100  movebase.o(i.Move_Init)
    NMI_Handler                              0x08003f65   Thumb Code     4  stm32f4xx_it.o(i.NMI_Handler)
    PID_Compute                              0x08003f69   Thumb Code   388  new_pid.o(i.PID_Compute)
    PID_Init                                 0x080040f1   Thumb Code    86  new_pid.o(i.PID_Init)
    PID_parameter_init                       0x0800414d   Thumb Code    64  pid.o(i.PID_parameter_init)
    RobotMove                                0x08004191   Thumb Code    38  freertos.o(i.RobotMove)
    RobotState                               0x080041bd   Thumb Code    32  freertos.o(i.RobotState)
    StartDefaultTask                         0x080041e1   Thumb Code    12  freertos.o(i.StartDefaultTask)
    SysTick_Handler                          0x080041ed   Thumb Code    22  cmsis_os2.o(i.SysTick_Handler)
    SystemClock_Config                       0x08004205   Thumb Code   172  main.o(i.SystemClock_Config)
    SystemInit                               0x080042b9   Thumb Code    14  system_stm32f4xx.o(i.SystemInit)
    TIM2_IRQHandler                          0x080042cd   Thumb Code    10  stm32f4xx_it.o(i.TIM2_IRQHandler)
    TIM3_IRQHandler                          0x080042dd   Thumb Code    10  stm32f4xx_it.o(i.TIM3_IRQHandler)
    TIM_Base_SetConfig                       0x080042ed   Thumb Code   186  stm32f4xx_hal_tim.o(i.TIM_Base_SetConfig)
    TIM_ETR_SetConfig                        0x080043d5   Thumb Code    22  stm32f4xx_hal_tim.o(i.TIM_ETR_SetConfig)
    UART_Start_Receive_DMA                   0x08004961   Thumb Code   186  stm32f4xx_hal_uart.o(i.UART_Start_Receive_DMA)
    UART_Start_Receive_IT                    0x08004a29   Thumb Code    64  stm32f4xx_hal_uart.o(i.UART_Start_Receive_IT)
    USART1_IRQHandler                        0x08004b55   Thumb Code    10  stm32f4xx_it.o(i.USART1_IRQHandler)
    USART2_IRQHandler                        0x08004b65   Thumb Code    10  stm32f4xx_it.o(i.USART2_IRQHandler)
    USART3_IRQHandler                        0x08004b75   Thumb Code    10  stm32f4xx_it.o(i.USART3_IRQHandler)
    Update_Action_gl_position                0x08004b85   Thumb Code   226  hardware.o(i.Update_Action_gl_position)
    UsageFault_Handler                       0x08004c79   Thumb Code     4  stm32f4xx_it.o(i.UsageFault_Handler)
    SimpleTask::taskFunction()               0x08004c7d   Thumb Code    18  simple_task.o(i._ZN10SimpleTask12taskFunctionEv)
    SimpleTask::taskEntry(void*)             0x08004c8f   Thumb Code    10  simple_task.o(i._ZN10SimpleTask9taskEntryEPv)
    SimpleTask::SimpleTask(const char*, unsigned short, unsigned long, unsigned) 0x08004c99   Thumb Code    60  simple_task.o(i._ZN10SimpleTaskC1EPKctmj)
    SimpleTask::SimpleTask__sub_object(const char*, unsigned short, unsigned long, unsigned) 0x08004c99   Thumb Code     0  simple_task.o(i._ZN10SimpleTaskC1EPKctmj)
    SimpleTask::~SimpleTask()                0x08004cd9   Thumb Code    18  simple_task.o(i._ZN10SimpleTaskD1Ev)
    SimpleTask::~SimpleTask__sub_object()    0x08004cd9   Thumb Code     0  simple_task.o(i._ZN10SimpleTaskD1Ev)
    __ARM_fpclassify                         0x08004ceb   Thumb Code    48  fpclassify.o(i.__ARM_fpclassify)
    __hardfp_cos                             0x08004d61   Thumb Code   180  cos.o(i.__hardfp_cos)
    __hardfp_sin                             0x08004e29   Thumb Code   180  sin.o(i.__hardfp_sin)
    __ieee754_rem_pio2                       0x08004ef1   Thumb Code   938  rred.o(i.__ieee754_rem_pio2)
    __kernel_cos                             0x08005329   Thumb Code   322  cos_i.o(i.__kernel_cos)
    __kernel_poly                            0x08005499   Thumb Code   248  poly.o(i.__kernel_poly)
    __kernel_sin                             0x08005591   Thumb Code   280  sin_i.o(i.__kernel_sin)
    __mathlib_dbl_infnan                     0x080056c1   Thumb Code    20  dunder.o(i.__mathlib_dbl_infnan)
    __mathlib_dbl_invalid                    0x080056d9   Thumb Code    24  dunder.o(i.__mathlib_dbl_invalid)
    __mathlib_dbl_underflow                  0x080056f9   Thumb Code    24  dunder.o(i.__mathlib_dbl_underflow)
    action_relocate                          0x08005775   Thumb Code    28  hardware.o(i.action_relocate)
    chassis_m3508_send_motor_currents        0x08005799   Thumb Code   232  motor.o(i.chassis_m3508_send_motor_currents)
    create_tasks                             0x0800589d   Thumb Code     8  simple_task.o(i.create_tasks)
    detectButtonEdge                         0x080058a5   Thumb Code    28  serial_to_esp32.o(i.detectButtonEdge)
    detectButtonEdgeD                        0x080058c1   Thumb Code    28  serial_to_esp32.o(i.detectButtonEdgeD)
    detectButtonEdgeI                        0x080058e1   Thumb Code    28  serial_to_esp32.o(i.detectButtonEdgeI)
    detectButtonEdgeRb                       0x08005901   Thumb Code    40  serial_to_esp32.o(i.detectButtonEdgeRb)
    fabs                                     0x08005931   Thumb Code    24  fabs.o(i.fabs)
    handle_serial_data_esp32                 0x08005949   Thumb Code   270  serial_to_esp32.o(i.handle_serial_data_esp32)
    handle_serial_data_mat                   0x08005a6d   Thumb Code   290  serial_to_matlab.o(i.handle_serial_data_mat)
    m3508_Init                               0x08005ba1   Thumb Code   494  motor.o(i.m3508_Init)
    m3508_update_info                        0x08005e41   Thumb Code   310  motor.o(i.m3508_update_info)
    main                                     0x08005f7d   Thumb Code    98  main.o(i.main)
    osKernelInitialize                       0x08005fed   Thumb Code    38  cmsis_os2.o(i.osKernelInitialize)
    osKernelStart                            0x08006019   Thumb Code    82  cmsis_os2.o(i.osKernelStart)
    osThreadNew                              0x08006079   Thumb Code   184  cmsis_os2.o(i.osThreadNew)
    parseXboxData                            0x08006131   Thumb Code   254  serial_to_esp32.o(i.parseXboxData)
    pvPortMalloc                             0x08006c55   Thumb Code   306  heap_4.o(i.pvPortMalloc)
    pxPortInitialiseStack                    0x08006da1   Thumb Code    38  port.o(i.pxPortInitialiseStack)
    rcurrent_to_vcurrent                     0x08006dcd   Thumb Code    28  motor.o(i.rcurrent_to_vcurrent)
    reduce_jitter                            0x08006df1   Thumb Code    50  hardware.o(i.reduce_jitter)
    ring_buffer_init                         0x08006e29   Thumb Code    12  ring_buffer.o(i.ring_buffer_init)
    robot_speed_control                      0x08006e35   Thumb Code    26  motor.o(i.robot_speed_control)
    robot_tf                                 0x08006e5d   Thumb Code   414  calculation.o(i.robot_tf)
    send_serial_frame_mat                    0x08007025   Thumb Code   198  serial_to_matlab.o(i.send_serial_frame_mat)
    shoot_motor_update                       0x080070f1   Thumb Code   310  motor.o(i.shoot_motor_update)
    uxListRemove                             0x0800722d   Thumb Code    40  list.o(i.uxListRemove)
    vApplicationGetIdleTaskMemory            0x08007255   Thumb Code    14  cmsis_os2.o(i.vApplicationGetIdleTaskMemory)
    vApplicationGetTimerTaskMemory           0x0800726d   Thumb Code    16  cmsis_os2.o(i.vApplicationGetTimerTaskMemory)
    vListInitialise                          0x08007285   Thumb Code    26  list.o(i.vListInitialise)
    vListInitialiseItem                      0x0800729f   Thumb Code     6  list.o(i.vListInitialiseItem)
    vListInsert                              0x080072a5   Thumb Code    52  list.o(i.vListInsert)
    vListInsertEnd                           0x080072d9   Thumb Code    24  list.o(i.vListInsertEnd)
    vPortEnterCritical                       0x080072f1   Thumb Code    76  port.o(i.vPortEnterCritical)
    vPortExitCritical                        0x08007345   Thumb Code    56  port.o(i.vPortExitCritical)
    vPortFree                                0x08007381   Thumb Code   150  heap_4.o(i.vPortFree)
    vPortSetupTimerInterrupt                 0x08007425   Thumb Code    36  port.o(i.vPortSetupTimerInterrupt)
    vPortValidateInterruptPriority           0x0800744d   Thumb Code   106  port.o(i.vPortValidateInterruptPriority)
    vQueueAddToRegistry                      0x080074c5   Thumb Code    38  queue.o(i.vQueueAddToRegistry)
    vQueueWaitForMessageRestricted           0x080074f1   Thumb Code    74  queue.o(i.vQueueWaitForMessageRestricted)
    vTaskDelay                               0x0800753d   Thumb Code    82  tasks.o(i.vTaskDelay)
    vTaskDelete                              0x08007599   Thumb Code   168  tasks.o(i.vTaskDelete)
    vTaskInternalSetTimeOutState             0x08007661   Thumb Code    14  tasks.o(i.vTaskInternalSetTimeOutState)
    vTaskMissedYield                         0x08007679   Thumb Code     8  tasks.o(i.vTaskMissedYield)
    vTaskPlaceOnEventList                    0x08007685   Thumb Code    52  tasks.o(i.vTaskPlaceOnEventList)
    vTaskPlaceOnEventListRestricted          0x080076bd   Thumb Code    60  tasks.o(i.vTaskPlaceOnEventListRestricted)
    vTaskStartScheduler                      0x080076fd   Thumb Code   156  tasks.o(i.vTaskStartScheduler)
    vTaskSuspendAll                          0x080077b5   Thumb Code    12  tasks.o(i.vTaskSuspendAll)
    vTaskSwitchContext                       0x080077c5   Thumb Code   122  tasks.o(i.vTaskSwitchContext)
    v_to_rpm                                 0x08007855   Thumb Code   104  calculation.o(i.v_to_rpm)
    world_tf                                 0x080078dd   Thumb Code   356  calculation.o(i.world_tf)
    xPortStartScheduler                      0x08007a49   Thumb Code   330  port.o(i.xPortStartScheduler)
    xPortSysTickHandler                      0x08007bb1   Thumb Code    46  port.o(i.xPortSysTickHandler)
    xQueueGenericCreate                      0x08007be5   Thumb Code    90  queue.o(i.xQueueGenericCreate)
    xQueueGenericCreateStatic                0x08007c3f   Thumb Code   224  queue.o(i.xQueueGenericCreateStatic)
    xQueueGenericReset                       0x08007d21   Thumb Code   146  queue.o(i.xQueueGenericReset)
    xQueueGenericSend                        0x08007db9   Thumb Code   420  queue.o(i.xQueueGenericSend)
    xQueueGenericSendFromISR                 0x08007f61   Thumb Code   252  queue.o(i.xQueueGenericSendFromISR)
    xQueueReceive                            0x0800805d   Thumb Code   356  queue.o(i.xQueueReceive)
    xTaskCheckForTimeOut                     0x080081c5   Thumb Code   132  tasks.o(i.xTaskCheckForTimeOut)
    xTaskCreate                              0x08008251   Thumb Code   100  tasks.o(i.xTaskCreate)
    xTaskCreateStatic                        0x080082b5   Thumb Code   186  tasks.o(i.xTaskCreateStatic)
    xTaskGetSchedulerState                   0x08008371   Thumb Code    24  tasks.o(i.xTaskGetSchedulerState)
    xTaskGetTickCount                        0x08008391   Thumb Code     6  tasks.o(i.xTaskGetTickCount)
    xTaskIncrementTick                       0x0800839d   Thumb Code   280  tasks.o(i.xTaskIncrementTick)
    xTaskPriorityDisinherit                  0x080084e1   Thumb Code   152  tasks.o(i.xTaskPriorityDisinherit)
    xTaskRemoveFromEventList                 0x08008585   Thumb Code   126  tasks.o(i.xTaskRemoveFromEventList)
    xTaskResumeAll                           0x0800861d   Thumb Code   222  tasks.o(i.xTaskResumeAll)
    xTimerCreateTimerTask                    0x08008721   Thumb Code   100  timers.o(i.xTimerCreateTimerTask)
    xTimerGenericCommand                     0x08008799   Thumb Code   128  timers.o(i.xTimerGenericCommand)
    xbox_remote_control                      0x0800881d   Thumb Code  1148  serial_to_esp32.o(i.xbox_remote_control)
    __aeabi_dneg                             0x08008c9d   Thumb Code     0  basic.o(x$fpl$basic)
    _dneg                                    0x08008c9d   Thumb Code     6  basic.o(x$fpl$basic)
    __aeabi_fneg                             0x08008ca3   Thumb Code     0  basic.o(x$fpl$basic)
    _fneg                                    0x08008ca3   Thumb Code     6  basic.o(x$fpl$basic)
    _dabs                                    0x08008ca9   Thumb Code     6  basic.o(x$fpl$basic)
    _fabs                                    0x08008caf   Thumb Code     6  basic.o(x$fpl$basic)
    __aeabi_d2f                              0x08008cb5   Thumb Code     0  d2f.o(x$fpl$d2f)
    _d2f                                     0x08008cb5   Thumb Code    98  d2f.o(x$fpl$d2f)
    __aeabi_dadd                             0x08008d19   Thumb Code     0  daddsub_clz.o(x$fpl$dadd)
    _dadd                                    0x08008d19   Thumb Code   332  daddsub_clz.o(x$fpl$dadd)
    __aeabi_ddiv                             0x08008e69   Thumb Code     0  ddiv.o(x$fpl$ddiv)
    _ddiv                                    0x08008e69   Thumb Code   552  ddiv.o(x$fpl$ddiv)
    __aeabi_d2iz                             0x08009119   Thumb Code     0  dfix.o(x$fpl$dfix)
    _dfix                                    0x08009119   Thumb Code    94  dfix.o(x$fpl$dfix)
    __aeabi_i2d                              0x08009177   Thumb Code     0  dflt_clz.o(x$fpl$dflt)
    _dflt                                    0x08009177   Thumb Code    46  dflt_clz.o(x$fpl$dflt)
    __aeabi_ui2d                             0x080091a5   Thumb Code     0  dflt_clz.o(x$fpl$dfltu)
    _dfltu                                   0x080091a5   Thumb Code    38  dflt_clz.o(x$fpl$dfltu)
    __aeabi_dmul                             0x080091cd   Thumb Code     0  dmul.o(x$fpl$dmul)
    _dmul                                    0x080091cd   Thumb Code   332  dmul.o(x$fpl$dmul)
    __fpl_dnaninf                            0x08009321   Thumb Code   156  dnaninf.o(x$fpl$dnaninf)
    __fpl_dretinf                            0x080093bd   Thumb Code    12  dretinf.o(x$fpl$dretinf)
    __aeabi_drsub                            0x080093c9   Thumb Code     0  daddsub_clz.o(x$fpl$drsb)
    _drsb                                    0x080093c9   Thumb Code    22  daddsub_clz.o(x$fpl$drsb)
    __aeabi_dsub                             0x080093e1   Thumb Code     0  daddsub_clz.o(x$fpl$dsub)
    _dsub                                    0x080093e1   Thumb Code   464  daddsub_clz.o(x$fpl$dsub)
    __aeabi_f2d                              0x080095b5   Thumb Code     0  f2d.o(x$fpl$f2d)
    _f2d                                     0x080095b5   Thumb Code    86  f2d.o(x$fpl$f2d)
    __fpl_fnaninf                            0x0800960b   Thumb Code   140  fnaninf.o(x$fpl$fnaninf)
    _fp_init                                 0x08009697   Thumb Code    10  fpinit.o(x$fpl$fpinit)
    __fplib_config_fpu_vfp                   0x0800969f   Thumb Code     0  fpinit.o(x$fpl$fpinit)
    __fplib_config_pureend_doubles           0x0800969f   Thumb Code     0  fpinit.o(x$fpl$fpinit)
    __fpl_fretinf                            0x080096a1   Thumb Code    10  fretinf.o(x$fpl$fretinf)
    __I$use$fp                               0x080096aa   Number         0  usenofp.o(x$fpl$usenofp)
    defaultTask_attributes                   0x080096ac   Data          36  freertos.o(.constdata)
    motor_control_attributes                 0x080096d0   Data          36  freertos.o(.constdata)
    robot_state_attributes                   0x080096f4   Data          36  freertos.o(.constdata)
    robot_move_attributes                    0x08009718   Data          36  freertos.o(.constdata)
    uartRXTask_attributes                    0x0800973c   Data          36  freertos.o(.constdata)
    AHBPrescTable                            0x08009768   Data          16  system_stm32f4xx.o(.constdata)
    APBPrescTable                            0x08009778   Data           8  system_stm32f4xx.o(.constdata)
    Region$$Table$$Base                      0x08009bdc   Number         0  anon$$obj.o(Region$$Table)
    Region$$Table$$Limit                     0x08009bfc   Number         0  anon$$obj.o(Region$$Table)
    SHT$$INIT_ARRAY$$Base                    0x08009bfc   Number         0  simple_task.o(.init_array)
    SHT$$INIT_ARRAY$$Limit                   0x08009c00   Number         0  init_aeabi.o(.init_array)
    Set_TARGET_POS                           0x20000004   Data           4  main.o(.data)
    Set_TARGET_RPM                           0x20000008   Data           4  main.o(.data)
    Set_target_current                       0x2000000c   Data           4  main.o(.data)
    RxBuffer_for4                            0x20000010   Data           1  main.o(.data)
    test                                     0x20000018   Data           4  freertos.o(.data)
    c                                        0x2000001c   Data           4  freertos.o(.data)
    d                                        0x20000020   Data           4  freertos.o(.data)
    Laser_Flag                               0x20000025   Data           1  freertos.o(.data)
    defaultTaskHandle                        0x20000028   Data           4  freertos.o(.data)
    motor_controlHandle                      0x2000002c   Data           4  freertos.o(.data)
    robot_stateHandle                        0x20000030   Data           4  freertos.o(.data)
    robot_moveHandle                         0x20000034   Data           4  freertos.o(.data)
    uartRXTaskHandle                         0x20000038   Data           4  freertos.o(.data)
    RxData                                   0x2000003c   Data           8  can.o(.data)
    RxData2                                  0x20000044   Data           8  can.o(.data)
    Rx_Flag                                  0x2000004c   Data           4  can.o(.data)
    uwTick                                   0x20000054   Data           4  stm32f4xx_hal.o(.data)
    uwTickPrio                               0x20000058   Data           4  stm32f4xx_hal.o(.data)
    uwTickFreq                               0x2000005c   Data           1  stm32f4xx_hal.o(.data)
    SystemCoreClock                          0x20000060   Data           4  system_stm32f4xx.o(.data)
    pos_x                                    0x20000068   Data           4  driver_usart.o(.data)
    pos_y                                    0x2000006c   Data           4  driver_usart.o(.data)
    zangle                                   0x20000070   Data           4  driver_usart.o(.data)
    xangle                                   0x20000074   Data           4  driver_usart.o(.data)
    yangle                                   0x20000078   Data           4  driver_usart.o(.data)
    w_z                                      0x2000007c   Data           4  driver_usart.o(.data)
    xx                                       0x20000080   Data           4  driver_usart.o(.data)
    yy                                       0x20000084   Data           4  driver_usart.o(.data)
    Action_State                             0x20000088   Data           4  driver_usart.o(.data)
    uartQueue                                0x2000008c   Data           4  driver_usart.o(.data)
    rx_buffer1                               0x20000090   Data           1  driver_usart.o(.data)
    rx_buffer2                               0x20000091   Data           1  driver_usart.o(.data)
    send_buf1                                0x20000098   Data           8  motor.o(.data)
    error_flag                               0x200000a0   Data           1  motor.o(.data)
    send_buf2                                0x200000a1   Data           8  motor.o(.data)
    itemp                                    0x200000ac   Data           4  motor.o(.data)
    RxBuffer                                 0x200000b0   Data           1  pid_adjust.o(.data)
    RxLine                                   0x200000b2   Data           2  pid_adjust.o(.data)
    Time_Sys                                 0x200000b8   Data           8  hardware.o(.data)
    Microsecond_Cnt                          0x200000c0   Data           2  hardware.o(.data)
    ppm_update_flag                          0x200000c2   Data           1  hardware.o(.data)
    now_ppm_time_send                        0x200000c4   Data           4  hardware.o(.data)
    TIME_ISR_CNT                             0x200000c8   Data           4  hardware.o(.data)
    LAST_TIME_ISR_CNT                        0x200000cc   Data           4  hardware.o(.data)
    shoot_flag                               0x200000d0   Data           1  hardware.o(.data)
    ID                                       0x200000d4   Data           4  hardware.o(.data)
    Head                                     0x200000d8   Data           8  hardware.o(.data)
    count                                    0x200000e0   Data           2  hardware.o(.data)
    Refer_ID                                 0x200000e2   Data           1  hardware.o(.data)
    Refer1                                   0x200000e3   Data           1  hardware.o(.data)
    Refer2                                   0x200000e4   Data           1  hardware.o(.data)
    count2                                   0x200000e6   Data           2  hardware.o(.data)
    Refer_ID2                                0x200000e8   Data           1  hardware.o(.data)
    Refer3                                   0x200000e9   Data           1  hardware.o(.data)
    Refer4                                   0x200000ea   Data           1  hardware.o(.data)
    BallPoint                                0x200000ec   Data           4  hardware.o(.data)
    MAX_ROBOT_SPEED_Y                        0x20000100   Data           4  serial_to_esp32.o(.data)
    MAX_ROBOT_SPEED_X                        0x20000104   Data           4  serial_to_esp32.o(.data)
    locking_heading                          0x20000108   Data           4  serial_to_esp32.o(.data)
    MAX_ROBOT_SPEED_W                        0x2000010c   Data           4  serial_to_esp32.o(.data)
    catch_ball_flag                          0x20000110   Data           4  serial_to_esp32.o(.data)
    world_robot_flag                         0x20000114   Data           4  serial_to_esp32.o(.data)
    robot_stop_flag                          0x20000118   Data           4  serial_to_esp32.o(.data)
    speed_level                              0x2000011c   Data           1  serial_to_esp32.o(.data)
    head_locking_flag                        0x20000120   Data           4  serial_to_esp32.o(.data)
    pxCurrentTCB                             0x20000124   Data           4  tasks.o(.data)
    test_buffer                              0x200001b8   Data        1032  main.o(.bss)
    DataBuff_for4                            0x200005c0   Data         200  main.o(.bss)
    test_msgss                               0x2000069c   Data          32  freertos.o(.bss)
    TxHeader                                 0x200006d0   Data          24  can.o(.bss)
    hcan1                                    0x200006e8   Data          40  can.o(.bss)
    hcan2                                    0x20000710   Data          40  can.o(.bss)
    htim2                                    0x20000738   Data          72  tim.o(.bss)
    huart4                                   0x20000794   Data          72  usart.o(.bss)
    huart1                                   0x200007dc   Data          72  usart.o(.bss)
    huart2                                   0x20000824   Data          72  usart.o(.bss)
    huart3                                   0x2000086c   Data          72  usart.o(.bss)
    huart6                                   0x200008b4   Data          72  usart.o(.bss)
    hdma_usart2_rx                           0x200008fc   Data          96  usart.o(.bss)
    hdma_usart6_rx                           0x2000095c   Data          96  usart.o(.bss)
    htim3                                    0x200009bc   Data          72  stm32f4xx_hal_timebase_tim.o(.bss)
    Usart2                                   0x20000a18   Data         220  driver_usart.o(.bss)
    Usart6                                   0x20000af4   Data         220  driver_usart.o(.bss)
    USART2_Rx_buf                            0x20000bd0   Data          12  driver_usart.o(.bss)
    USART6_Rx_buf                            0x20000bdc   Data          12  driver_usart.o(.bss)
    MOTOR_REAL_INFO                          0x20000c14   Data         544  motor.o(.bss)
    SHOOT_MOTOR_INFO                         0x20000e34   Data         544  motor.o(.bss)
    MOTOR_PID_RPM                            0x20001054   Data         448  motor.o(.bss)
    MOTOR_PID_POS                            0x20001214   Data         448  motor.o(.bss)
    MOTOR_TARGET_RPM                         0x200013d4   Data          12  motor.o(.bss)
    MOTOR_TARGET_POS                         0x200013e0   Data          12  motor.o(.bss)
    motorleft_r                              0x200013ec   Data          60  motor.o(.bss)
    motorright_r                             0x20001428   Data          60  motor.o(.bss)
    motorfront_r                             0x20001464   Data          60  motor.o(.bss)
    shoot_down_left                          0x200014a0   Data          60  motor.o(.bss)
    shoot_down_right                         0x200014dc   Data          60  motor.o(.bss)
    shoot_up_left                            0x20001518   Data          60  motor.o(.bss)
    shoot_up_right                           0x20001554   Data          60  motor.o(.bss)
    heading_lock                             0x20001590   Data          60  motor.o(.bss)
    Kalman_LaserX                            0x200015e0   Data          24  calculation.o(.bss)
    Kalman_LaserY                            0x200015f8   Data          24  calculation.o(.bss)
    Device                                   0x20001624   Data          20  hardware.o(.bss)
    ACTION_GL_POS_INFO                       0x20001638   Data          60  hardware.o(.bss)
    Robot_Chassis                            0x20001674   Data          52  hardware.o(.bss)
    ROBOT_REAL_POS_INFO                      0x200016a8   Data          52  hardware.o(.bss)
    ROBOT_REAL_POS_DATA                      0x200016dc   Data          20  hardware.o(.bss)
    PPM_buf                                  0x200016f0   Data          20  hardware.o(.bss)
    Laser_Real_Data                          0x20001704   Data          12  hardware.o(.bss)
    Laser1                                   0x20001710   Data           9  hardware.o(.bss)
    Laser2                                   0x20001719   Data           9  hardware.o(.bss)
    point_traker_x_pid                       0x20001738   Data          56  movebase.o(.bss)
    point_traker_y_pid                       0x20001770   Data          56  movebase.o(.bss)
    point_traker_yaw_pid                     0x200017a8   Data          56  movebase.o(.bss)
    point_pid                                0x200017e0   Data          56  movebase.o(.bss)
    yaw_pid                                  0x20001818   Data          56  movebase.o(.bss)
    laser_take_pid                           0x20001850   Data          56  movebase.o(.bss)
    laser_shoot_pid                          0x20001888   Data          56  movebase.o(.bss)
    now_path_point                           0x200018c0   Data          24  movebase.o(.bss)
    tx_frame_mat                             0x200018d8   Data          76  serial_to_matlab.o(.bss)
    rx_frame_mat                             0x20001924   Data          76  serial_to_matlab.o(.bss)
    tx_frame_esp32                           0x200019c4   Data          38  serial_to_esp32.o(.bss)
    rx_frame_esp32                           0x200019ea   Data          38  serial_to_esp32.o(.bss)
    xbox_msgs                                0x20001a10   Data          68  serial_to_esp32.o(.bss)
    xQueueRegistry                           0x20001ac4   Data          64  queue.o(.bss)
    task1                                    0x20006398   Data          24  simple_task.o(.bss)
    task2                                    0x200063b0   Data          24  simple_task.o(.bss)
    __libspace_start                         0x200063c8   Data          96  libspace.o(.bss)
    __temporary_stack_top$libspace           0x20006428   Data           0  libspace.o(.bss)



==============================================================================

Memory Map of the image

  Image Entry point : 0x08000189

  Load Region LR_IROM1 (Base: 0x08000000, Size: 0x00009da4, Max: 0x00100000, ABSOLUTE, COMPRESSED[0x00009c2c])

    Execution Region ER_IROM1 (Exec base: 0x08000000, Load base: 0x08000000, Size: 0x00009c00, Max: 0x00100000, ABSOLUTE)

    Exec Addr    Load Addr    Size         Type   Attr      Idx    E Section Name        Object

    0x08000000   0x08000000   0x00000188   Data   RO            3    RESET               startup_stm32f407xx.o
    0x08000188   0x08000188   0x00000008   Code   RO         6652  * !!!main             c_w.l(__main.o)
    0x08000190   0x08000190   0x00000034   Code   RO         7103    !!!scatter          c_w.l(__scatter.o)
    0x080001c4   0x080001c4   0x0000003a   Code   RO         7101    !!dczerorl          c_w.l(__dczerorl.o)
    0x080001fe   0x080001fe   0x00000002   PAD
    0x08000200   0x08000200   0x0000001c   Code   RO         7105    !!handler_zi        c_w.l(__scatter_zi.o)
    0x0800021c   0x0800021c   0x00000002   Code   RO         7048    .ARM.Collect$$libinit$$00000000  c_w.l(libinit.o)
    0x0800021e   0x0800021e   0x00000004   Code   RO         6777    .ARM.Collect$$libinit$$00000001  c_w.l(libinit2.o)
    0x08000222   0x08000222   0x00000000   Code   RO         6780    .ARM.Collect$$libinit$$00000004  c_w.l(libinit2.o)
    0x08000222   0x08000222   0x00000008   Code   RO         6781    .ARM.Collect$$libinit$$00000005  c_w.l(libinit2.o)
    0x0800022a   0x0800022a   0x00000000   Code   RO         6783    .ARM.Collect$$libinit$$0000000A  c_w.l(libinit2.o)
    0x0800022a   0x0800022a   0x00000000   Code   RO         6785    .ARM.Collect$$libinit$$0000000C  c_w.l(libinit2.o)
    0x0800022a   0x0800022a   0x00000000   Code   RO         6787    .ARM.Collect$$libinit$$0000000E  c_w.l(libinit2.o)
    0x0800022a   0x0800022a   0x00000000   Code   RO         6790    .ARM.Collect$$libinit$$00000011  c_w.l(libinit2.o)
    0x0800022a   0x0800022a   0x00000000   Code   RO         6792    .ARM.Collect$$libinit$$00000013  c_w.l(libinit2.o)
    0x0800022a   0x0800022a   0x00000000   Code   RO         6794    .ARM.Collect$$libinit$$00000015  c_w.l(libinit2.o)
    0x0800022a   0x0800022a   0x00000000   Code   RO         6796    .ARM.Collect$$libinit$$00000017  c_w.l(libinit2.o)
    0x0800022a   0x0800022a   0x00000000   Code   RO         6798    .ARM.Collect$$libinit$$00000019  c_w.l(libinit2.o)
    0x0800022a   0x0800022a   0x00000000   Code   RO         6800    .ARM.Collect$$libinit$$0000001B  c_w.l(libinit2.o)
    0x0800022a   0x0800022a   0x00000000   Code   RO         6802    .ARM.Collect$$libinit$$0000001D  c_w.l(libinit2.o)
    0x0800022a   0x0800022a   0x00000000   Code   RO         6804    .ARM.Collect$$libinit$$0000001F  c_w.l(libinit2.o)
    0x0800022a   0x0800022a   0x00000000   Code   RO         6806    .ARM.Collect$$libinit$$00000021  c_w.l(libinit2.o)
    0x0800022a   0x0800022a   0x00000000   Code   RO         6808    .ARM.Collect$$libinit$$00000023  c_w.l(libinit2.o)
    0x0800022a   0x0800022a   0x00000000   Code   RO         6810    .ARM.Collect$$libinit$$00000025  c_w.l(libinit2.o)
    0x0800022a   0x0800022a   0x00000000   Code   RO         6814    .ARM.Collect$$libinit$$0000002C  c_w.l(libinit2.o)
    0x0800022a   0x0800022a   0x00000000   Code   RO         6816    .ARM.Collect$$libinit$$0000002E  c_w.l(libinit2.o)
    0x0800022a   0x0800022a   0x00000000   Code   RO         6818    .ARM.Collect$$libinit$$00000030  c_w.l(libinit2.o)
    0x0800022a   0x0800022a   0x00000004   Code   RO         6819    .ARM.Collect$$libinit$$00000031  c_w.l(libinit2.o)
    0x0800022e   0x0800022e   0x00000000   Code   RO         6820    .ARM.Collect$$libinit$$00000032  c_w.l(libinit2.o)
    0x0800022e   0x0800022e   0x00000002   Code   RO         6821    .ARM.Collect$$libinit$$00000033  c_w.l(libinit2.o)
    0x08000230   0x08000230   0x00000002   Code   RO         7098    .ARM.Collect$$libshutdown$$00000000  c_w.l(libshutdown.o)
    0x08000232   0x08000232   0x00000000   Code   RO         6955    .ARM.Collect$$libshutdown$$00000002  c_w.l(libshutdown2.o)
    0x08000232   0x08000232   0x00000006   Code   RO         6956    .ARM.Collect$$libshutdown$$00000003  c_w.l(libshutdown2.o)
    0x08000238   0x08000238   0x00000000   Code   RO         6957    .ARM.Collect$$libshutdown$$00000004  c_w.l(libshutdown2.o)
    0x08000238   0x08000238   0x00000000   Code   RO         6959    .ARM.Collect$$libshutdown$$00000006  c_w.l(libshutdown2.o)
    0x08000238   0x08000238   0x00000000   Code   RO         6962    .ARM.Collect$$libshutdown$$00000009  c_w.l(libshutdown2.o)
    0x08000238   0x08000238   0x00000000   Code   RO         6965    .ARM.Collect$$libshutdown$$0000000C  c_w.l(libshutdown2.o)
    0x08000238   0x08000238   0x00000000   Code   RO         6967    .ARM.Collect$$libshutdown$$0000000E  c_w.l(libshutdown2.o)
    0x08000238   0x08000238   0x00000000   Code   RO         6970    .ARM.Collect$$libshutdown$$00000011  c_w.l(libshutdown2.o)
    0x08000238   0x08000238   0x00000002   Code   RO         6971    .ARM.Collect$$libshutdown$$00000012  c_w.l(libshutdown2.o)
    0x0800023a   0x0800023a   0x00000000   Code   RO         6722    .ARM.Collect$$rtentry$$00000000  c_w.l(__rtentry.o)
    0x0800023a   0x0800023a   0x00000000   Code   RO         6869    .ARM.Collect$$rtentry$$00000002  c_w.l(__rtentry2.o)
    0x0800023a   0x0800023a   0x00000006   Code   RO         6881    .ARM.Collect$$rtentry$$00000004  c_w.l(__rtentry4.o)
    0x08000240   0x08000240   0x00000000   Code   RO         6871    .ARM.Collect$$rtentry$$00000009  c_w.l(__rtentry2.o)
    0x08000240   0x08000240   0x00000004   Code   RO         6872    .ARM.Collect$$rtentry$$0000000A  c_w.l(__rtentry2.o)
    0x08000244   0x08000244   0x00000000   Code   RO         6874    .ARM.Collect$$rtentry$$0000000C  c_w.l(__rtentry2.o)
    0x08000244   0x08000244   0x00000008   Code   RO         6875    .ARM.Collect$$rtentry$$0000000D  c_w.l(__rtentry2.o)
    0x0800024c   0x0800024c   0x00000002   Code   RO         7051    .ARM.Collect$$rtexit$$00000000  c_w.l(rtexit.o)
    0x0800024e   0x0800024e   0x00000000   Code   RO         7074    .ARM.Collect$$rtexit$$00000002  c_w.l(rtexit2.o)
    0x0800024e   0x0800024e   0x00000004   Code   RO         7075    .ARM.Collect$$rtexit$$00000003  c_w.l(rtexit2.o)
    0x08000252   0x08000252   0x00000006   Code   RO         7076    .ARM.Collect$$rtexit$$00000004  c_w.l(rtexit2.o)
    0x08000258   0x08000258   0x000000be   Code   RO         6371    .emb_text           port.o
    0x08000316   0x08000316   0x00000002   PAD
    0x08000318   0x08000318   0x00000000   Code   RO         6897    .emb_text           c_w.l(maybetermalloc1.o)
    0x08000318   0x08000318   0x00000040   Code   RO            4    .text               startup_stm32f407xx.o
    0x08000358   0x08000358   0x0000005e   Code   RO         6546    .text               c_w.l(h1_alloc.o)
    0x080003b6   0x080003b6   0x0000004e   Code   RO         6548    .text               c_w.l(h1_free.o)
    0x08000404   0x08000404   0x000000ee   Code   RO         6604    .text               c_w.l(lludivv7m.o)
    0x080004f2   0x080004f2   0x0000002e   Code   RO         6637    .text               c_w.l(aeabi_atexit.o)
    0x08000520   0x08000520   0x0000008a   Code   RO         6640    .text               c_w.l(rt_memcpy_v6.o)
    0x080005aa   0x080005aa   0x00000064   Code   RO         6642    .text               c_w.l(rt_memcpy_w.o)
    0x0800060e   0x0800060e   0x00000010   Code   RO         6646    .text               c_w.l(aeabi_memset.o)
    0x0800061e   0x0800061e   0x0000004e   Code   RO         6648    .text               c_w.l(rt_memclr_w.o)
    0x0800066c   0x0800066c   0x00000006   Code   RO         6650    .text               c_w.l(heapauxi.o)
    0x08000672   0x08000672   0x00000002   PAD
    0x08000674   0x08000674   0x00000024   Code   RO         6657    .text               c_w.l(init_aeabi.o)
    0x08000698   0x08000698   0x00000008   Code   RO         6730    .text               c_w.l(rt_heap_descriptor_intlibspace.o)
    0x080006a0   0x080006a0   0x00000008   Code   RO         6735    .text               c_w.l(rt_ddtor_pointer_addr_intlibspace.o)
    0x080006a8   0x080006a8   0x00000004   Code   RO         6737    .text               c_w.l(hguard.o)
    0x080006ac   0x080006ac   0x0000008a   Code   RO         6739    .text               c_w.l(init_alloc.o)
    0x08000736   0x08000736   0x0000000e   Code   RO         6743    .text               c_w.l(h1_init.o)
    0x08000744   0x08000744   0x00000016   Code   RO         6757    .text               c_w.l(_rserrno.o)
    0x0800075a   0x0800075a   0x00000042   Code   RO         6770    .text               c_w.l(cxa_finalize.o)
    0x0800079c   0x0800079c   0x00000044   Code   RO         6773    .text               c_w.l(rt_memclr.o)
    0x080007e0   0x080007e0   0x00000008   Code   RO         6865    .text               c_w.l(libspace.o)
    0x080007e8   0x080007e8   0x00000008   Code   RO         6893    .text               c_w.l(rt_errno_addr_intlibspace.o)
    0x080007f0   0x080007f0   0x00000034   Code   RO         6899    .text               c_w.l(h1_extend.o)
    0x08000824   0x08000824   0x0000000e   Code   RO         6945    .text               c_w.l(defsig_rtmem_outer.o)
    0x08000832   0x08000832   0x00000002   Code   RO         7001    .text               c_w.l(use_no_semi.o)
    0x08000834   0x08000834   0x00000000   Code   RO         7003    .text               c_w.l(indicate_semi.o)
    0x08000834   0x08000834   0x0000004a   Code   RO         7004    .text               c_w.l(sys_stackheap_outer.o)
    0x0800087e   0x0800087e   0x00000012   Code   RO         7023    .text               c_w.l(exit.o)
    0x08000890   0x08000890   0x0000000a   Code   RO         7025    .text               c_w.l(defsig_exit.o)
    0x0800089a   0x0800089a   0x00000002   PAD
    0x0800089c   0x0800089c   0x00000050   Code   RO         7035    .text               c_w.l(defsig_rtmem_inner.o)
    0x080008ec   0x080008ec   0x0000000c   Code   RO         7049    .text               c_w.l(sys_exit.o)
    0x080008f8   0x080008f8   0x00000032   Code   RO         7063    .text               c_w.l(defsig_general.o)
    0x0800092a   0x0800092a   0x0000000e   Code   RO         7071    .text               c_w.l(sys_wrch.o)
    0x08000938   0x08000938   0x00000018   Code   RO         3913    i.Adjust_Init       pid_adjust.o
    0x08000950   0x08000950   0x00000004   Code   RO          666    i.BusFault_Handler  stm32f4xx_it.o
    0x08000954   0x08000954   0x0000006c   Code   RO          441    i.CAN1_Filter_Init  can.o
    0x080009c0   0x080009c0   0x00000010   Code   RO          667    i.CAN1_RX0_IRQHandler  stm32f4xx_it.o
    0x080009d0   0x080009d0   0x00000074   Code   RO          442    i.CAN2_Filter_Init  can.o
    0x08000a44   0x08000a44   0x00000010   Code   RO          668    i.CAN2_RX0_IRQHandler  stm32f4xx_it.o
    0x08000a54   0x08000a54   0x00000030   Code   RO         4462    i.CRC16_Table       crc_util.o
    0x08000a84   0x08000a84   0x00000010   Code   RO          669    i.DMA1_Stream5_IRQHandler  stm32f4xx_it.o
    0x08000a94   0x08000a94   0x00000010   Code   RO          670    i.DMA2_Stream1_IRQHandler  stm32f4xx_it.o
    0x08000aa4   0x08000aa4   0x00000034   Code   RO         1589    i.DMA_CalcBaseAndBitshift  stm32f4xx_hal_dma.o
    0x08000ad8   0x08000ad8   0x000000aa   Code   RO         1590    i.DMA_CheckFifoParam  stm32f4xx_hal_dma.o
    0x08000b82   0x08000b82   0x0000002c   Code   RO         1591    i.DMA_SetConfig     stm32f4xx_hal_dma.o
    0x08000bae   0x08000bae   0x00000002   Code   RO          671    i.DebugMon_Handler  stm32f4xx_it.o
    0x08000bb0   0x08000bb0   0x0000000a   Code   RO          672    i.EXTI9_5_IRQHandler  stm32f4xx_it.o
    0x08000bba   0x08000bba   0x00000002   PAD
    0x08000bbc   0x08000bbc   0x0000004c   Code   RO         3668    i.EnableDebugIRQ    driver_usart.o
    0x08000c08   0x08000c08   0x00000006   Code   RO           13    i.Error_Handler     main.o
    0x08000c0e   0x08000c0e   0x0000002a   Code   RO          852    i.HAL_CAN_ActivateNotification  stm32f4xx_hal_can.o
    0x08000c38   0x08000c38   0x0000014a   Code   RO          853    i.HAL_CAN_AddTxMessage  stm32f4xx_hal_can.o
    0x08000d82   0x08000d82   0x00000002   PAD
    0x08000d84   0x08000d84   0x00000124   Code   RO          854    i.HAL_CAN_ConfigFilter  stm32f4xx_hal_can.o
    0x08000ea8   0x08000ea8   0x00000002   Code   RO          857    i.HAL_CAN_ErrorCallback  stm32f4xx_hal_can.o
    0x08000eaa   0x08000eaa   0x00000194   Code   RO          860    i.HAL_CAN_GetRxMessage  stm32f4xx_hal_can.o
    0x0800103e   0x0800103e   0x0000024e   Code   RO          864    i.HAL_CAN_IRQHandler  stm32f4xx_hal_can.o
    0x0800128c   0x0800128c   0x00000174   Code   RO          865    i.HAL_CAN_Init      stm32f4xx_hal_can.o
    0x08001400   0x08001400   0x00000164   Code   RO          444    i.HAL_CAN_MspInit   can.o
    0x08001564   0x08001564   0x00000002   Code   RO          872    i.HAL_CAN_RxFifo0FullCallback  stm32f4xx_hal_can.o
    0x08001566   0x08001566   0x00000002   PAD
    0x08001568   0x08001568   0x00000064   Code   RO          445    i.HAL_CAN_RxFifo0MsgPendingCallback  can.o
    0x080015cc   0x080015cc   0x00000002   Code   RO          874    i.HAL_CAN_RxFifo1FullCallback  stm32f4xx_hal_can.o
    0x080015ce   0x080015ce   0x00000002   Code   RO          875    i.HAL_CAN_RxFifo1MsgPendingCallback  stm32f4xx_hal_can.o
    0x080015d0   0x080015d0   0x00000002   Code   RO          876    i.HAL_CAN_SleepCallback  stm32f4xx_hal_can.o
    0x080015d2   0x080015d2   0x0000005e   Code   RO          877    i.HAL_CAN_Start     stm32f4xx_hal_can.o
    0x08001630   0x08001630   0x00000002   Code   RO          879    i.HAL_CAN_TxMailbox0AbortCallback  stm32f4xx_hal_can.o
    0x08001632   0x08001632   0x00000002   Code   RO          880    i.HAL_CAN_TxMailbox0CompleteCallback  stm32f4xx_hal_can.o
    0x08001634   0x08001634   0x00000002   Code   RO          881    i.HAL_CAN_TxMailbox1AbortCallback  stm32f4xx_hal_can.o
    0x08001636   0x08001636   0x00000002   Code   RO          882    i.HAL_CAN_TxMailbox1CompleteCallback  stm32f4xx_hal_can.o
    0x08001638   0x08001638   0x00000002   Code   RO          883    i.HAL_CAN_TxMailbox2AbortCallback  stm32f4xx_hal_can.o
    0x0800163a   0x0800163a   0x00000002   Code   RO          884    i.HAL_CAN_TxMailbox2CompleteCallback  stm32f4xx_hal_can.o
    0x0800163c   0x0800163c   0x00000002   Code   RO          886    i.HAL_CAN_WakeUpFromRxMsgCallback  stm32f4xx_hal_can.o
    0x0800163e   0x0800163e   0x000000ac   Code   RO         1592    i.HAL_DMA_Abort     stm32f4xx_hal_dma.o
    0x080016ea   0x080016ea   0x00000028   Code   RO         1593    i.HAL_DMA_Abort_IT  stm32f4xx_hal_dma.o
    0x08001712   0x08001712   0x00000006   Code   RO         1595    i.HAL_DMA_GetError  stm32f4xx_hal_dma.o
    0x08001718   0x08001718   0x00000240   Code   RO         1597    i.HAL_DMA_IRQHandler  stm32f4xx_hal_dma.o
    0x08001958   0x08001958   0x000000ec   Code   RO         1598    i.HAL_DMA_Init      stm32f4xx_hal_dma.o
    0x08001a44   0x08001a44   0x00000092   Code   RO         1602    i.HAL_DMA_Start_IT  stm32f4xx_hal_dma.o
    0x08001ad6   0x08001ad6   0x00000002   PAD
    0x08001ad8   0x08001ad8   0x0000012c   Code   RO         4088    i.HAL_GPIO_EXTI_Callback  hardware.o
    0x08001c04   0x08001c04   0x0000001c   Code   RO         1484    i.HAL_GPIO_EXTI_IRQHandler  stm32f4xx_hal_gpio.o
    0x08001c20   0x08001c20   0x000001f4   Code   RO         1485    i.HAL_GPIO_Init     stm32f4xx_hal_gpio.o
    0x08001e14   0x08001e14   0x0000000c   Code   RO         1489    i.HAL_GPIO_WritePin  stm32f4xx_hal_gpio.o
    0x08001e20   0x08001e20   0x0000000c   Code   RO         2028    i.HAL_GetTick       stm32f4xx_hal.o
    0x08001e2c   0x08001e2c   0x00000018   Code   RO         2034    i.HAL_IncTick       stm32f4xx_hal.o
    0x08001e44   0x08001e44   0x0000003c   Code   RO         2035    i.HAL_Init          stm32f4xx_hal.o
    0x08001e80   0x08001e80   0x000000b4   Code   RO          812    i.HAL_InitTick      stm32f4xx_hal_timebase_tim.o
    0x08001f34   0x08001f34   0x00000054   Code   RO          788    i.HAL_MspInit       stm32f4xx_hal_msp.o
    0x08001f88   0x08001f88   0x00000028   Code   RO         1875    i.HAL_NVIC_EnableIRQ  stm32f4xx_hal_cortex.o
    0x08001fb0   0x08001fb0   0x0000007c   Code   RO         1881    i.HAL_NVIC_SetPriority  stm32f4xx_hal_cortex.o
    0x0800202c   0x0800202c   0x00000028   Code   RO         1882    i.HAL_NVIC_SetPriorityGrouping  stm32f4xx_hal_cortex.o
    0x08002054   0x08002054   0x00000184   Code   RO         1086    i.HAL_RCC_ClockConfig  stm32f4xx_hal_rcc.o
    0x080021d8   0x080021d8   0x00000044   Code   RO         1090    i.HAL_RCC_GetClockConfig  stm32f4xx_hal_rcc.o
    0x0800221c   0x0800221c   0x0000000c   Code   RO         1091    i.HAL_RCC_GetHCLKFreq  stm32f4xx_hal_rcc.o
    0x08002228   0x08002228   0x00000020   Code   RO         1093    i.HAL_RCC_GetPCLK1Freq  stm32f4xx_hal_rcc.o
    0x08002248   0x08002248   0x00000020   Code   RO         1094    i.HAL_RCC_GetPCLK2Freq  stm32f4xx_hal_rcc.o
    0x08002268   0x08002268   0x000000b0   Code   RO         1095    i.HAL_RCC_GetSysClockFreq  stm32f4xx_hal_rcc.o
    0x08002318   0x08002318   0x0000049c   Code   RO         1098    i.HAL_RCC_OscConfig  stm32f4xx_hal_rcc.o
    0x080027b4   0x080027b4   0x00000002   Code   RO         2990    i.HAL_TIMEx_BreakCallback  stm32f4xx_hal_tim_ex.o
    0x080027b6   0x080027b6   0x00000002   Code   RO         2991    i.HAL_TIMEx_CommutCallback  stm32f4xx_hal_tim_ex.o
    0x080027b8   0x080027b8   0x000000b4   Code   RO         3009    i.HAL_TIMEx_MasterConfigSynchronization  stm32f4xx_hal_tim_ex.o
    0x0800286c   0x0800286c   0x00000066   Code   RO         2275    i.HAL_TIM_Base_Init  stm32f4xx_hal_tim.o
    0x080028d2   0x080028d2   0x00000002   PAD
    0x080028d4   0x080028d4   0x00000044   Code   RO          549    i.HAL_TIM_Base_MspInit  tim.o
    0x08002918   0x08002918   0x000000a8   Code   RO         2280    i.HAL_TIM_Base_Start_IT  stm32f4xx_hal_tim.o
    0x080029c0   0x080029c0   0x0000010c   Code   RO         2284    i.HAL_TIM_ConfigClockSource  stm32f4xx_hal_tim.o
    0x08002acc   0x08002acc   0x00000002   Code   RO         2309    i.HAL_TIM_IC_CaptureCallback  stm32f4xx_hal_tim.o
    0x08002ace   0x08002ace   0x0000016c   Code   RO         2323    i.HAL_TIM_IRQHandler  stm32f4xx_hal_tim.o
    0x08002c3a   0x08002c3a   0x00000002   Code   RO         2326    i.HAL_TIM_OC_DelayElapsedCallback  stm32f4xx_hal_tim.o
    0x08002c3c   0x08002c3c   0x00000002   Code   RO         2353    i.HAL_TIM_PWM_PulseFinishedCallback  stm32f4xx_hal_tim.o
    0x08002c3e   0x08002c3e   0x00000002   PAD
    0x08002c40   0x08002c40   0x00000094   Code   RO           14    i.HAL_TIM_PeriodElapsedCallback  main.o
    0x08002cd4   0x08002cd4   0x00000002   Code   RO         2366    i.HAL_TIM_TriggerCallback  stm32f4xx_hal_tim.o
    0x08002cd6   0x08002cd6   0x00000072   Code   RO         3267    i.HAL_UARTEx_ReceiveToIdle_DMA  stm32f4xx_hal_uart.o
    0x08002d48   0x08002d48   0x00000002   Code   RO         3269    i.HAL_UARTEx_RxEventCallback  stm32f4xx_hal_uart.o
    0x08002d4a   0x08002d4a   0x000000c4   Code   RO         3272    i.HAL_UART_AbortReceive  stm32f4xx_hal_uart.o
    0x08002e0e   0x08002e0e   0x00000002   PAD
    0x08002e10   0x08002e10   0x00000068   Code   RO          590    i.HAL_UART_ErrorCallback  usart.o
    0x08002e78   0x08002e78   0x000002e8   Code   RO         3286    i.HAL_UART_IRQHandler  stm32f4xx_hal_uart.o
    0x08003160   0x08003160   0x00000076   Code   RO         3287    i.HAL_UART_Init     stm32f4xx_hal_uart.o
    0x080031d6   0x080031d6   0x00000002   PAD
    0x080031d8   0x080031d8   0x0000034c   Code   RO          592    i.HAL_UART_MspInit  usart.o
    0x08003524   0x08003524   0x0000002c   Code   RO         3292    i.HAL_UART_Receive_IT  stm32f4xx_hal_uart.o
    0x08003550   0x08003550   0x00000178   Code   RO         3669    i.HAL_UART_RxCpltCallback  driver_usart.o
    0x080036c8   0x080036c8   0x00000002   Code   RO         3294    i.HAL_UART_RxHalfCpltCallback  stm32f4xx_hal_uart.o
    0x080036ca   0x080036ca   0x000000be   Code   RO         3295    i.HAL_UART_Transmit  stm32f4xx_hal_uart.o
    0x08003788   0x08003788   0x00000002   Code   RO         3298    i.HAL_UART_TxCpltCallback  stm32f4xx_hal_uart.o
    0x0800378a   0x0800378a   0x00000004   Code   RO          673    i.HardFault_Handler  stm32f4xx_it.o
    0x0800378e   0x0800378e   0x00000002   PAD
    0x08003790   0x08003790   0x00000040   Code   RO         3996    i.Kalmanfiter_Init  calculation.o
    0x080037d0   0x080037d0   0x00000058   Code   RO          446    i.MX_CAN1_Init      can.o
    0x08003828   0x08003828   0x00000054   Code   RO          447    i.MX_CAN2_Init      can.o
    0x0800387c   0x0800387c   0x00000068   Code   RO          524    i.MX_DMA_Init       dma.o
    0x080038e4   0x080038e4   0x0000006c   Code   RO          358    i.MX_FREERTOS_Init  freertos.o
    0x08003950   0x08003950   0x0000021c   Code   RO          267    i.MX_GPIO_Init      gpio.o
    0x08003b6c   0x08003b6c   0x0000006c   Code   RO          550    i.MX_TIM2_Init      tim.o
    0x08003bd8   0x08003bd8   0x00000038   Code   RO          593    i.MX_UART4_Init     usart.o
    0x08003c10   0x08003c10   0x00000038   Code   RO          594    i.MX_USART1_UART_Init  usart.o
    0x08003c48   0x08003c48   0x00000038   Code   RO          595    i.MX_USART2_UART_Init  usart.o
    0x08003c80   0x08003c80   0x00000038   Code   RO          596    i.MX_USART3_UART_Init  usart.o
    0x08003cb8   0x08003cb8   0x00000038   Code   RO          597    i.MX_USART6_UART_Init  usart.o
    0x08003cf0   0x08003cf0   0x00000004   Code   RO          674    i.MemManage_Handler  stm32f4xx_it.o
    0x08003cf4   0x08003cf4   0x00000078   Code   RO          359    i.MotorControl      freertos.o
    0x08003d6c   0x08003d6c   0x00000164   Code   RO         3762    i.MotorCtrl         motor.o
    0x08003ed0   0x08003ed0   0x00000094   Code   RO         4198    i.Move_Init         movebase.o
    0x08003f64   0x08003f64   0x00000004   Code   RO          675    i.NMI_Handler       stm32f4xx_it.o
    0x08003f68   0x08003f68   0x00000188   Code   RO         4537    i.PID_Compute       new_pid.o
    0x080040f0   0x080040f0   0x0000005c   Code   RO         4538    i.PID_Init          new_pid.o
    0x0800414c   0x0800414c   0x00000044   Code   RO         3867    i.PID_parameter_init  pid.o
    0x08004190   0x08004190   0x0000002c   Code   RO          360    i.RobotMove         freertos.o
    0x080041bc   0x080041bc   0x00000024   Code   RO          361    i.RobotState        freertos.o
    0x080041e0   0x080041e0   0x0000000c   Code   RO          362    i.StartDefaultTask  freertos.o
    0x080041ec   0x080041ec   0x00000016   Code   RO         5782    i.SysTick_Handler   cmsis_os2.o
    0x08004202   0x08004202   0x00000002   PAD
    0x08004204   0x08004204   0x000000b4   Code   RO           15    i.SystemClock_Config  main.o
    0x080042b8   0x080042b8   0x00000014   Code   RO         3631    i.SystemInit        system_stm32f4xx.o
    0x080042cc   0x080042cc   0x00000010   Code   RO          676    i.TIM2_IRQHandler   stm32f4xx_it.o
    0x080042dc   0x080042dc   0x00000010   Code   RO          677    i.TIM3_IRQHandler   stm32f4xx_it.o
    0x080042ec   0x080042ec   0x000000e8   Code   RO         2368    i.TIM_Base_SetConfig  stm32f4xx_hal_tim.o
    0x080043d4   0x080043d4   0x00000016   Code   RO         2379    i.TIM_ETR_SetConfig  stm32f4xx_hal_tim.o
    0x080043ea   0x080043ea   0x00000012   Code   RO         2380    i.TIM_ITRx_SetConfig  stm32f4xx_hal_tim.o
    0x080043fc   0x080043fc   0x00000026   Code   RO         2386    i.TIM_TI1_ConfigInputStage  stm32f4xx_hal_tim.o
    0x08004422   0x08004422   0x00000028   Code   RO         2388    i.TIM_TI2_ConfigInputStage  stm32f4xx_hal_tim.o
    0x0800444a   0x0800444a   0x00000014   Code   RO         3300    i.UART_DMAAbortOnError  stm32f4xx_hal_uart.o
    0x0800445e   0x0800445e   0x00000050   Code   RO         3301    i.UART_DMAError     stm32f4xx_hal_uart.o
    0x080044ae   0x080044ae   0x000000b4   Code   RO         3302    i.UART_DMAReceiveCplt  stm32f4xx_hal_uart.o
    0x08004562   0x08004562   0x00000024   Code   RO         3304    i.UART_DMARxHalfCplt  stm32f4xx_hal_uart.o
    0x08004586   0x08004586   0x0000006c   Code   RO         3310    i.UART_EndRxTransfer  stm32f4xx_hal_uart.o
    0x080045f2   0x080045f2   0x00000020   Code   RO         3311    i.UART_EndTransmit_IT  stm32f4xx_hal_uart.o
    0x08004612   0x08004612   0x00000026   Code   RO         3312    i.UART_EndTxTransfer  stm32f4xx_hal_uart.o
    0x08004638   0x08004638   0x000000fc   Code   RO         3313    i.UART_Receive_IT   stm32f4xx_hal_uart.o
    0x08004734   0x08004734   0x0000022c   Code   RO         3314    i.UART_SetConfig    stm32f4xx_hal_uart.o
    0x08004960   0x08004960   0x000000c8   Code   RO         3315    i.UART_Start_Receive_DMA  stm32f4xx_hal_uart.o
    0x08004a28   0x08004a28   0x00000040   Code   RO         3316    i.UART_Start_Receive_IT  stm32f4xx_hal_uart.o
    0x08004a68   0x08004a68   0x00000060   Code   RO         3317    i.UART_Transmit_IT  stm32f4xx_hal_uart.o
    0x08004ac8   0x08004ac8   0x0000008c   Code   RO         3318    i.UART_WaitOnFlagUntilTimeout  stm32f4xx_hal_uart.o
    0x08004b54   0x08004b54   0x00000010   Code   RO          678    i.USART1_IRQHandler  stm32f4xx_it.o
    0x08004b64   0x08004b64   0x00000010   Code   RO          679    i.USART2_IRQHandler  stm32f4xx_it.o
    0x08004b74   0x08004b74   0x00000010   Code   RO          680    i.USART3_IRQHandler  stm32f4xx_it.o
    0x08004b84   0x08004b84   0x000000f4   Code   RO         4093    i.Update_Action_gl_position  hardware.o
    0x08004c78   0x08004c78   0x00000004   Code   RO          681    i.UsageFault_Handler  stm32f4xx_it.o
    0x08004c7c   0x08004c7c   0x00000012   Code   RO         6448    i._ZN10SimpleTask12taskFunctionEv  simple_task.o
    0x08004c8e   0x08004c8e   0x0000000a   Code   RO         6449    i._ZN10SimpleTask9taskEntryEPv  simple_task.o
    0x08004c98   0x08004c98   0x00000040   Code   RO         6450    i._ZN10SimpleTaskC1EPKctmj  simple_task.o
    0x08004cd8   0x08004cd8   0x00000012   Code   RO         6451    i._ZN10SimpleTaskD1Ev  simple_task.o
    0x08004cea   0x08004cea   0x00000030   Code   RO         6992    i.__ARM_fpclassify  m_wm.l(fpclassify.o)
    0x08004d1a   0x08004d1a   0x00000002   PAD
    0x08004d1c   0x08004d1c   0x00000010   Code   RO         1888    i.__NVIC_GetPriorityGrouping  stm32f4xx_hal_cortex.o
    0x08004d2c   0x08004d2c   0x00000028   Code   RO         1889    i.__NVIC_SetPriority  stm32f4xx_hal_cortex.o
    0x08004d54   0x08004d54   0x00000006   Code   RO         5784    i.__get_IPSR        cmsis_os2.o
    0x08004d5a   0x08004d5a   0x00000006   PAD
    0x08004d60   0x08004d60   0x000000c8   Code   RO         6684    i.__hardfp_cos      m_wm.l(cos.o)
    0x08004e28   0x08004e28   0x000000c8   Code   RO         6696    i.__hardfp_sin      m_wm.l(sin.o)
    0x08004ef0   0x08004ef0   0x00000438   Code   RO         6852    i.__ieee754_rem_pio2  m_wm.l(rred.o)
    0x08005328   0x08005328   0x00000170   Code   RO         6835    i.__kernel_cos      m_wm.l(cos_i.o)
    0x08005498   0x08005498   0x000000f8   Code   RO         6994    i.__kernel_poly     m_wm.l(poly.o)
    0x08005590   0x08005590   0x00000130   Code   RO         6857    i.__kernel_sin      m_wm.l(sin_i.o)
    0x080056c0   0x080056c0   0x00000014   Code   RO         6839    i.__mathlib_dbl_infnan  m_wm.l(dunder.o)
    0x080056d4   0x080056d4   0x00000004   PAD
    0x080056d8   0x080056d8   0x00000020   Code   RO         6841    i.__mathlib_dbl_invalid  m_wm.l(dunder.o)
    0x080056f8   0x080056f8   0x00000020   Code   RO         6844    i.__mathlib_dbl_underflow  m_wm.l(dunder.o)
    0x08005718   0x08005718   0x0000005c   Code   RO         6452    i.__sti___15_SIMPLE_TASK_cpp_task1  simple_task.o
    0x08005774   0x08005774   0x00000024   Code   RO         4095    i.action_relocate   hardware.o
    0x08005798   0x08005798   0x00000104   Code   RO         3764    i.chassis_m3508_send_motor_currents  motor.o
    0x0800589c   0x0800589c   0x00000008   Code   RO         6453    i.create_tasks      simple_task.o
    0x080058a4   0x080058a4   0x0000001c   Code   RO         4564    i.detectButtonEdge  serial_to_esp32.o
    0x080058c0   0x080058c0   0x00000020   Code   RO         4565    i.detectButtonEdgeD  serial_to_esp32.o
    0x080058e0   0x080058e0   0x00000020   Code   RO         4566    i.detectButtonEdgeI  serial_to_esp32.o
    0x08005900   0x08005900   0x00000030   Code   RO         4567    i.detectButtonEdgeRb  serial_to_esp32.o
    0x08005930   0x08005930   0x00000018   Code   RO         6988    i.fabs              m_wm.l(fabs.o)
    0x08005948   0x08005948   0x00000124   Code   RO         4568    i.handle_serial_data_esp32  serial_to_esp32.o
    0x08005a6c   0x08005a6c   0x00000134   Code   RO         4485    i.handle_serial_data_mat  serial_to_matlab.o
    0x08005ba0   0x08005ba0   0x000002a0   Code   RO         3765    i.m3508_Init        motor.o
    0x08005e40   0x08005e40   0x0000013c   Code   RO         3766    i.m3508_update_info  motor.o
    0x08005f7c   0x08005f7c   0x00000070   Code   RO           16    i.main              main.o
    0x08005fec   0x08005fec   0x0000002c   Code   RO         5799    i.osKernelInitialize  cmsis_os2.o
    0x08006018   0x08006018   0x00000060   Code   RO         5802    i.osKernelStart     cmsis_os2.o
    0x08006078   0x08006078   0x000000b8   Code   RO         5844    i.osThreadNew       cmsis_os2.o
    0x08006130   0x08006130   0x000000fe   Code   RO         4569    i.parseXboxData     serial_to_esp32.o
    0x0800622e   0x0800622e   0x00000002   PAD
    0x08006230   0x08006230   0x0000007c   Code   RO         5222    i.prvAddCurrentTaskToDelayedList  tasks.o
    0x080062ac   0x080062ac   0x000000b8   Code   RO         5223    i.prvAddNewTaskToReadyList  tasks.o
    0x08006364   0x08006364   0x00000074   Code   RO         5598    i.prvCheckForValidListAndQueue  timers.o
    0x080063d8   0x080063d8   0x00000048   Code   RO         5224    i.prvCheckTasksWaitingTermination  tasks.o
    0x08006420   0x08006420   0x0000002a   Code   RO         4809    i.prvCopyDataFromQueue  queue.o
    0x0800644a   0x0800644a   0x0000007e   Code   RO         4810    i.prvCopyDataToQueue  queue.o
    0x080064c8   0x080064c8   0x00000050   Code   RO         5225    i.prvDeleteTCB      tasks.o
    0x08006518   0x08006518   0x00000028   Code   RO         5599    i.prvGetNextExpireTime  timers.o
    0x08006540   0x08006540   0x0000007c   Code   RO         6316    i.prvHeapInit       heap_4.o
    0x080065bc   0x080065bc   0x00000028   Code   RO         5226    i.prvIdleTask       tasks.o
    0x080065e4   0x080065e4   0x0000002a   Code   RO         4813    i.prvInitialiseNewQueue  queue.o
    0x0800660e   0x0800660e   0x000000be   Code   RO         5227    i.prvInitialiseNewTask  tasks.o
    0x080066cc   0x080066cc   0x00000068   Code   RO         5228    i.prvInitialiseTaskLists  tasks.o
    0x08006734   0x08006734   0x00000068   Code   RO         6317    i.prvInsertBlockIntoFreeList  heap_4.o
    0x0800679c   0x0800679c   0x00000058   Code   RO         5601    i.prvInsertTimerInActiveList  timers.o
    0x080067f4   0x080067f4   0x0000001a   Code   RO         4814    i.prvIsQueueEmpty   queue.o
    0x0800680e   0x0800680e   0x0000001e   Code   RO         4815    i.prvIsQueueFull    queue.o
    0x0800682c   0x0800682c   0x00000074   Code   RO         5602    i.prvProcessExpiredTimer  timers.o
    0x080068a0   0x080068a0   0x00000164   Code   RO         5603    i.prvProcessReceivedCommands  timers.o
    0x08006a04   0x08006a04   0x00000074   Code   RO         5604    i.prvProcessTimerOrBlockTask  timers.o
    0x08006a78   0x08006a78   0x00000034   Code   RO         5230    i.prvResetNextTaskUnblockTime  tasks.o
    0x08006aac   0x08006aac   0x0000002c   Code   RO         5605    i.prvSampleTimeNow  timers.o
    0x08006ad8   0x08006ad8   0x000000a4   Code   RO         5606    i.prvSwitchTimerLists  timers.o
    0x08006b7c   0x08006b7c   0x00000040   Code   RO         6372    i.prvTaskExitError  port.o
    0x08006bbc   0x08006bbc   0x0000001a   Code   RO         5607    i.prvTimerTask      timers.o
    0x08006bd6   0x08006bd6   0x0000007e   Code   RO         4816    i.prvUnlockQueue    queue.o
    0x08006c54   0x08006c54   0x0000014c   Code   RO         6318    i.pvPortMalloc      heap_4.o
    0x08006da0   0x08006da0   0x0000002c   Code   RO         6373    i.pxPortInitialiseStack  port.o
    0x08006dcc   0x08006dcc   0x00000024   Code   RO         3767    i.rcurrent_to_vcurrent  motor.o
    0x08006df0   0x08006df0   0x00000038   Code   RO         4097    i.reduce_jitter     hardware.o
    0x08006e28   0x08006e28   0x0000000c   Code   RO         3960    i.ring_buffer_init  ring_buffer.o
    0x08006e34   0x08006e34   0x00000028   Code   RO         3768    i.robot_speed_control  motor.o
    0x08006e5c   0x08006e5c   0x000001c8   Code   RO         4000    i.robot_tf          calculation.o
    0x08007024   0x08007024   0x000000cc   Code   RO         4486    i.send_serial_frame_mat  serial_to_matlab.o
    0x080070f0   0x080070f0   0x0000013c   Code   RO         3769    i.shoot_motor_update  motor.o
    0x0800722c   0x0800722c   0x00000028   Code   RO         4769    i.uxListRemove      list.o
    0x08007254   0x08007254   0x00000018   Code   RO         5856    i.vApplicationGetIdleTaskMemory  cmsis_os2.o
    0x0800726c   0x0800726c   0x00000018   Code   RO         5857    i.vApplicationGetTimerTaskMemory  cmsis_os2.o
    0x08007284   0x08007284   0x0000001a   Code   RO         4770    i.vListInitialise   list.o
    0x0800729e   0x0800729e   0x00000006   Code   RO         4771    i.vListInitialiseItem  list.o
    0x080072a4   0x080072a4   0x00000034   Code   RO         4772    i.vListInsert       list.o
    0x080072d8   0x080072d8   0x00000018   Code   RO         4773    i.vListInsertEnd    list.o
    0x080072f0   0x080072f0   0x00000054   Code   RO         6375    i.vPortEnterCritical  port.o
    0x08007344   0x08007344   0x0000003c   Code   RO         6376    i.vPortExitCritical  port.o
    0x08007380   0x08007380   0x000000a4   Code   RO         6319    i.vPortFree         heap_4.o
    0x08007424   0x08007424   0x00000028   Code   RO         6377    i.vPortSetupTimerInterrupt  port.o
    0x0800744c   0x0800744c   0x00000078   Code   RO         6378    i.vPortValidateInterruptPriority  port.o
    0x080074c4   0x080074c4   0x0000002c   Code   RO         4822    i.vQueueAddToRegistry  queue.o
    0x080074f0   0x080074f0   0x0000004a   Code   RO         4826    i.vQueueWaitForMessageRestricted  queue.o
    0x0800753a   0x0800753a   0x00000002   PAD
    0x0800753c   0x0800753c   0x0000005c   Code   RO         5243    i.vTaskDelay        tasks.o
    0x08007598   0x08007598   0x000000c8   Code   RO         5245    i.vTaskDelete       tasks.o
    0x08007660   0x08007660   0x00000018   Code   RO         5248    i.vTaskInternalSetTimeOutState  tasks.o
    0x08007678   0x08007678   0x0000000c   Code   RO         5249    i.vTaskMissedYield  tasks.o
    0x08007684   0x08007684   0x00000038   Code   RO         5251    i.vTaskPlaceOnEventList  tasks.o
    0x080076bc   0x080076bc   0x00000040   Code   RO         5252    i.vTaskPlaceOnEventListRestricted  tasks.o
    0x080076fc   0x080076fc   0x000000b8   Code   RO         5260    i.vTaskStartScheduler  tasks.o
    0x080077b4   0x080077b4   0x00000010   Code   RO         5262    i.vTaskSuspendAll   tasks.o
    0x080077c4   0x080077c4   0x00000090   Code   RO         5263    i.vTaskSwitchContext  tasks.o
    0x08007854   0x08007854   0x00000088   Code   RO         4002    i.v_to_rpm          calculation.o
    0x080078dc   0x080078dc   0x0000016c   Code   RO         4003    i.world_tf          calculation.o
    0x08007a48   0x08007a48   0x00000168   Code   RO         6379    i.xPortStartScheduler  port.o
    0x08007bb0   0x08007bb0   0x00000034   Code   RO         6380    i.xPortSysTickHandler  port.o
    0x08007be4   0x08007be4   0x0000005a   Code   RO         4831    i.xQueueGenericCreate  queue.o
    0x08007c3e   0x08007c3e   0x000000e0   Code   RO         4832    i.xQueueGenericCreateStatic  queue.o
    0x08007d1e   0x08007d1e   0x00000002   PAD
    0x08007d20   0x08007d20   0x00000098   Code   RO         4833    i.xQueueGenericReset  queue.o
    0x08007db8   0x08007db8   0x000001a8   Code   RO         4834    i.xQueueGenericSend  queue.o
    0x08007f60   0x08007f60   0x000000fc   Code   RO         4835    i.xQueueGenericSendFromISR  queue.o
    0x0800805c   0x0800805c   0x00000168   Code   RO         4844    i.xQueueReceive     queue.o
    0x080081c4   0x080081c4   0x0000008c   Code   RO         5265    i.xTaskCheckForTimeOut  tasks.o
    0x08008250   0x08008250   0x00000064   Code   RO         5266    i.xTaskCreate       tasks.o
    0x080082b4   0x080082b4   0x000000ba   Code   RO         5267    i.xTaskCreateStatic  tasks.o
    0x0800836e   0x0800836e   0x00000002   PAD
    0x08008370   0x08008370   0x00000020   Code   RO         5271    i.xTaskGetSchedulerState  tasks.o
    0x08008390   0x08008390   0x0000000c   Code   RO         5272    i.xTaskGetTickCount  tasks.o
    0x0800839c   0x0800839c   0x00000144   Code   RO         5274    i.xTaskIncrementTick  tasks.o
    0x080084e0   0x080084e0   0x000000a4   Code   RO         5277    i.xTaskPriorityDisinherit  tasks.o
    0x08008584   0x08008584   0x00000098   Code   RO         5279    i.xTaskRemoveFromEventList  tasks.o
    0x0800861c   0x0800861c   0x00000104   Code   RO         5280    i.xTaskResumeAll    tasks.o
    0x08008720   0x08008720   0x00000078   Code   RO         5616    i.xTimerCreateTimerTask  timers.o
    0x08008798   0x08008798   0x00000084   Code   RO         5617    i.xTimerGenericCommand  timers.o
    0x0800881c   0x0800881c   0x00000480   Code   RO         4571    i.xbox_remote_control  serial_to_esp32.o
    0x08008c9c   0x08008c9c   0x00000018   Code   RO         6660    x$fpl$basic         fz_wm.l(basic.o)
    0x08008cb4   0x08008cb4   0x00000062   Code   RO         6662    x$fpl$d2f           fz_wm.l(d2f.o)
    0x08008d16   0x08008d16   0x00000002   PAD
    0x08008d18   0x08008d18   0x00000150   Code   RO         6664    x$fpl$dadd          fz_wm.l(daddsub_clz.o)
    0x08008e68   0x08008e68   0x000002b0   Code   RO         6671    x$fpl$ddiv          fz_wm.l(ddiv.o)
    0x08009118   0x08009118   0x0000005e   Code   RO         6972    x$fpl$dfix          fz_wm.l(dfix.o)
    0x08009176   0x08009176   0x0000002e   Code   RO         6977    x$fpl$dflt          fz_wm.l(dflt_clz.o)
    0x080091a4   0x080091a4   0x00000026   Code   RO         6976    x$fpl$dfltu         fz_wm.l(dflt_clz.o)
    0x080091ca   0x080091ca   0x00000002   PAD
    0x080091cc   0x080091cc   0x00000154   Code   RO         6676    x$fpl$dmul          fz_wm.l(dmul.o)
    0x08009320   0x08009320   0x0000009c   Code   RO         6824    x$fpl$dnaninf       fz_wm.l(dnaninf.o)
    0x080093bc   0x080093bc   0x0000000c   Code   RO         6826    x$fpl$dretinf       fz_wm.l(dretinf.o)
    0x080093c8   0x080093c8   0x00000016   Code   RO         6665    x$fpl$drsb          fz_wm.l(daddsub_clz.o)
    0x080093de   0x080093de   0x00000002   PAD
    0x080093e0   0x080093e0   0x000001d4   Code   RO         6666    x$fpl$dsub          fz_wm.l(daddsub_clz.o)
    0x080095b4   0x080095b4   0x00000056   Code   RO         6680    x$fpl$f2d           fz_wm.l(f2d.o)
    0x0800960a   0x0800960a   0x0000008c   Code   RO         6830    x$fpl$fnaninf       fz_wm.l(fnaninf.o)
    0x08009696   0x08009696   0x0000000a   Code   RO         6982    x$fpl$fpinit        fz_wm.l(fpinit.o)
    0x080096a0   0x080096a0   0x0000000a   Code   RO         6832    x$fpl$fretinf       fz_wm.l(fretinf.o)
    0x080096aa   0x080096aa   0x00000000   Code   RO         6834    x$fpl$usenofp       fz_wm.l(usenofp.o)
    0x080096aa   0x080096aa   0x00000002   PAD
    0x080096ac   0x080096ac   0x000000b4   Data   RO          365    .constdata          freertos.o
    0x08009760   0x08009760   0x00000008   Data   RO         1604    .constdata          stm32f4xx_hal_dma.o
    0x08009768   0x08009768   0x00000018   Data   RO         3632    .constdata          system_stm32f4xx.o
    0x08009780   0x08009780   0x00000300   Data   RO         4464    .constdata          crc_util.o
    0x08009a80   0x08009a80   0x00000030   Data   RO         6836    .constdata          m_wm.l(cos_i.o)
    0x08009ab0   0x08009ab0   0x000000c8   Data   RO         6854    .constdata          m_wm.l(rred.o)
    0x08009b78   0x08009b78   0x00000028   Data   RO         6858    .constdata          m_wm.l(sin_i.o)
    0x08009ba0   0x08009ba0   0x0000003a   Data   RO          366    .conststring        freertos.o
    0x08009bda   0x08009bda   0x00000002   PAD
    0x08009bdc   0x08009bdc   0x00000020   Data   RO         7099    Region$$Table       anon$$obj.o
    0x08009bfc   0x08009bfc   0x00000004   Data   RO         6461    .init_array         simple_task.o
    0x08009c00   0x08009bfc   0x00000000   Data   RO         6655    .init_array         c_w.l(init_aeabi.o)


    Execution Region RW_IRAM1 (Exec base: 0x20000000, Load base: 0x08009c00, Size: 0x00006a28, Max: 0x0001c000, ABSOLUTE, COMPRESSED[0x0000002c])

    Exec Addr    Load Addr    Size         Type   Attr      Idx    E Section Name        Object

    0x20000000   COMPRESSED   0x00000011   Data   RW           18    .data               main.o
    0x20000011   COMPRESSED   0x00000003   PAD
    0x20000014   COMPRESSED   0x00000028   Data   RW          367    .data               freertos.o
    0x2000003c   COMPRESSED   0x00000018   Data   RW          449    .data               can.o
    0x20000054   COMPRESSED   0x00000009   Data   RW         2042    .data               stm32f4xx_hal.o
    0x2000005d   COMPRESSED   0x00000003   PAD
    0x20000060   COMPRESSED   0x00000004   Data   RW         3633    .data               system_stm32f4xx.o
    0x20000064   COMPRESSED   0x00000031   Data   RW         3672    .data               driver_usart.o
    0x20000095   COMPRESSED   0x00000003   PAD
    0x20000098   COMPRESSED   0x00000018   Data   RW         3772    .data               motor.o
    0x200000b0   COMPRESSED   0x00000004   Data   RW         3917    .data               pid_adjust.o
    0x200000b4   COMPRESSED   0x00000048   Data   RW         4101    .data               hardware.o
    0x200000fc   COMPRESSED   0x00000002   Data   RW         4488    .data               serial_to_matlab.o
    0x200000fe   COMPRESSED   0x00000002   PAD
    0x20000100   COMPRESSED   0x00000024   Data   RW         4573    .data               serial_to_esp32.o
    0x20000124   COMPRESSED   0x0000003c   Data   RW         5283    .data               tasks.o
    0x20000160   COMPRESSED   0x00000014   Data   RW         5625    .data               timers.o
    0x20000174   COMPRESSED   0x00000004   Data   RW         5859    .data               cmsis_os2.o
    0x20000178   COMPRESSED   0x00000020   Data   RW         6325    .data               heap_4.o
    0x20000198   COMPRESSED   0x0000000c   Data   RW         6381    .data               port.o
    0x200001a4        -       0x000004e4   Zero   RW           17    .bss                main.o
    0x20000688        -       0x00000034   Zero   RW          364    .bss                freertos.o
    0x200006bc        -       0x0000007c   Zero   RW          448    .bss                can.o
    0x20000738        -       0x00000048   Zero   RW          551    .bss                tim.o
    0x20000780        -       0x0000023c   Zero   RW          598    .bss                usart.o
    0x200009bc        -       0x00000048   Zero   RW          815    .bss                stm32f4xx_hal_timebase_tim.o
    0x20000a04        -       0x000001fc   Zero   RW         3671    .bss                driver_usart.o
    0x20000c00        -       0x000009cc   Zero   RW         3771    .bss                motor.o
    0x200015cc        -       0x00000044   Zero   RW         4005    .bss                calculation.o
    0x20001610        -       0x00000112   Zero   RW         4100    .bss                hardware.o
    0x20001722   COMPRESSED   0x00000002   PAD
    0x20001724        -       0x000001b4   Zero   RW         4203    .bss                movebase.o
    0x200018d8        -       0x000000d8   Zero   RW         4487    .bss                serial_to_matlab.o
    0x200019b0        -       0x00000114   Zero   RW         4572    .bss                serial_to_esp32.o
    0x20001ac4        -       0x00000040   Zero   RW         4848    .bss                queue.o
    0x20001b04        -       0x000004c4   Zero   RW         5282    .bss                tasks.o
    0x20001fc8        -       0x00000118   Zero   RW         5624    .bss                timers.o
    0x200020e0        -       0x000006b8   Zero   RW         5858    .bss                cmsis_os2.o
    0x20002798        -       0x00003c00   Zero   RW         6324    .bss                heap_4.o
    0x20006398        -       0x00000030   Zero   RW         6460    .bss                simple_task.o
    0x200063c8        -       0x00000060   Zero   RW         6866    .bss                c_w.l(libspace.o)
    0x20006428        -       0x00000200   Zero   RW            2    HEAP                startup_stm32f407xx.o
    0x20006628        -       0x00000400   Zero   RW            1    STACK               startup_stm32f407xx.o


    Execution Region RW_IRAM2 (Exec base: 0x2001c000, Load base: 0x08009c2c, Size: 0x00000000, Max: 0x00004000, ABSOLUTE)

    **** No section assigned to this execution region ****


==============================================================================

Image component sizes


      Code (inc. data)   RO Data    RW Data    ZI Data      Debug   Object Name

      1020         96          0          0         68       3714   calculation.o
       852         84          0         24        124       6852   can.o
       400         38          0          4       1720      64401   cmsis_os2.o
        48          6        768          0          0       1218   crc_util.o
       104          6          0          0          0        818   dma.o
       452         88          0         49        508       7715   driver_usart.o
         0          0          0          0          0      19464   event_groups.o
       320         80        238         40         52       4220   freertos.o
       540         30          0          0          0     697231   gpio.o
       636         76          0         72        274       5914   hardware.o
       724         74          0         32      15360       4883   heap_4.o
       148          0          0          0          0       3582   list.o
       446         44          0         17       1252     706387   main.o
      1996        290          0         24       2508       9734   motor.o
       148         48          0          0        436       2992   movebase.o
       484         10          0          0          0       1877   new_pid.o
        68          4          0          0          0       1061   pid.o
        24         10          0          4          0       1213   pid_adjust.o
      1014         92          0         12          0      11725   port.o
      2012         20          0          0         64      18446   queue.o
        12          0          0          0          0        847   ring_buffer.o
      1838        176          0         36        276       8852   serial_to_esp32.o
       512         34          0          2        216       8905   serial_to_matlab.o
       210         38          4          0         48      16161   simple_task.o
        64         26        392          0       1536        844   startup_stm32f407xx.o
        96         20          0          9          0       8094   stm32f4xx_hal.o
      2148          6          0          0          0      14431   stm32f4xx_hal_can.o
       260         22          0          0          0      33574   stm32f4xx_hal_cortex.o
      1442         16          8          0          0       7649   stm32f4xx_hal_dma.o
       540         50          0          0          0       2759   stm32f4xx_hal_gpio.o
        84          6          0          0          0        866   stm32f4xx_hal_msp.o
      1888         94          0          0          0       6289   stm32f4xx_hal_rcc.o
      1260         76          0          0          0       9875   stm32f4xx_hal_tim.o
       184         30          0          0          0       2533   stm32f4xx_hal_tim_ex.o
       180         20          0          0         72       1475   stm32f4xx_hal_timebase_tim.o
      3214         28          0          0          0      18177   stm32f4xx_hal_uart.o
       176         54          0          0          0       7834   stm32f4xx_it.o
         0          0          0          0          0        392   stream_buffer.o
        20          6         24          4          0       1139   system_stm32f4xx.o
      3008        378          0         60       1220      28376   tasks.o
       176         10          0          0         72       1698   tim.o
      1318        124          0         20        280      30407   timers.o
      1228        132          0          0        572       5459   usart.o

    ----------------------------------------------------------------------
     31330       2442       1468        420      26660    1790083   Object Totals
         0          0         32          0          0          0   (incl. Generated)
        36          0          2         11          2          0   (incl. Padding)

    ----------------------------------------------------------------------

      Code (inc. data)   RO Data    RW Data    ZI Data      Debug   Library Member Name

        58          0          0          0          0          0   __dczerorl.o
         8          0          0          0          0         68   __main.o
         0          0          0          0          0          0   __rtentry.o
        12          0          0          0          0          0   __rtentry2.o
         6          0          0          0          0          0   __rtentry4.o
        52          8          0          0          0          0   __scatter.o
        28          0          0          0          0          0   __scatter_zi.o
        22          0          0          0          0        100   _rserrno.o
        46          0          0          0          0         84   aeabi_atexit.o
        16          0          0          0          0         68   aeabi_memset.o
        66          0          0          0          0         84   cxa_finalize.o
        10          0          0          0          0         68   defsig_exit.o
        50          0          0          0          0         88   defsig_general.o
        80         58          0          0          0         76   defsig_rtmem_inner.o
        14          0          0          0          0         80   defsig_rtmem_outer.o
        18          0          0          0          0         80   exit.o
        94          0          0          0          0         80   h1_alloc.o
        52          0          0          0          0         68   h1_extend.o
        78          0          0          0          0         80   h1_free.o
        14          0          0          0          0         84   h1_init.o
         6          0          0          0          0        152   heapauxi.o
         4          0          0          0          0        136   hguard.o
         0          0          0          0          0          0   indicate_semi.o
        36         10          0          0          0         80   init_aeabi.o
       138          0          0          0          0        168   init_alloc.o
         2          0          0          0          0          0   libinit.o
        18          0          0          0          0          0   libinit2.o
         2          0          0          0          0          0   libshutdown.o
         8          0          0          0          0          0   libshutdown2.o
         8          4          0          0         96         68   libspace.o
       238          0          0          0          0        100   lludivv7m.o
         0          0          0          0          0          0   maybetermalloc1.o
         8          4          0          0          0         68   rt_ddtor_pointer_addr_intlibspace.o
         8          4          0          0          0         68   rt_errno_addr_intlibspace.o
         8          4          0          0          0         68   rt_heap_descriptor_intlibspace.o
        68          0          0          0          0         68   rt_memclr.o
        78          0          0          0          0         80   rt_memclr_w.o
       138          0          0          0          0         68   rt_memcpy_v6.o
       100          0          0          0          0         80   rt_memcpy_w.o
         2          0          0          0          0          0   rtexit.o
        10          0          0          0          0          0   rtexit2.o
        12          4          0          0          0         68   sys_exit.o
        74          0          0          0          0         80   sys_stackheap_outer.o
        14          0          0          0          0         76   sys_wrch.o
         2          0          0          0          0         68   use_no_semi.o
        24          0          0          0          0        164   basic.o
        98          4          0          0          0        140   d2f.o
       826         16          0          0          0        492   daddsub_clz.o
       688        140          0          0          0        256   ddiv.o
        94          4          0          0          0        140   dfix.o
        84          0          0          0          0        232   dflt_clz.o
       340         12          0          0          0        152   dmul.o
       156          4          0          0          0        140   dnaninf.o
        12          0          0          0          0        116   dretinf.o
        86          4          0          0          0        132   f2d.o
       140          4          0          0          0        132   fnaninf.o
        10          0          0          0          0        116   fpinit.o
        10          0          0          0          0        116   fretinf.o
         0          0          0          0          0          0   usenofp.o
       200         20          0          0          0        164   cos.o
       368         46         48          0          0        200   cos_i.o
        84         16          0          0          0        372   dunder.o
        24          0          0          0          0        124   fabs.o
        48          0          0          0          0        124   fpclassify.o
       248          0          0          0          0        152   poly.o
      1080        142        200          0          0        188   rred.o
       200         20          0          0          0        164   sin.o
       304         24         40          0          0        208   sin_i.o

    ----------------------------------------------------------------------
      6850        552        288          0         96       6628   Library Totals
        20          0          0          0          0          0   (incl. Padding)

    ----------------------------------------------------------------------

      Code (inc. data)   RO Data    RW Data    ZI Data      Debug   Library Name

      1706         96          0          0         96       2604   c_w.l
      2568        188          0          0          0       2328   fz_wm.l
      2556        268        288          0          0       1696   m_wm.l

    ----------------------------------------------------------------------
      6850        552        288          0         96       6628   Library Totals

    ----------------------------------------------------------------------

==============================================================================


      Code (inc. data)   RO Data    RW Data    ZI Data      Debug   

     38180       2994       1756        420      26756    1769455   Grand Totals
     38180       2994       1756         44      26756    1769455   ELF Image Totals (compressed)
     38180       2994       1756         44          0          0   ROM Totals

==============================================================================

    Total RO  Size (Code + RO Data)                39936 (  39.00kB)
    Total RW  Size (RW Data + ZI Data)             27176 (  26.54kB)
    Total ROM Size (Code + RO Data + RW Data)      39980 (  39.04kB)

==============================================================================

