Component: Arm Compiler for Embedded 6.21 Tool: armlink [5ec1fa00]

==============================================================================

Section Cross References

    startup_stm32f407xx.o(STACK) refers (Special) to heapauxi.o(.text) for __use_two_region_memory
    startup_stm32f407xx.o(HEAP) refers (Special) to heapauxi.o(.text) for __use_two_region_memory
    startup_stm32f407xx.o(RESET) refers (Special) to heapauxi.o(.text) for __use_two_region_memory
    startup_stm32f407xx.o(RESET) refers to startup_stm32f407xx.o(STACK) for __initial_sp
    startup_stm32f407xx.o(RESET) refers to startup_stm32f407xx.o(.text) for Reset_Handler
    startup_stm32f407xx.o(RESET) refers to stm32f4xx_it.o(.text.NMI_Handler) for NMI_Handler
    startup_stm32f407xx.o(RESET) refers to stm32f4xx_it.o(.text.HardFault_Handler) for HardFault_Handler
    startup_stm32f407xx.o(RESET) refers to stm32f4xx_it.o(.text.MemManage_Handler) for MemManage_Handler
    startup_stm32f407xx.o(RESET) refers to stm32f4xx_it.o(.text.BusFault_Handler) for BusFault_Handler
    startup_stm32f407xx.o(RESET) refers to stm32f4xx_it.o(.text.UsageFault_Handler) for UsageFault_Handler
    startup_stm32f407xx.o(RESET) refers to port.o(.text.SVC_Handler) for SVC_Handler
    startup_stm32f407xx.o(RESET) refers to stm32f4xx_it.o(.text.DebugMon_Handler) for DebugMon_Handler
    startup_stm32f407xx.o(RESET) refers to port.o(.text.PendSV_Handler) for PendSV_Handler
    startup_stm32f407xx.o(RESET) refers to cmsis_os2.o(.text.SysTick_Handler) for SysTick_Handler
    startup_stm32f407xx.o(RESET) refers to stm32f4xx_it.o(.text.DMA1_Stream5_IRQHandler) for DMA1_Stream5_IRQHandler
    startup_stm32f407xx.o(RESET) refers to stm32f4xx_it.o(.text.CAN1_RX0_IRQHandler) for CAN1_RX0_IRQHandler
    startup_stm32f407xx.o(RESET) refers to stm32f4xx_it.o(.text.EXTI9_5_IRQHandler) for EXTI9_5_IRQHandler
    startup_stm32f407xx.o(RESET) refers to stm32f4xx_it.o(.text.TIM2_IRQHandler) for TIM2_IRQHandler
    startup_stm32f407xx.o(RESET) refers to stm32f4xx_it.o(.text.TIM3_IRQHandler) for TIM3_IRQHandler
    startup_stm32f407xx.o(RESET) refers to stm32f4xx_it.o(.text.USART1_IRQHandler) for USART1_IRQHandler
    startup_stm32f407xx.o(RESET) refers to stm32f4xx_it.o(.text.USART2_IRQHandler) for USART2_IRQHandler
    startup_stm32f407xx.o(RESET) refers to stm32f4xx_it.o(.text.USART3_IRQHandler) for USART3_IRQHandler
    startup_stm32f407xx.o(RESET) refers to stm32f4xx_it.o(.text.DMA2_Stream1_IRQHandler) for DMA2_Stream1_IRQHandler
    startup_stm32f407xx.o(RESET) refers to stm32f4xx_it.o(.text.CAN2_RX0_IRQHandler) for CAN2_RX0_IRQHandler
    startup_stm32f407xx.o(.text) refers (Special) to heapauxi.o(.text) for __use_two_region_memory
    startup_stm32f407xx.o(.text) refers to system_stm32f4xx.o(.text.SystemInit) for SystemInit
    startup_stm32f407xx.o(.text) refers to __main.o(!!!main) for __main
    startup_stm32f407xx.o(.text) refers to startup_stm32f407xx.o(HEAP) for Heap_Mem
    startup_stm32f407xx.o(.text) refers to startup_stm32f407xx.o(STACK) for Stack_Mem
    main.o(.text.main) refers to stm32f4xx_hal.o(.text.HAL_Init) for HAL_Init
    main.o(.text.main) refers to main.o(.text.SystemClock_Config) for SystemClock_Config
    main.o(.text.main) refers to gpio.o(.text.MX_GPIO_Init) for MX_GPIO_Init
    main.o(.text.main) refers to dma.o(.text.MX_DMA_Init) for MX_DMA_Init
    main.o(.text.main) refers to can.o(.text.MX_CAN1_Init) for MX_CAN1_Init
    main.o(.text.main) refers to usart.o(.text.MX_USART1_UART_Init) for MX_USART1_UART_Init
    main.o(.text.main) refers to can.o(.text.MX_CAN2_Init) for MX_CAN2_Init
    main.o(.text.main) refers to tim.o(.text.MX_TIM2_Init) for MX_TIM2_Init
    main.o(.text.main) refers to usart.o(.text.MX_USART3_UART_Init) for MX_USART3_UART_Init
    main.o(.text.main) refers to usart.o(.text.MX_UART4_Init) for MX_UART4_Init
    main.o(.text.main) refers to usart.o(.text.MX_USART2_UART_Init) for MX_USART2_UART_Init
    main.o(.text.main) refers to usart.o(.text.MX_USART6_UART_Init) for MX_USART6_UART_Init
    main.o(.text.main) refers to tim.o(.bss.htim2) for htim2
    main.o(.text.main) refers to stm32f4xx_hal_tim.o(.text.HAL_TIM_Base_Start_IT) for HAL_TIM_Base_Start_IT
    main.o(.text.main) refers to cmsis_os2.o(.text.osKernelInitialize) for osKernelInitialize
    main.o(.text.main) refers to simple_task.o(.text.create_tasks) for create_tasks
    main.o(.ARM.exidx.text.main) refers to main.o(.text.main) for [Anonymous Symbol]
    main.o(.text.SystemClock_Config) refers to stm32f4xx_hal_rcc.o(.text.HAL_RCC_OscConfig) for HAL_RCC_OscConfig
    main.o(.text.SystemClock_Config) refers to stm32f4xx_hal_rcc.o(.text.HAL_RCC_ClockConfig) for HAL_RCC_ClockConfig
    main.o(.ARM.exidx.text.SystemClock_Config) refers to main.o(.text.SystemClock_Config) for [Anonymous Symbol]
    main.o(.ARM.exidx.text.Error_Handler) refers to main.o(.text.Error_Handler) for [Anonymous Symbol]
[...]
    __rt_lib_init_atexit_1                   0x0800024f   Thumb Code     0  libinit2.o(.ARM.Collect$$libinit$$0000001D)
    __rt_lib_init_clock_1                    0x0800024f   Thumb Code     0  libinit2.o(.ARM.Collect$$libinit$$00000023)
    __rt_lib_init_cpp_2                      0x0800024f   Thumb Code     0  libinit2.o(.ARM.Collect$$libinit$$00000033)
    __rt_lib_init_exceptions_1               0x0800024f   Thumb Code     0  libinit2.o(.ARM.Collect$$libinit$$00000032)
    __rt_lib_init_fp_trap_1                  0x0800024f   Thumb Code     0  libinit2.o(.ARM.Collect$$libinit$$00000021)
    __rt_lib_init_getenv_1                   0x0800024f   Thumb Code     0  libinit2.o(.ARM.Collect$$libinit$$00000025)
    __rt_lib_init_heap_1                     0x0800024f   Thumb Code     0  libinit2.o(.ARM.Collect$$libinit$$0000000C)
    __rt_lib_init_lc_collate_1               0x0800024f   Thumb Code     0  libinit2.o(.ARM.Collect$$libinit$$00000013)
    __rt_lib_init_lc_ctype_1                 0x0800024f   Thumb Code     0  libinit2.o(.ARM.Collect$$libinit$$00000015)
    __rt_lib_init_lc_monetary_1              0x0800024f   Thumb Code     0  libinit2.o(.ARM.Collect$$libinit$$00000017)
    __rt_lib_init_lc_numeric_1               0x0800024f   Thumb Code     0  libinit2.o(.ARM.Collect$$libinit$$00000019)
    __rt_lib_init_lc_time_1                  0x0800024f   Thumb Code     0  libinit2.o(.ARM.Collect$$libinit$$0000001B)
    __rt_lib_init_preinit_1                  0x0800024f   Thumb Code     0  libinit2.o(.ARM.Collect$$libinit$$00000006)
    __rt_lib_init_rand_1                     0x0800024f   Thumb Code     0  libinit2.o(.ARM.Collect$$libinit$$00000010)
    __rt_lib_init_relocate_pie_1             0x0800024f   Thumb Code     0  libinit2.o(.ARM.Collect$$libinit$$00000004)
    __rt_lib_init_signal_1                   0x0800024f   Thumb Code     0  libinit2.o(.ARM.Collect$$libinit$$0000001F)
    __rt_lib_init_stdio_1                    0x0800024f   Thumb Code     0  libinit2.o(.ARM.Collect$$libinit$$00000027)
    __rt_lib_init_user_alloc_1               0x0800024f   Thumb Code     0  libinit2.o(.ARM.Collect$$libinit$$0000000E)
    __rt_lib_init_cpp_1                      0x08000253   Thumb Code     0  libinit2.o(.ARM.Collect$$libinit$$00000034)
    __rt_lib_init_return                     0x08000253   Thumb Code     0  libinit2.o(.ARM.Collect$$libinit$$00000035)
    __rt_lib_shutdown                        0x08000255   Thumb Code     0  libshutdown.o(.ARM.Collect$$libshutdown$$00000000)
    __rt_lib_shutdown_cpp_1                  0x08000257   Thumb Code     0  libshutdown2.o(.ARM.Collect$$libshutdown$$00000002)
    __rt_lib_shutdown_fp_trap_1              0x08000257   Thumb Code     0  libshutdown2.o(.ARM.Collect$$libshutdown$$00000007)
    __rt_lib_shutdown_heap_1                 0x08000257   Thumb Code     0  libshutdown2.o(.ARM.Collect$$libshutdown$$0000000F)
    __rt_lib_shutdown_return                 0x08000257   Thumb Code     0  libshutdown2.o(.ARM.Collect$$libshutdown$$00000010)
    __rt_lib_shutdown_signal_1               0x08000257   Thumb Code     0  libshutdown2.o(.ARM.Collect$$libshutdown$$0000000A)
    __rt_lib_shutdown_stdio_1                0x08000257   Thumb Code     0  libshutdown2.o(.ARM.Collect$$libshutdown$$00000004)
    __rt_lib_shutdown_user_alloc_1           0x08000257   Thumb Code     0  libshutdown2.o(.ARM.Collect$$libshutdown$$0000000C)
    __rt_entry                               0x08000259   Thumb Code     0  __rtentry.o(.ARM.Collect$$rtentry$$00000000)
    __rt_entry_presh_1                       0x08000259   Thumb Code     0  __rtentry2.o(.ARM.Collect$$rtentry$$00000002)
    __rt_entry_sh                            0x08000259   Thumb Code     0  __rtentry4.o(.ARM.Collect$$rtentry$$00000004)
    __rt_entry_li                            0x0800025f   Thumb Code     0  __rtentry2.o(.ARM.Collect$$rtentry$$0000000A)
    __rt_entry_postsh_1                      0x0800025f   Thumb Code     0  __rtentry2.o(.ARM.Collect$$rtentry$$00000009)
    __rt_entry_main                          0x08000263   Thumb Code     0  __rtentry2.o(.ARM.Collect$$rtentry$$0000000D)
    __rt_entry_postli_1                      0x08000263   Thumb Code     0  __rtentry2.o(.ARM.Collect$$rtentry$$0000000C)
    __rt_exit                                0x0800026b   Thumb Code     0  rtexit.o(.ARM.Collect$$rtexit$$00000000)
    __rt_exit_ls                             0x0800026d   Thumb Code     0  rtexit2.o(.ARM.Collect$$rtexit$$00000003)
    __rt_exit_prels_1                        0x0800026d   Thumb Code     0  rtexit2.o(.ARM.Collect$$rtexit$$00000002)
    __rt_exit_exit                           0x08000271   Thumb Code     0  rtexit2.o(.ARM.Collect$$rtexit$$00000004)
    Reset_Handler                            0x08000279   Thumb Code     8  startup_stm32f407xx.o(.text)
    ADC_IRQHandler                           0x08000293   Thumb Code     0  startup_stm32f407xx.o(.text)
    CAN1_RX1_IRQHandler                      0x08000293   Thumb Code     0  startup_stm32f407xx.o(.text)
    CAN1_SCE_IRQHandler                      0x08000293   Thumb Code     0  startup_stm32f407xx.o(.text)
    CAN1_TX_IRQHandler                       0x08000293   Thumb Code     0  startup_stm32f407xx.o(.text)
    CAN2_RX1_IRQHandler                      0x08000293   Thumb Code     0  startup_stm32f407xx.o(.text)
    CAN2_SCE_IRQHandler                      0x08000293   Thumb Code     0  startup_stm32f407xx.o(.text)
    CAN2_TX_IRQHandler                       0x08000293   Thumb Code     0  startup_stm32f407xx.o(.text)
    DCMI_IRQHandler                          0x08000293   Thumb Code     0  startup_stm32f407xx.o(.text)
    DMA1_Stream0_IRQHandler                  0x08000293   Thumb Code     0  startup_stm32f407xx.o(.text)
    DMA1_Stream1_IRQHandler                  0x08000293   Thumb Code     0  startup_stm32f407xx.o(.text)
    DMA1_Stream2_IRQHandler                  0x08000293   Thumb Code     0  startup_stm32f407xx.o(.text)
    DMA1_Stream3_IRQHandler                  0x08000293   Thumb Code     0  startup_stm32f407xx.o(.text)
    DMA1_Stream4_IRQHandler                  0x08000293   Thumb Code     0  startup_stm32f407xx.o(.text)
    DMA1_Stream6_IRQHandler                  0x08000293   Thumb Code     0  startup_stm32f407xx.o(.text)
    DMA1_Stream7_IRQHandler                  0x08000293   Thumb Code     0  startup_stm32f407xx.o(.text)
    DMA2_Stream0_IRQHandler                  0x08000293   Thumb Code     0  startup_stm32f407xx.o(.text)
    DMA2_Stream2_IRQHandler                  0x08000293   Thumb Code     0  startup_stm32f407xx.o(.text)
    DMA2_Stream3_IRQHandler                  0x08000293   Thumb Code     0  startup_stm32f407xx.o(.text)
    DMA2_Stream4_IRQHandler                  0x08000293   Thumb Code     0  startup_stm32f407xx.o(.text)
    DMA2_Stream5_IRQHandler                  0x08000293   Thumb Code     0  startup_stm32f407xx.o(.text)
    DMA2_Stream6_IRQHandler                  0x08000293   Thumb Code     0  startup_stm32f407xx.o(.text)
    DMA2_Stream7_IRQHandler                  0x08000293   Thumb Code     0  startup_stm32f407xx.o(.text)
    ETH_IRQHandler                           0x08000293   Thumb Code     0  startup_stm32f407xx.o(.text)
    ETH_WKUP_IRQHandler                      0x08000293   Thumb Code     0  startup_stm32f407xx.o(.text)
    EXTI0_IRQHandler                         0x08000293   Thumb Code     0  startup_stm32f407xx.o(.text)
    EXTI15_10_IRQHandler                     0x08000293   Thumb Code     0  startup_stm32f407xx.o(.text)
    EXTI1_IRQHandler                         0x08000293   Thumb Code     0  startup_stm32f407xx.o(.text)
    EXTI2_IRQHandler                         0x08000293   Thumb Code     0  startup_stm32f407xx.o(.text)
    EXTI3_IRQHandler                         0x08000293   Thumb Code     0  startup_stm32f407xx.o(.text)
    EXTI4_IRQHandler                         0x08000293   Thumb Code     0  startup_stm32f407xx.o(.text)
    FLASH_IRQHandler                         0x08000293   Thumb Code     0  startup_stm32f407xx.o(.text)
    FMC_IRQHandler                           0x08000293   Thumb Code     0  startup_stm32f407xx.o(.text)
    FPU_IRQHandler                           0x08000293   Thumb Code     0  startup_stm32f407xx.o(.text)
    HASH_RNG_IRQHandler                      0x08000293   Thumb Code     0  startup_stm32f407xx.o(.text)
    I2C1_ER_IRQHandler                       0x08000293   Thumb Code     0  startup_stm32f407xx.o(.text)
    I2C1_EV_IRQHandler                       0x08000293   Thumb Code     0  startup_stm32f407xx.o(.text)
    I2C2_ER_IRQHandler                       0x08000293   Thumb Code     0  startup_stm32f407xx.o(.text)
    I2C2_EV_IRQHandler                       0x08000293   Thumb Code     0  startup_stm32f407xx.o(.text)
    I2C3_ER_IRQHandler                       0x08000293   Thumb Code     0  startup_stm32f407xx.o(.text)
    I2C3_EV_IRQHandler                       0x08000293   Thumb Code     0  startup_stm32f407xx.o(.text)
    OTG_FS_IRQHandler                        0x08000293   Thumb Code     0  startup_stm32f407xx.o(.text)
    OTG_FS_WKUP_IRQHandler                   0x08000293   Thumb Code     0  startup_stm32f407xx.o(.text)
    OTG_HS_EP1_IN_IRQHandler                 0x08000293   Thumb Code     0  startup_stm32f407xx.o(.text)
    OTG_HS_EP1_OUT_IRQHandler                0x08000293   Thumb Code     0  startup_stm32f407xx.o(.text)
    OTG_HS_IRQHandler                        0x08000293   Thumb Code     0  startup_stm32f407xx.o(.text)
    OTG_HS_WKUP_IRQHandler                   0x08000293   Thumb Code     0  startup_stm32f407xx.o(.text)
    PVD_IRQHandler                           0x08000293   Thumb Code     0  startup_stm32f407xx.o(.text)
    RCC_IRQHandler                           0x08000293   Thumb Code     0  startup_stm32f407xx.o(.text)
    RTC_Alarm_IRQHandler                     0x08000293   Thumb Code     0  startup_stm32f407xx.o(.text)
    RTC_WKUP_IRQHandler                      0x08000293   Thumb Code     0  startup_stm32f407xx.o(.text)
    SDIO_IRQHandler                          0x08000293   Thumb Code     0  startup_stm32f407xx.o(.text)
    SPI1_IRQHandler                          0x08000293   Thumb Code     0  startup_stm32f407xx.o(.text)
    SPI2_IRQHandler                          0x08000293   Thumb Code     0  startup_stm32f407xx.o(.text)
    SPI3_IRQHandler                          0x08000293   Thumb Code     0  startup_stm32f407xx.o(.text)
    TAMP_STAMP_IRQHandler                    0x08000293   Thumb Code     0  startup_stm32f407xx.o(.text)
    TIM1_BRK_TIM9_IRQHandler                 0x08000293   Thumb Code     0  startup_stm32f407xx.o(.text)
    TIM1_CC_IRQHandler                       0x08000293   Thumb Code     0  startup_stm32f407xx.o(.text)
    TIM1_TRG_COM_TIM11_IRQHandler            0x08000293   Thumb Code     0  startup_stm32f407xx.o(.text)
    TIM1_UP_TIM10_IRQHandler                 0x08000293   Thumb Code     0  startup_stm32f407xx.o(.text)
    TIM4_IRQHandler                          0x08000293   Thumb Code     0  startup_stm32f407xx.o(.text)
    TIM5_IRQHandler                          0x08000293   Thumb Code     0  startup_stm32f407xx.o(.text)
    TIM6_DAC_IRQHandler                      0x08000293   Thumb Code     0  startup_stm32f407xx.o(.text)
    TIM7_IRQHandler                          0x08000293   Thumb Code     0  startup_stm32f407xx.o(.text)
    TIM8_BRK_TIM12_IRQHandler                0x08000293   Thumb Code     0  startup_stm32f407xx.o(.text)
    TIM8_CC_IRQHandler                       0x08000293   Thumb Code     0  startup_stm32f407xx.o(.text)
    TIM8_TRG_COM_TIM14_IRQHandler            0x08000293   Thumb Code     0  startup_stm32f407xx.o(.text)
    TIM8_UP_TIM13_IRQHandler                 0x08000293   Thumb Code     0  startup_stm32f407xx.o(.text)
    UART4_IRQHandler                         0x08000293   Thumb Code     0  startup_stm32f407xx.o(.text)
    UART5_IRQHandler                         0x08000293   Thumb Code     0  startup_stm32f407xx.o(.text)
    USART6_IRQHandler                        0x08000293   Thumb Code     0  startup_stm32f407xx.o(.text)
    WWDG_IRQHandler                          0x08000293   Thumb Code     0  startup_stm32f407xx.o(.text)
    __user_initial_stackheap                 0x08000295   Thumb Code     0  startup_stm32f407xx.o(.text)
    __aeabi_uldivmod                         0x080002b9   Thumb Code     0  lludivv7m.o(.text)
    _ll_udiv                                 0x080002b9   Thumb Code   240  lludivv7m.o(.text)
    __aeabi_memcpy                           0x080003a9   Thumb Code     0  rt_memcpy_v6.o(.text)
    __rt_memcpy                              0x080003a9   Thumb Code   138  rt_memcpy_v6.o(.text)
    _memcpy_lastbytes                        0x0800040f   Thumb Code     0  rt_memcpy_v6.o(.text)
    __aeabi_memset4                          0x08000433   Thumb Code    16  aeabi_memset4.o(.text)
    __aeabi_memset8                          0x08000433   Thumb Code     0  aeabi_memset4.o(.text)
    __aeabi_memclr                           0x08000443   Thumb Code     0  rt_memclr.o(.text)
    __rt_memclr                              0x08000443   Thumb Code     0  rt_memclr.o(.text)
    _memset                                  0x08000447   Thumb Code    64  rt_memclr.o(.text)
    __aeabi_memclr4                          0x08000487   Thumb Code     0  rt_memclr_w.o(.text)
    __aeabi_memclr8                          0x08000487   Thumb Code     0  rt_memclr_w.o(.text)
    __rt_memclr_w                            0x08000487   Thumb Code     0  rt_memclr_w.o(.text)
    _memset_w                                0x0800048b   Thumb Code    74  rt_memclr_w.o(.text)
    __use_two_region_memory                  0x080004d5   Thumb Code     2  heapauxi.o(.text)
    __rt_heap_escrow                         0x080004d7   Thumb Code     2  heapauxi.o(.text)
    __rt_heap_expand                         0x080004d9   Thumb Code     2  heapauxi.o(.text)
    __cpp_initialize__aeabi_                 0x080004dd   Thumb Code    36  init_aeabi.o(.text)
    free                                     0x08000509   Thumb Code    78  h1_free.o(.text)
    __aeabi_memcpy4                          0x08000557   Thumb Code     0  rt_memcpy_w.o(.text)
    __aeabi_memcpy8                          0x08000557   Thumb Code     0  rt_memcpy_w.o(.text)
    __rt_memcpy_w                            0x08000557   Thumb Code   100  rt_memcpy_w.o(.text)
    _memcpy_lastbytes_aligned                0x0800059f   Thumb Code     0  rt_memcpy_w.o(.text)
    __rt_heap_descriptor                     0x080005bd   Thumb Code     8  rt_heap_descriptor_intlibspace.o(.text)
    abort                                    0x080005c5   Thumb Code    22  abort.o(.text)
    _sys_exit                                0x080005dd   Thumb Code     8  sys_exit.o(.text)
    __user_libspace                          0x080005e9   Thumb Code     8  libspace.o(.text)
    __user_perproc_libspace                  0x080005e9   Thumb Code     0  libspace.o(.text)
    __user_perthread_libspace                0x080005e9   Thumb Code     0  libspace.o(.text)
    __user_setup_stackheap                   0x080005f1   Thumb Code    74  sys_stackheap_outer.o(.text)
    exit                                     0x0800063b   Thumb Code    18  exit.o(.text)
    __rt_SIGABRT                             0x0800064d   Thumb Code    14  defsig_abrt_outer.o(.text)
    __I$use$semihosting                      0x0800065b   Thumb Code     0  use_no_semi.o(.text)
    __use_no_semihosting_swi                 0x0800065b   Thumb Code     2  use_no_semi.o(.text)
    __semihosting_library_function           0x0800065d   Thumb Code     0  indicate_semi.o(.text)
    __sig_exit                               0x0800065d   Thumb Code    10  defsig_exit.o(.text)
    __rt_SIGABRT_inner                       0x08000669   Thumb Code    14  defsig_abrt_inner.o(.text)
    __default_signal_display                 0x08000699   Thumb Code    50  defsig_general.o(.text)
    _ttywrch                                 0x080006cb   Thumb Code    14  sys_wrch.o(.text)
    BusFault_Handler                         0x080006d9   Thumb Code     2  stm32f4xx_it.o(.text.BusFault_Handler)
    CAN1_RX0_IRQHandler                      0x080006dd   Thumb Code    12  stm32f4xx_it.o(.text.CAN1_RX0_IRQHandler)
    CAN2_RX0_IRQHandler                      0x080006e9   Thumb Code    12  stm32f4xx_it.o(.text.CAN2_RX0_IRQHandler)
    CRC16_Table                              0x080006f5   Thumb Code   222  crc_util.o(.text.CRC16_Table)
    DMA1_Stream5_IRQHandler                  0x080007d5   Thumb Code    12  stm32f4xx_it.o(.text.DMA1_Stream5_IRQHandler)
    DMA2_Stream1_IRQHandler                  0x080007e1   Thumb Code    12  stm32f4xx_it.o(.text.DMA2_Stream1_IRQHandler)
    DebugMon_Handler                         0x080007ed   Thumb Code     2  stm32f4xx_it.o(.text.DebugMon_Handler)
    EXTI9_5_IRQHandler                       0x080007f1   Thumb Code     6  stm32f4xx_it.o(.text.EXTI9_5_IRQHandler)
    Error_Handler                            0x080007f9   Thumb Code     6  main.o(.text.Error_Handler)
    HAL_CAN_ActivateNotification             0x08000801   Thumb Code    46  stm32f4xx_hal_can.o(.text.HAL_CAN_ActivateNotification)
    HAL_CAN_AddTxMessage                     0x08000831   Thumb Code   168  stm32f4xx_hal_can.o(.text.HAL_CAN_AddTxMessage)
    HAL_CAN_ConfigFilter                     0x080008d9   Thumb Code   222  stm32f4xx_hal_can.o(.text.HAL_CAN_ConfigFilter)
    HAL_CAN_ErrorCallback                    0x080009b9   Thumb Code     2  stm32f4xx_hal_can.o(.text.HAL_CAN_ErrorCallback)
    HAL_CAN_GetRxMessage                     0x080009bd   Thumb Code   298  stm32f4xx_hal_can.o(.text.HAL_CAN_GetRxMessage)
    HAL_CAN_IRQHandler                       0x08000ae9   Thumb Code   606  stm32f4xx_hal_can.o(.text.HAL_CAN_IRQHandler)
    HAL_CAN_Init                             0x08000d49   Thumb Code   244  stm32f4xx_hal_can.o(.text.HAL_CAN_Init)
    HAL_CAN_MspInit                          0x08000e3d   Thumb Code   312  can.o(.text.HAL_CAN_MspInit)
    HAL_CAN_RxFifo0FullCallback              0x08000f75   Thumb Code     2  stm32f4xx_hal_can.o(.text.HAL_CAN_RxFifo0FullCallback)
    HAL_CAN_RxFifo0MsgPendingCallback        0x08000f79   Thumb Code   262  can_device.o(.text.HAL_CAN_RxFifo0MsgPendingCallback)
    HAL_CAN_RxFifo1FullCallback              0x08001081   Thumb Code     2  stm32f4xx_hal_can.o(.text.HAL_CAN_RxFifo1FullCallback)
    HAL_CAN_RxFifo1MsgPendingCallback        0x08001085   Thumb Code     2  stm32f4xx_hal_can.o(.text.HAL_CAN_RxFifo1MsgPendingCallback)
    HAL_CAN_SleepCallback                    0x08001089   Thumb Code     2  stm32f4xx_hal_can.o(.text.HAL_CAN_SleepCallback)
    HAL_CAN_Start                            0x0800108d   Thumb Code    90  stm32f4xx_hal_can.o(.text.HAL_CAN_Start)
    HAL_CAN_TxMailbox0AbortCallback          0x080010e9   Thumb Code     2  stm32f4xx_hal_can.o(.text.HAL_CAN_TxMailbox0AbortCallback)
    HAL_CAN_TxMailbox0CompleteCallback       0x080010ed   Thumb Code     2  stm32f4xx_hal_can.o(.text.HAL_CAN_TxMailbox0CompleteCallback)
    HAL_CAN_TxMailbox1AbortCallback          0x080010f1   Thumb Code     2  stm32f4xx_hal_can.o(.text.HAL_CAN_TxMailbox1AbortCallback)
    HAL_CAN_TxMailbox1CompleteCallback       0x080010f5   Thumb Code     2  stm32f4xx_hal_can.o(.text.HAL_CAN_TxMailbox1CompleteCallback)
    HAL_CAN_TxMailbox2AbortCallback          0x080010f9   Thumb Code     2  stm32f4xx_hal_can.o(.text.HAL_CAN_TxMailbox2AbortCallback)
    HAL_CAN_TxMailbox2CompleteCallback       0x080010fd   Thumb Code     2  stm32f4xx_hal_can.o(.text.HAL_CAN_TxMailbox2CompleteCallback)
    HAL_CAN_WakeUpFromRxMsgCallback          0x08001101   Thumb Code     2  stm32f4xx_hal_can.o(.text.HAL_CAN_WakeUpFromRxMsgCallback)
    HAL_DMA_Abort                            0x08001105   Thumb Code   142  stm32f4xx_hal_dma.o(.text.HAL_DMA_Abort)
    HAL_DMA_Abort_IT                         0x08001195   Thumb Code    36  stm32f4xx_hal_dma.o(.text.HAL_DMA_Abort_IT)
    HAL_DMA_GetError                         0x080011b9   Thumb Code     4  stm32f4xx_hal_dma.o(.text.HAL_DMA_GetError)
    HAL_DMA_IRQHandler                       0x080011bd   Thumb Code   448  stm32f4xx_hal_dma.o(.text.HAL_DMA_IRQHandler)
    HAL_DMA_Init                             0x0800137d   Thumb Code   354  stm32f4xx_hal_dma.o(.text.HAL_DMA_Init)
    HAL_GPIO_EXTI_Callback                   0x080014e1   Thumb Code     2  stm32f4xx_hal_gpio.o(.text.HAL_GPIO_EXTI_Callback)
    HAL_GPIO_EXTI_IRQHandler                 0x080014e5   Thumb Code    22  stm32f4xx_hal_gpio.o(.text.HAL_GPIO_EXTI_IRQHandler)
    HAL_GPIO_Init                            0x080014fd   Thumb Code   414  stm32f4xx_hal_gpio.o(.text.HAL_GPIO_Init)
    HAL_GPIO_WritePin                        0x0800169d   Thumb Code    10  stm32f4xx_hal_gpio.o(.text.HAL_GPIO_WritePin)
    HAL_GetTick                              0x080016a9   Thumb Code    12  stm32f4xx_hal.o(.text.HAL_GetTick)
    HAL_IncTick                              0x080016b5   Thumb Code    26  stm32f4xx_hal.o(.text.HAL_IncTick)
    HAL_Init                                 0x080016d1   Thumb Code    54  stm32f4xx_hal.o(.text.HAL_Init)
    HAL_InitTick                             0x08001709   Thumb Code   188  stm32f4xx_hal_timebase_tim.o(.text.HAL_InitTick)
    HAL_MspInit                              0x080017c5   Thumb Code    66  stm32f4xx_hal_msp.o(.text.HAL_MspInit)
    HAL_NVIC_EnableIRQ                       0x08001809   Thumb Code    34  stm32f4xx_hal_cortex.o(.text.HAL_NVIC_EnableIRQ)
    HAL_NVIC_SetPriority                     0x0800182d   Thumb Code    86  stm32f4xx_hal_cortex.o(.text.HAL_NVIC_SetPriority)
    HAL_NVIC_SetPriorityGrouping             0x08001885   Thumb Code    32  stm32f4xx_hal_cortex.o(.text.HAL_NVIC_SetPriorityGrouping)
    HAL_RCC_ClockConfig                      0x080018a5   Thumb Code   356  stm32f4xx_hal_rcc.o(.text.HAL_RCC_ClockConfig)
    HAL_RCC_GetClockConfig                   0x08001a09   Thumb Code    62  stm32f4xx_hal_rcc.o(.text.HAL_RCC_GetClockConfig)
    HAL_RCC_GetPCLK1Freq                     0x08001a49   Thumb Code    38  stm32f4xx_hal_rcc.o(.text.HAL_RCC_GetPCLK1Freq)
    HAL_RCC_GetPCLK2Freq                     0x08001a71   Thumb Code    38  stm32f4xx_hal_rcc.o(.text.HAL_RCC_GetPCLK2Freq)
    HAL_RCC_GetSysClockFreq                  0x08001a99   Thumb Code   108  stm32f4xx_hal_rcc.o(.text.HAL_RCC_GetSysClockFreq)
    HAL_RCC_OscConfig                        0x08001b05   Thumb Code   944  stm32f4xx_hal_rcc.o(.text.HAL_RCC_OscConfig)
    HAL_TIMEx_BreakCallback                  0x08001eb5   Thumb Code     2  stm32f4xx_hal_tim_ex.o(.text.HAL_TIMEx_BreakCallback)
    HAL_TIMEx_CommutCallback                 0x08001eb9   Thumb Code     2  stm32f4xx_hal_tim_ex.o(.text.HAL_TIMEx_CommutCallback)
    HAL_TIMEx_MasterConfigSynchronization    0x08001ebd   Thumb Code   186  stm32f4xx_hal_tim_ex.o(.text.HAL_TIMEx_MasterConfigSynchronization)
    HAL_TIM_Base_Init                        0x08001f79   Thumb Code    90  stm32f4xx_hal_tim.o(.text.HAL_TIM_Base_Init)
    HAL_TIM_Base_MspInit                     0x08001fd5   Thumb Code    66  tim.o(.text.HAL_TIM_Base_MspInit)
    HAL_TIM_Base_Start_IT                    0x08002019   Thumb Code   170  stm32f4xx_hal_tim.o(.text.HAL_TIM_Base_Start_IT)
    HAL_TIM_ConfigClockSource                0x080020c5   Thumb Code   416  stm32f4xx_hal_tim.o(.text.HAL_TIM_ConfigClockSource)
    HAL_TIM_IC_CaptureCallback               0x08002265   Thumb Code     2  stm32f4xx_hal_tim.o(.text.HAL_TIM_IC_CaptureCallback)
    HAL_TIM_IRQHandler                       0x08002269   Thumb Code   334  stm32f4xx_hal_tim.o(.text.HAL_TIM_IRQHandler)
    HAL_TIM_OC_DelayElapsedCallback          0x080023b9   Thumb Code     2  stm32f4xx_hal_tim.o(.text.HAL_TIM_OC_DelayElapsedCallback)
    HAL_TIM_PWM_PulseFinishedCallback        0x080023bd   Thumb Code     2  stm32f4xx_hal_tim.o(.text.HAL_TIM_PWM_PulseFinishedCallback)
    HAL_TIM_PeriodElapsedCallback            0x080023c1   Thumb Code    20  main.o(.text.HAL_TIM_PeriodElapsedCallback)
    HAL_TIM_TriggerCallback                  0x080023d5   Thumb Code     2  stm32f4xx_hal_tim.o(.text.HAL_TIM_TriggerCallback)
    HAL_UARTEx_RxEventCallback               0x080023d9   Thumb Code     2  stm32f4xx_hal_uart.o(.text.HAL_UARTEx_RxEventCallback)
    HAL_UART_AbortReceive                    0x080023dd   Thumb Code   366  stm32f4xx_hal_uart.o(.text.HAL_UART_AbortReceive)
    HAL_UART_ErrorCallback                   0x0800254d   Thumb Code    52  usart.o(.text.HAL_UART_ErrorCallback)
    HAL_UART_IRQHandler                      0x08002581   Thumb Code  1392  stm32f4xx_hal_uart.o(.text.HAL_UART_IRQHandler)
    HAL_UART_Init                            0x08002af1   Thumb Code    96  stm32f4xx_hal_uart.o(.text.HAL_UART_Init)
    HAL_UART_MspInit                         0x08002b51   Thumb Code   796  usart.o(.text.HAL_UART_MspInit)
    HAL_UART_Receive_IT                      0x08002e6d   Thumb Code    84  stm32f4xx_hal_uart.o(.text.HAL_UART_Receive_IT)
    HAL_UART_RxCpltCallback                  0x08002ec1   Thumb Code    80  serial_device.o(.text.HAL_UART_RxCpltCallback)
    HAL_UART_Transmit                        0x08002f11   Thumb Code   376  stm32f4xx_hal_uart.o(.text.HAL_UART_Transmit)
    HAL_UART_TxCpltCallback                  0x08003089   Thumb Code     2  stm32f4xx_hal_uart.o(.text.HAL_UART_TxCpltCallback)
    HardFault_Handler                        0x0800308d   Thumb Code     2  stm32f4xx_it.o(.text.HardFault_Handler)
    MX_CAN1_Init                             0x08003091   Thumb Code    70  can.o(.text.MX_CAN1_Init)
    MX_CAN2_Init                             0x080030d9   Thumb Code    74  can.o(.text.MX_CAN2_Init)
    MX_DMA_Init                              0x08003125   Thumb Code    92  dma.o(.text.MX_DMA_Init)
    MX_GPIO_Init                             0x08003181   Thumb Code   436  gpio.o(.text.MX_GPIO_Init)
    MX_TIM2_Init                             0x08003335   Thumb Code   114  tim.o(.text.MX_TIM2_Init)
    MX_UART4_Init                            0x080033a9   Thumb Code    60  usart.o(.text.MX_UART4_Init)
    MX_USART1_UART_Init                      0x080033e5   Thumb Code    60  usart.o(.text.MX_USART1_UART_Init)
    MX_USART2_UART_Init                      0x08003421   Thumb Code    60  usart.o(.text.MX_USART2_UART_Init)
    MX_USART3_UART_Init                      0x0800345d   Thumb Code    64  usart.o(.text.MX_USART3_UART_Init)
    MX_USART6_UART_Init                      0x0800349d   Thumb Code    60  usart.o(.text.MX_USART6_UART_Init)
    MemManage_Handler                        0x080034d9   Thumb Code     2  stm32f4xx_it.o(.text.MemManage_Handler)
    NMI_Handler                              0x080034dd   Thumb Code     2  stm32f4xx_it.o(.text.NMI_Handler)
    PendSV_Handler                           0x080034e1   Thumb Code   100  port.o(.text.PendSV_Handler)
    SVC_Handler                              0x08003551   Thumb Code    36  port.o(.text.SVC_Handler)
    SysTick_Handler                          0x08003575   Thumb Code    30  cmsis_os2.o(.text.SysTick_Handler)
    SystemClock_Config                       0x08003595   Thumb Code   172  main.o(.text.SystemClock_Config)
    SystemInit                               0x08003641   Thumb Code    18  system_stm32f4xx.o(.text.SystemInit)
    TIM2_IRQHandler                          0x08003655   Thumb Code    12  stm32f4xx_it.o(.text.TIM2_IRQHandler)
    TIM3_IRQHandler                          0x08003661   Thumb Code    12  stm32f4xx_it.o(.text.TIM3_IRQHandler)
    TIM_Base_SetConfig                       0x0800366d   Thumb Code   332  stm32f4xx_hal_tim.o(.text.TIM_Base_SetConfig)
    USART1_IRQHandler                        0x080039b5   Thumb Code    12  stm32f4xx_it.o(.text.USART1_IRQHandler)
    USART2_IRQHandler                        0x080039c1   Thumb Code    12  stm32f4xx_it.o(.text.USART2_IRQHandler)
    USART3_IRQHandler                        0x080039cd   Thumb Code    12  stm32f4xx_it.o(.text.USART3_IRQHandler)
    UsageFault_Handler                       0x080039d9   Thumb Code     2  stm32f4xx_it.o(.text.UsageFault_Handler)
    CanManager::process_data()               0x08003ab9   Thumb Code   204  can_device.o(.text._ZN10CanManager12process_dataEv)
    CanManager::CAN1_Filter_Init()           0x08003b85   Thumb Code   120  can_device.o(.text._ZN10CanManager16CAN1_Filter_InitEv)
    CanManager::CAN2_Filter_Init()           0x08003bfd   Thumb Code   124  can_device.o(.text._ZN10CanManager16CAN2_Filter_InitEv)
    CanManager::init()                       0x08003c79   Thumb Code    42  can_device.o(.text._ZN10CanManager4initEv)
    CanManager::CanManager()                 0x08003ca5   Thumb Code    76  can_device.o(.text._ZN10CanManagerC2Ev)
    CanManager::CanManager__sub_object()     0x08003ca5   Thumb Code    76  can_device.o(.text._ZN10CanManagerC2Ev)
    CanManager::~CanManager__deallocating()  0x08003cf1   Thumb Code     6  can_device.o(.text._ZN10CanManagerD0Ev)
    RC9Protocol::process_data()              0x08003cf9   Thumb Code   164  rc9protocol.o(.text._ZN11RC9Protocol12process_dataEv)
    RC9Protocol::handleReceiveData(unsigned char) 0x08003d9d   Thumb Code   512  rc9protocol.o(.text._ZN11RC9Protocol17handleReceiveDataEh)
    RC9Protocol::RC9Protocol(__UART_HandleTypeDef*, bool) 0x08003f9d   Thumb Code   118  rc9protocol.o(.text._ZN11RC9ProtocolC2EP20__UART_HandleTypeDefb)
    RC9Protocol::RC9Protocol__sub_object(__UART_HandleTypeDef*, bool) 0x08003f9d   Thumb Code   118  rc9protocol.o(.text._ZN11RC9ProtocolC2EP20__UART_HandleTypeDefb)
    RC9Protocol::~RC9Protocol__deallocating() 0x08004015   Thumb Code     8  rc9protocol.o(.text._ZN11RC9ProtocolD0Ev)
    RC9Protocol::~RC9Protocol__sub_object()  0x0800401d   Thumb Code     2  rc9protocol.o(.text._ZN11RC9ProtocolD2Ev)
    TaskManager::TaskFunction(void*)         0x08004021   Thumb Code    92  taskmanager.o(.text._ZN11TaskManager12TaskFunctionEPv)
    TaskManager::registerTask(int, ITaskProcessor*) 0x0800407d   Thumb Code    88  taskmanager.o(.text._ZN11TaskManager12registerTaskEiP14ITaskProcessor)
    TaskManager::TaskManager()               0x080040d5   Thumb Code   274  taskmanager.o(.text._ZN11TaskManagerC2Ev)
    TaskManager::TaskManager__sub_object()   0x080040d5   Thumb Code   274  taskmanager.o(.text._ZN11TaskManagerC2Ev)
    SerialDevice::startUartReceiveIT()       0x080041e9   Thumb Code    14  serial_device.o(.text._ZN12SerialDevice18startUartReceiveITEv)
    SerialDevice::SerialDevice__sub_object(__UART_HandleTypeDef*) 0x080041f9   Thumb Code    56  serial_device.o(.text._ZN12SerialDeviceC2EP20__UART_HandleTypeDef)
    ITaskProcessor::~ITaskProcessor__sub_object() 0x08004231   Thumb Code     2  can_device.o(.text._ZN14ITaskProcessorD2Ev)
    pid::PID_Compute(float)                  0x08004235   Thumb Code   312  pid.o(.text._ZN3pid11PID_ComputeEf)
    pid::pid(float, float, float, float, float, float, float) 0x08004371   Thumb Code    36  pid.o(.text._ZN3pidC2Efffffff)
    pid::pid__sub_object(float, float, float, float, float, float, float) 0x08004371   Thumb Code    36  pid.o(.text._ZN3pidC2Efffffff)
    m3508::can_update(unsigned char*)        0x08004395   Thumb Code    76  m3508.o(.text._ZN5m350810can_updateEPh)
    m3508::m3508_process()                   0x080043f1   Thumb Code    80  m3508.o(.text._ZN5m350813m3508_processEv)
    m3508::m3508(unsigned char, CAN_HandleTypeDef*, unsigned char, float, float, float) 0x08004449   Thumb Code   108  m3508.o(.text._ZN5m3508C2EhP17CAN_HandleTypeDefhfff)
    m3508::m3508__sub_object(unsigned char, CAN_HandleTypeDef*, unsigned char, float, float, float) 0x08004449   Thumb Code   108  m3508.o(.text._ZN5m3508C2EhP17CAN_HandleTypeDefhfff)
    action::handleReceiveData(unsigned char) 0x080044c1   Thumb Code   262  acton.o(.text._ZN6action17handleReceiveDataEh)
    action::action(__UART_HandleTypeDef*, float, float) 0x080045c9   Thumb Code    88  acton.o(.text._ZN6actionC2EP20__UART_HandleTypeDefff)
    action::action__sub_object(__UART_HandleTypeDef*, float, float) 0x080045c9   Thumb Code    88  acton.o(.text._ZN6actionC2EP20__UART_HandleTypeDefff)
    CanDevice::m2006_process()               0x08004621   Thumb Code     4  can_device.o(.text._ZN9CanDevice13m2006_processEv)
    CanDevice::m3508_process()               0x08004625   Thumb Code     4  can_device.o(.text._ZN9CanDevice13m3508_processEv)
    CanDevice::CanDevice__sub_object(CanDeviceType, CAN_HandleTypeDef*, unsigned char) 0x08004629   Thumb Code   488  can_device.o(.text._ZN9CanDeviceC2E13CanDeviceTypeP17CAN_HandleTypeDefh)
    non-virtual thunk to RC9Protocol::process_data() 0x08004811   Thumb Code   168  rc9protocol.o(.text._ZThn12_N11RC9Protocol12process_dataEv)
    non-virtual thunk to RC9Protocol::~RC9Protocol__deallocating() 0x080048b9   Thumb Code    10  rc9protocol.o(.text._ZThn12_N11RC9ProtocolD0Ev)
    non-virtual thunk to RC9Protocol::~RC9Protocol() 0x080048c5   Thumb Code     2  rc9protocol.o(.text._ZThn12_N11RC9ProtocolD1Ev)
    operator delete(void*)                   0x080048c7   Thumb Code     4  new.cpp.o(.text._ZdlPv)
    operator delete(void*, unsigned int)     0x080048cb   Thumb Code     4  new.cpp.o(.text._ZdlPvj)
    __cxa_pure_virtual                       0x080048d1   Thumb Code     8  cxa_virtual.cpp.o(.text.__cxa_pure_virtual)
    abort_message                            0x080048f9   Thumb Code     4  abort_message.cpp.o(.text.abort_message)
    create_tasks                             0x080048fd   Thumb Code    96  simple_task.o(.text.create_tasks)
    main                                     0x0800495d   Thumb Code    70  main.o(.text.main)
    osKernelInitialize                       0x080049a5   Thumb Code    40  cmsis_os2.o(.text.osKernelInitialize)
    osKernelStart                            0x080049cd   Thumb Code    60  cmsis_os2.o(.text.osKernelStart)
    pvPortMalloc                             0x080052ad   Thumb Code   500  heap_4.o(.text.pvPortMalloc)
    pxPortInitialiseStack                    0x080054a1   Thumb Code    36  port.o(.text.pxPortInitialiseStack)
    uxListRemove                             0x080054c5   Thumb Code    36  list.o(.text.uxListRemove)
    vApplicationGetIdleTaskMemory            0x080054e9   Thumb Code    26  cmsis_os2.o(.text.vApplicationGetIdleTaskMemory)
    vApplicationGetTimerTaskMemory           0x08005505   Thumb Code    28  cmsis_os2.o(.text.vApplicationGetTimerTaskMemory)
    vListInitialise                          0x08005521   Thumb Code    22  list.o(.text.vListInitialise)
    vListInitialiseItem                      0x08005539   Thumb Code     6  list.o(.text.vListInitialiseItem)
    vListInsert                              0x08005541   Thumb Code    98  list.o(.text.vListInsert)
    vListInsertEnd                           0x080055a5   Thumb Code    28  list.o(.text.vListInsertEnd)
    vPortEnterCritical                       0x080055d5   Thumb Code    70  port.o(.text.vPortEnterCritical)
    vPortExitCritical                        0x0800561d   Thumb Code    46  port.o(.text.vPortExitCritical)
    vPortFree                                0x0800564d   Thumb Code   212  heap_4.o(.text.vPortFree)
    vPortSetupTimerInterrupt                 0x08005721   Thumb Code    52  port.o(.text.vPortSetupTimerInterrupt)
    vQueueAddToRegistry                      0x08005755   Thumb Code   176  queue.o(.text.vQueueAddToRegistry)
    vQueueWaitForMessageRestricted           0x08005805   Thumb Code    82  queue.o(.text.vQueueWaitForMessageRestricted)
    vTaskDelay                               0x08005859   Thumb Code   128  tasks.o(.text.vTaskDelay)
    vTaskInternalSetTimeOutState             0x080058d9   Thumb Code    18  tasks.o(.text.vTaskInternalSetTimeOutState)
    vTaskMissedYield                         0x080058ed   Thumb Code    14  tasks.o(.text.vTaskMissedYield)
    vTaskPlaceOnEventList                    0x080058fd   Thumb Code   116  tasks.o(.text.vTaskPlaceOnEventList)
    vTaskPlaceOnEventListRestricted          0x08005971   Thumb Code   122  tasks.o(.text.vTaskPlaceOnEventListRestricted)
    vTaskStartScheduler                      0x080059ed   Thumb Code   232  tasks.o(.text.vTaskStartScheduler)
    vTaskSuspendAll                          0x08005add   Thumb Code    16  tasks.o(.text.vTaskSuspendAll)
    vTaskSwitchContext                       0x08005aed   Thumb Code   188  tasks.o(.text.vTaskSwitchContext)
    xPortStartScheduler                      0x08005ba9   Thumb Code   392  port.o(.text.xPortStartScheduler)
    xPortSysTickHandler                      0x08005d31   Thumb Code    46  port.o(.text.xPortSysTickHandler)
    xQueueGenericCreateStatic                0x08005d61   Thumb Code   222  queue.o(.text.xQueueGenericCreateStatic)
    xQueueGenericSend                        0x08005e41   Thumb Code   700  queue.o(.text.xQueueGenericSend)
    xQueueReceive                            0x080060fd   Thumb Code   574  queue.o(.text.xQueueReceive)
    xTaskCheckForTimeOut                     0x0800633d   Thumb Code   150  tasks.o(.text.xTaskCheckForTimeOut)
    xTaskCreate                              0x080063d5   Thumb Code    96  tasks.o(.text.xTaskCreate)
    xTaskCreateStatic                        0x08006435   Thumb Code   118  tasks.o(.text.xTaskCreateStatic)
    xTaskGetSchedulerState                   0x080064ad   Thumb Code    30  tasks.o(.text.xTaskGetSchedulerState)
    xTaskGetTickCount                        0x080064cd   Thumb Code    12  tasks.o(.text.xTaskGetTickCount)
    xTaskIncrementTick                       0x080064d9   Thumb Code   260  tasks.o(.text.xTaskIncrementTick)
    xTaskPriorityDisinherit                  0x080065dd   Thumb Code   138  tasks.o(.text.xTaskPriorityDisinherit)
    xTaskRemoveFromEventList                 0x08006669   Thumb Code   114  tasks.o(.text.xTaskRemoveFromEventList)
    xTaskResumeAll                           0x080066dd   Thumb Code   238  tasks.o(.text.xTaskResumeAll)
    xTimerCreateTimerTask                    0x080067cd   Thumb Code   172  timers.o(.text.xTimerCreateTimerTask)
    _fp_init                                 0x08006881   Thumb Code    26  fpinit.o(x$fpl$fpinit)
    __fplib_config_fpu_vfp                   0x08006899   Thumb Code     0  fpinit.o(x$fpl$fpinit)
    __fplib_config_pureend_doubles           0x08006899   Thumb Code     0  fpinit.o(x$fpl$fpinit)
    AHBPrescTable                            0x0800689a   Data          16  system_stm32f4xx.o(.rodata.AHBPrescTable)
    APBPrescTable                            0x080068aa   Data           8  system_stm32f4xx.o(.rodata.APBPrescTable)
    vtable for CanManager                    0x08006ab4   Data          20  can_device.o(.rodata._ZTV10CanManager)
    vtable for RC9Protocol                   0x08006ac8   Data          44  rc9protocol.o(.rodata._ZTV11RC9Protocol)
    vtable for SerialDevice                  0x08006af4   Data          12  serial_device.o(.rodata._ZTV12SerialDevice)
    vtable for m3508                         0x08006b00   Data          20  m3508.o(.rodata._ZTV5m3508)
    vtable for action                        0x08006b14   Data          12  acton.o(.rodata._ZTV6action)
    vtable for CanDevice                     0x08006b20   Data          20  can_device.o(.rodata._ZTV9CanDevice)
    Region$$Table$$Base                      0x08006b44   Number         0  anon$$obj.o(Region$$Table)
    Region$$Table$$Limit                     0x08006b64   Number         0  anon$$obj.o(Region$$Table)
    SHT$$INIT_ARRAY$$Base                    0x08006b64   Number         0  simple_task.o(.init_array)
    SHT$$INIT_ARRAY$$Limit                   0x08006b68   Number         0  init_aeabi.o(.init_array)
    uwTickFreq                               0x20000000   Data           1  stm32f4xx_hal.o(.data..L_MergedGlobals)
    uwTickPrio                               0x20000004   Data           4  stm32f4xx_hal.o(.data..L_MergedGlobals)
    SystemCoreClock                          0x20000008   Data           4  system_stm32f4xx.o(.data.SystemCoreClock)
    TaskManager::tasks                       0x2000000c   Data        1040  taskmanager.o(.data._ZN11TaskManager5tasksE)
    __libspace_start                         0x20000420   Data          96  libspace.o(.bss)
    TxHeader                                 0x20000480   Data          24  can.o(.bss..L_MergedGlobals)
    __temporary_stack_top$libspace           0x20000480   Data           0  libspace.o(.bss)
    hcan1                                    0x20000498   Data          40  can.o(.bss..L_MergedGlobals)
    hcan2                                    0x200004c0   Data          40  can.o(.bss..L_MergedGlobals)
    pxCurrentTCB                             0x200004e8   Data           4  tasks.o(.bss..L_MergedGlobals)
    Action                                   0x200005ec   Data         164  simple_task.o(.bss.Action)
    CanManager::RxData1                      0x20000698   Data           8  can_device.o(.bss._ZN10CanManager7RxData1E)
    CanManager::RxData2                      0x200006a0   Data           8  can_device.o(.bss._ZN10CanManager7RxData2E)
    SerialDevice::instances_                 0x200006a8   Data          40  serial_device.o(.bss._ZN12SerialDevice10instances_E)
    SerialDevice::instanceCount_             0x200006d0   Data           4  serial_device.o(.bss._ZN12SerialDevice14instanceCount_E)
    CanDevice::m3508_instances_can1          0x200006d4   Data          16  can_device.o(.bss._ZN9CanDevice20m3508_instances_can1E)
    CanDevice::m3508_instances_can2          0x200006e4   Data          16  can_device.o(.bss._ZN9CanDevice20m3508_instances_can2E)
    CanDevice::instanceCount_m3508_can1      0x200006f4   Data           4  can_device.o(.bss._ZN9CanDevice24instanceCount_m3508_can1E)
    CanDevice::instanceCount_m3508_can2      0x200006f8   Data           4  can_device.o(.bss._ZN9CanDevice24instanceCount_m3508_can2E)
    can_core                                 0x200006fc   Data          96  simple_task.o(.bss.can_core)
    hdma_usart2_rx                           0x2000075c   Data          96  usart.o(.bss.hdma_usart2_rx)
    hdma_usart6_rx                           0x200007bc   Data          96  usart.o(.bss.hdma_usart6_rx)
    htim2                                    0x2000081c   Data          72  tim.o(.bss.htim2)
    htim3                                    0x20000864   Data          72  stm32f4xx_hal_timebase_tim.o(.bss.htim3)
    huart1                                   0x200008ac   Data          72  usart.o(.bss.huart1)
    huart2                                   0x200008f4   Data          72  usart.o(.bss.huart2)
    huart3                                   0x2000093c   Data          72  usart.o(.bss.huart3)
    huart4                                   0x20000984   Data          72  usart.o(.bss.huart4)
    huart6                                   0x200009cc   Data          72  usart.o(.bss.huart6)
    m3508_front                              0x20000a14   Data         100  simple_task.o(.bss.m3508_front)
    m3508_left                               0x20000a78   Data         100  simple_task.o(.bss.m3508_left)
    m3508_right                              0x20000adc   Data         100  simple_task.o(.bss.m3508_right)
    ros_serial                               0x20001090   Data         416  simple_task.o(.bss.ros_serial)
    task_core                                0x20001230   Data           1  simple_task.o(.bss.task_core)
    uwTick                                   0x20004e34   Data           4  stm32f4xx_hal.o(.bss.uwTick)
    xQueueRegistry                           0x200054f0   Data          64  queue.o(.bss.xQueueRegistry)



==============================================================================

Memory Map of the image

  Image Entry point : 0x08000189

  Load Region LR_IROM1 (Base: 0x08000000, Size: 0x00006f88, Max: 0x00100000, ABSOLUTE, COMPRESSED[0x00006b98])

    Execution Region ER_IROM1 (Exec base: 0x08000000, Load base: 0x08000000, Size: 0x00006b68, Max: 0x00100000, ABSOLUTE)

    Exec Addr    Load Addr    Size         Type   Attr      Idx    E Section Name        Object

    0x08000000   0x08000000   0x00000188   Data   RO            3    RESET               startup_stm32f407xx.o
    0x08000188   0x08000188   0x00000008   Code   RO         1874  * !!!main             c_w.l(__main.o)
    0x08000190   0x08000190   0x0000005c   Code   RO         2256    !!!scatter          c_w.l(__scatter.o)
    0x080001ec   0x080001ec   0x0000003a   Code   RO         2254    !!dczerorl          c_w.l(__dczerorl.o)
    0x08000226   0x08000226   0x00000002   PAD
    0x08000228   0x08000228   0x00000002   Code   RO         2257    !!handler_null      c_w.l(__scatter.o)
    0x0800022a   0x0800022a   0x00000002   PAD
    0x0800022c   0x0800022c   0x0000001c   Code   RO         2260    !!handler_zi        c_w.l(__scatter_zi.o)
    0x08000248   0x08000248   0x00000002   Code   RO         2182    .ARM.Collect$$libinit$$00000000  c_w.l(libinit.o)
    0x0800024a   0x0800024a   0x00000004   Code   RO         2003    .ARM.Collect$$libinit$$00000001  c_w.l(libinit2.o)
    0x0800024e   0x0800024e   0x00000000   Code   RO         2006    .ARM.Collect$$libinit$$00000004  c_w.l(libinit2.o)
    0x0800024e   0x0800024e   0x00000000   Code   RO         2008    .ARM.Collect$$libinit$$00000006  c_w.l(libinit2.o)
    0x0800024e   0x0800024e   0x00000000   Code   RO         2011    .ARM.Collect$$libinit$$0000000C  c_w.l(libinit2.o)
    0x0800024e   0x0800024e   0x00000000   Code   RO         2013    .ARM.Collect$$libinit$$0000000E  c_w.l(libinit2.o)
    0x0800024e   0x0800024e   0x00000000   Code   RO         2015    .ARM.Collect$$libinit$$00000010  c_w.l(libinit2.o)
    0x0800024e   0x0800024e   0x00000000   Code   RO         2018    .ARM.Collect$$libinit$$00000013  c_w.l(libinit2.o)
    0x0800024e   0x0800024e   0x00000000   Code   RO         2020    .ARM.Collect$$libinit$$00000015  c_w.l(libinit2.o)
    0x0800024e   0x0800024e   0x00000000   Code   RO         2022    .ARM.Collect$$libinit$$00000017  c_w.l(libinit2.o)
    0x0800024e   0x0800024e   0x00000000   Code   RO         2024    .ARM.Collect$$libinit$$00000019  c_w.l(libinit2.o)
    0x0800024e   0x0800024e   0x00000000   Code   RO         2026    .ARM.Collect$$libinit$$0000001B  c_w.l(libinit2.o)
    0x0800024e   0x0800024e   0x00000000   Code   RO         2028    .ARM.Collect$$libinit$$0000001D  c_w.l(libinit2.o)
    0x0800024e   0x0800024e   0x00000000   Code   RO         2030    .ARM.Collect$$libinit$$0000001F  c_w.l(libinit2.o)
    0x0800024e   0x0800024e   0x00000000   Code   RO         2032    .ARM.Collect$$libinit$$00000021  c_w.l(libinit2.o)
    0x0800024e   0x0800024e   0x00000000   Code   RO         2034    .ARM.Collect$$libinit$$00000023  c_w.l(libinit2.o)
    0x0800024e   0x0800024e   0x00000000   Code   RO         2036    .ARM.Collect$$libinit$$00000025  c_w.l(libinit2.o)
    0x0800024e   0x0800024e   0x00000000   Code   RO         2038    .ARM.Collect$$libinit$$00000027  c_w.l(libinit2.o)
    0x0800024e   0x0800024e   0x00000000   Code   RO         2042    .ARM.Collect$$libinit$$0000002E  c_w.l(libinit2.o)
    0x0800024e   0x0800024e   0x00000000   Code   RO         2044    .ARM.Collect$$libinit$$00000030  c_w.l(libinit2.o)
    0x0800024e   0x0800024e   0x00000000   Code   RO         2046    .ARM.Collect$$libinit$$00000032  c_w.l(libinit2.o)
    0x0800024e   0x0800024e   0x00000004   Code   RO         2047    .ARM.Collect$$libinit$$00000033  c_w.l(libinit2.o)
    0x08000252   0x08000252   0x00000000   Code   RO         2048    .ARM.Collect$$libinit$$00000034  c_w.l(libinit2.o)
    0x08000252   0x08000252   0x00000002   Code   RO         2049    .ARM.Collect$$libinit$$00000035  c_w.l(libinit2.o)
    0x08000254   0x08000254   0x00000002   Code   RO         2239    .ARM.Collect$$libshutdown$$00000000  c_w.l(libshutdown.o)
    0x08000256   0x08000256   0x00000000   Code   RO         2216    .ARM.Collect$$libshutdown$$00000002  c_w.l(libshutdown2.o)
    0x08000256   0x08000256   0x00000000   Code   RO         2218    .ARM.Collect$$libshutdown$$00000004  c_w.l(libshutdown2.o)
    0x08000256   0x08000256   0x00000000   Code   RO         2221    .ARM.Collect$$libshutdown$$00000007  c_w.l(libshutdown2.o)
    0x08000256   0x08000256   0x00000000   Code   RO         2224    .ARM.Collect$$libshutdown$$0000000A  c_w.l(libshutdown2.o)
    0x08000256   0x08000256   0x00000000   Code   RO         2226    .ARM.Collect$$libshutdown$$0000000C  c_w.l(libshutdown2.o)
    0x08000256   0x08000256   0x00000000   Code   RO         2229    .ARM.Collect$$libshutdown$$0000000F  c_w.l(libshutdown2.o)
    0x08000256   0x08000256   0x00000002   Code   RO         2230    .ARM.Collect$$libshutdown$$00000010  c_w.l(libshutdown2.o)
    0x08000258   0x08000258   0x00000000   Code   RO         1930    .ARM.Collect$$rtentry$$00000000  c_w.l(__rtentry.o)
    0x08000258   0x08000258   0x00000000   Code   RO         2077    .ARM.Collect$$rtentry$$00000002  c_w.l(__rtentry2.o)
    0x08000258   0x08000258   0x00000006   Code   RO         2089    .ARM.Collect$$rtentry$$00000004  c_w.l(__rtentry4.o)
    0x0800025e   0x0800025e   0x00000000   Code   RO         2079    .ARM.Collect$$rtentry$$00000009  c_w.l(__rtentry2.o)
    0x0800025e   0x0800025e   0x00000004   Code   RO         2080    .ARM.Collect$$rtentry$$0000000A  c_w.l(__rtentry2.o)
    0x08000262   0x08000262   0x00000000   Code   RO         2082    .ARM.Collect$$rtentry$$0000000C  c_w.l(__rtentry2.o)
    0x08000262   0x08000262   0x00000008   Code   RO         2083    .ARM.Collect$$rtentry$$0000000D  c_w.l(__rtentry2.o)
    0x0800026a   0x0800026a   0x00000002   Code   RO         2186    .ARM.Collect$$rtexit$$00000000  c_w.l(rtexit.o)
    0x0800026c   0x0800026c   0x00000000   Code   RO         2201    .ARM.Collect$$rtexit$$00000002  c_w.l(rtexit2.o)
    0x0800026c   0x0800026c   0x00000004   Code   RO         2202    .ARM.Collect$$rtexit$$00000003  c_w.l(rtexit2.o)
    0x08000270   0x08000270   0x00000006   Code   RO         2203    .ARM.Collect$$rtexit$$00000004  c_w.l(rtexit2.o)
    0x08000276   0x08000276   0x00000002   PAD
    0x08000278   0x08000278   0x00000040   Code   RO            4    .text               startup_stm32f407xx.o
    0x080002b8   0x080002b8   0x000000f0   Code   RO         1860    .text               c_w.l(lludivv7m.o)
    0x080003a8   0x080003a8   0x0000008a   Code   RO         1862    .text               c_w.l(rt_memcpy_v6.o)
    0x08000432   0x08000432   0x00000010   Code   RO         1866    .text               c_w.l(aeabi_memset4.o)
    0x08000442   0x08000442   0x00000044   Code   RO         1868    .text               c_w.l(rt_memclr.o)
    0x08000486   0x08000486   0x0000004e   Code   RO         1870    .text               c_w.l(rt_memclr_w.o)
    0x080004d4   0x080004d4   0x00000006   Code   RO         1872    .text               c_w.l(heapauxi.o)
    0x080004da   0x080004da   0x00000002   PAD
    0x080004dc   0x080004dc   0x0000002c   Code   RO         1879    .text               c_w.l(init_aeabi.o)
    0x08000508   0x08000508   0x0000004e   Code   RO         1941    .text               c_w.l(h1_free.o)
    0x08000556   0x08000556   0x00000064   Code   RO         2001    .text               c_w.l(rt_memcpy_w.o)
    0x080005ba   0x080005ba   0x00000002   PAD
    0x080005bc   0x080005bc   0x00000008   Code   RO         2096    .text               c_w.l(rt_heap_descriptor_intlibspace.o)
    0x080005c4   0x080005c4   0x00000016   Code   RO         2116    .text               c_w.l(abort.o)
    0x080005da   0x080005da   0x00000002   PAD
    0x080005dc   0x080005dc   0x0000000c   Code   RO         2137    .text               c_w.l(sys_exit.o)
    0x080005e8   0x080005e8   0x00000008   Code   RO         2143    .text               c_w.l(libspace.o)
    0x080005f0   0x080005f0   0x0000004a   Code   RO         2146    .text               c_w.l(sys_stackheap_outer.o)
    0x0800063a   0x0800063a   0x00000012   Code   RO         2156    .text               c_w.l(exit.o)
    0x0800064c   0x0800064c   0x0000000e   Code   RO         2158    .text               c_w.l(defsig_abrt_outer.o)
    0x0800065a   0x0800065a   0x00000002   Code   RO         2183    .text               c_w.l(use_no_semi.o)
    0x0800065c   0x0800065c   0x00000000   Code   RO         2185    .text               c_w.l(indicate_semi.o)
    0x0800065c   0x0800065c   0x0000000a   Code   RO         2192    .text               c_w.l(defsig_exit.o)
    0x08000666   0x08000666   0x00000002   PAD
    0x08000668   0x08000668   0x00000030   Code   RO         2194    .text               c_w.l(defsig_abrt_inner.o)
    0x08000698   0x08000698   0x00000032   Code   RO         2213    .text               c_w.l(defsig_general.o)
    0x080006ca   0x080006ca   0x0000000e   Code   RO         2231    .text               c_w.l(sys_wrch.o)
    0x080006d8   0x080006d8   0x00000002   Code   RO          129    .text.BusFault_Handler  stm32f4xx_it.o
    0x080006da   0x080006da   0x00000002   PAD
    0x080006dc   0x080006dc   0x0000000c   Code   RO          137    .text.CAN1_RX0_IRQHandler  stm32f4xx_it.o
    0x080006e8   0x080006e8   0x0000000c   Code   RO          153    .text.CAN2_RX0_IRQHandler  stm32f4xx_it.o
    0x080006f4   0x080006f4   0x000000de   Code   RO         1103    .text.CRC16_Table   crc_util.o
    0x080007d2   0x080007d2   0x00000002   PAD
    0x080007d4   0x080007d4   0x0000000c   Code   RO          135    .text.DMA1_Stream5_IRQHandler  stm32f4xx_it.o
    0x080007e0   0x080007e0   0x0000000c   Code   RO          151    .text.DMA2_Stream1_IRQHandler  stm32f4xx_it.o
    0x080007ec   0x080007ec   0x00000002   Code   RO          133    .text.DebugMon_Handler  stm32f4xx_it.o
    0x080007ee   0x080007ee   0x00000002   PAD
    0x080007f0   0x080007f0   0x00000006   Code   RO          139    .text.EXTI9_5_IRQHandler  stm32f4xx_it.o
    0x080007f6   0x080007f6   0x00000002   PAD
    0x080007f8   0x080007f8   0x00000006   Code   RO           15    .text.Error_Handler  main.o
    0x080007fe   0x080007fe   0x00000002   PAD
    0x08000800   0x08000800   0x0000002e   Code   RO          220    .text.HAL_CAN_ActivateNotification  stm32f4xx_hal_can.o
    0x0800082e   0x0800082e   0x00000002   PAD
    0x08000830   0x08000830   0x000000a8   Code   RO          206    .text.HAL_CAN_AddTxMessage  stm32f4xx_hal_can.o
    0x080008d8   0x080008d8   0x000000de   Code   RO          196    .text.HAL_CAN_ConfigFilter  stm32f4xx_hal_can.o
    0x080009b6   0x080009b6   0x00000002   PAD
    0x080009b8   0x080009b8   0x00000002   Code   RO          250    .text.HAL_CAN_ErrorCallback  stm32f4xx_hal_can.o
    0x080009ba   0x080009ba   0x00000002   PAD
    0x080009bc   0x080009bc   0x0000012a   Code   RO          216    .text.HAL_CAN_GetRxMessage  stm32f4xx_hal_can.o
    0x08000ae6   0x08000ae6   0x00000002   PAD
    0x08000ae8   0x08000ae8   0x0000025e   Code   RO          224    .text.HAL_CAN_IRQHandler  stm32f4xx_hal_can.o
    0x08000d46   0x08000d46   0x00000002   PAD
    0x08000d48   0x08000d48   0x000000f4   Code   RO          186    .text.HAL_CAN_Init  stm32f4xx_hal_can.o
    0x08000e3c   0x08000e3c   0x00000138   Code   RO           47    .text.HAL_CAN_MspInit  can.o
    0x08000f74   0x08000f74   0x00000002   Code   RO          238    .text.HAL_CAN_RxFifo0FullCallback  stm32f4xx_hal_can.o
    0x08000f76   0x08000f76   0x00000002   PAD
    0x08000f78   0x08000f78   0x00000106   Code   RO         1802    .text.HAL_CAN_RxFifo0MsgPendingCallback  can_device.o
    0x0800107e   0x0800107e   0x00000002   PAD
    0x08001080   0x08001080   0x00000002   Code   RO          242    .text.HAL_CAN_RxFifo1FullCallback  stm32f4xx_hal_can.o
    0x08001082   0x08001082   0x00000002   PAD
    0x08001084   0x08001084   0x00000002   Code   RO          244    .text.HAL_CAN_RxFifo1MsgPendingCallback  stm32f4xx_hal_can.o
    0x08001086   0x08001086   0x00000002   PAD
    0x08001088   0x08001088   0x00000002   Code   RO          246    .text.HAL_CAN_SleepCallback  stm32f4xx_hal_can.o
    0x0800108a   0x0800108a   0x00000002   PAD
    0x0800108c   0x0800108c   0x0000005a   Code   RO          198    .text.HAL_CAN_Start  stm32f4xx_hal_can.o
    0x080010e6   0x080010e6   0x00000002   PAD
    0x080010e8   0x080010e8   0x00000002   Code   RO          228    .text.HAL_CAN_TxMailbox0AbortCallback  stm32f4xx_hal_can.o
    0x080010ea   0x080010ea   0x00000002   PAD
    0x080010ec   0x080010ec   0x00000002   Code   RO          226    .text.HAL_CAN_TxMailbox0CompleteCallback  stm32f4xx_hal_can.o
    0x080010ee   0x080010ee   0x00000002   PAD
    0x080010f0   0x080010f0   0x00000002   Code   RO          232    .text.HAL_CAN_TxMailbox1AbortCallback  stm32f4xx_hal_can.o
    0x080010f2   0x080010f2   0x00000002   PAD
    0x080010f4   0x080010f4   0x00000002   Code   RO          230    .text.HAL_CAN_TxMailbox1CompleteCallback  stm32f4xx_hal_can.o
    0x080010f6   0x080010f6   0x00000002   PAD
    0x080010f8   0x080010f8   0x00000002   Code   RO          236    .text.HAL_CAN_TxMailbox2AbortCallback  stm32f4xx_hal_can.o
    0x080010fa   0x080010fa   0x00000002   PAD
    0x080010fc   0x080010fc   0x00000002   Code   RO          234    .text.HAL_CAN_TxMailbox2CompleteCallback  stm32f4xx_hal_can.o
    0x080010fe   0x080010fe   0x00000002   PAD
    0x08001100   0x08001100   0x00000002   Code   RO          248    .text.HAL_CAN_WakeUpFromRxMsgCallback  stm32f4xx_hal_can.o
    0x08001102   0x08001102   0x00000002   PAD
    0x08001104   0x08001104   0x0000008e   Code   RO          422    .text.HAL_DMA_Abort  stm32f4xx_hal_dma.o
    0x08001192   0x08001192   0x00000002   PAD
    0x08001194   0x08001194   0x00000024   Code   RO          424    .text.HAL_DMA_Abort_IT  stm32f4xx_hal_dma.o
    0x080011b8   0x080011b8   0x00000004   Code   RO          436    .text.HAL_DMA_GetError  stm32f4xx_hal_dma.o
    0x080011bc   0x080011bc   0x000001c0   Code   RO          428    .text.HAL_DMA_IRQHandler  stm32f4xx_hal_dma.o
    0x0800137c   0x0800137c   0x00000162   Code   RO          414    .text.HAL_DMA_Init  stm32f4xx_hal_dma.o
    0x080014de   0x080014de   0x00000002   PAD
    0x080014e0   0x080014e0   0x00000002   Code   RO          390    .text.HAL_GPIO_EXTI_Callback  stm32f4xx_hal_gpio.o
    0x080014e2   0x080014e2   0x00000002   PAD
    0x080014e4   0x080014e4   0x00000016   Code   RO          388    .text.HAL_GPIO_EXTI_IRQHandler  stm32f4xx_hal_gpio.o
    0x080014fa   0x080014fa   0x00000002   PAD
    0x080014fc   0x080014fc   0x0000019e   Code   RO          376    .text.HAL_GPIO_Init  stm32f4xx_hal_gpio.o
    0x0800169a   0x0800169a   0x00000002   PAD
    0x0800169c   0x0800169c   0x0000000a   Code   RO          382    .text.HAL_GPIO_WritePin  stm32f4xx_hal_gpio.o
    0x080016a6   0x080016a6   0x00000002   PAD
    0x080016a8   0x080016a8   0x0000000c   Code   RO          569    .text.HAL_GetTick   stm32f4xx_hal.o
    0x080016b4   0x080016b4   0x0000001a   Code   RO          567    .text.HAL_IncTick   stm32f4xx_hal.o
    0x080016ce   0x080016ce   0x00000002   PAD
    0x080016d0   0x080016d0   0x00000036   Code   RO          557    .text.HAL_Init      stm32f4xx_hal.o
    0x08001706   0x08001706   0x00000002   PAD
    0x08001708   0x08001708   0x000000bc   Code   RO          171    .text.HAL_InitTick  stm32f4xx_hal_timebase_tim.o
    0x080017c4   0x080017c4   0x00000042   Code   RO          162    .text.HAL_MspInit   stm32f4xx_hal_msp.o
    0x08001806   0x08001806   0x00000002   PAD
    0x08001808   0x08001808   0x00000022   Code   RO          513    .text.HAL_NVIC_EnableIRQ  stm32f4xx_hal_cortex.o
    0x0800182a   0x0800182a   0x00000002   PAD
    0x0800182c   0x0800182c   0x00000056   Code   RO          511    .text.HAL_NVIC_SetPriority  stm32f4xx_hal_cortex.o
    0x08001882   0x08001882   0x00000002   PAD
    0x08001884   0x08001884   0x00000020   Code   RO          509    .text.HAL_NVIC_SetPriorityGrouping  stm32f4xx_hal_cortex.o
    0x080018a4   0x080018a4   0x00000164   Code   RO          270    .text.HAL_RCC_ClockConfig  stm32f4xx_hal_rcc.o
    0x08001a08   0x08001a08   0x0000003e   Code   RO          288    .text.HAL_RCC_GetClockConfig  stm32f4xx_hal_rcc.o
    0x08001a46   0x08001a46   0x00000002   PAD
    0x08001a48   0x08001a48   0x00000026   Code   RO          282    .text.HAL_RCC_GetPCLK1Freq  stm32f4xx_hal_rcc.o
    0x08001a6e   0x08001a6e   0x00000002   PAD
    0x08001a70   0x08001a70   0x00000026   Code   RO          284    .text.HAL_RCC_GetPCLK2Freq  stm32f4xx_hal_rcc.o
    0x08001a96   0x08001a96   0x00000002   PAD
    0x08001a98   0x08001a98   0x0000006c   Code   RO          272    .text.HAL_RCC_GetSysClockFreq  stm32f4xx_hal_rcc.o
    0x08001b04   0x08001b04   0x000003b0   Code   RO          268    .text.HAL_RCC_OscConfig  stm32f4xx_hal_rcc.o
    0x08001eb4   0x08001eb4   0x00000002   Code   RO          952    .text.HAL_TIMEx_BreakCallback  stm32f4xx_hal_tim_ex.o
    0x08001eb6   0x08001eb6   0x00000002   PAD
    0x08001eb8   0x08001eb8   0x00000002   Code   RO          948    .text.HAL_TIMEx_CommutCallback  stm32f4xx_hal_tim_ex.o
    0x08001eba   0x08001eba   0x00000002   PAD
    0x08001ebc   0x08001ebc   0x000000ba   Code   RO          942    .text.HAL_TIMEx_MasterConfigSynchronization  stm32f4xx_hal_tim_ex.o
    0x08001f76   0x08001f76   0x00000002   PAD
    0x08001f78   0x08001f78   0x0000005a   Code   RO          647    .text.HAL_TIM_Base_Init  stm32f4xx_hal_tim.o
    0x08001fd2   0x08001fd2   0x00000002   PAD
    0x08001fd4   0x08001fd4   0x00000042   Code   RO           79    .text.HAL_TIM_Base_MspInit  tim.o
    0x08002016   0x08002016   0x00000002   PAD
    0x08002018   0x08002018   0x000000aa   Code   RO          661    .text.HAL_TIM_Base_Start_IT  stm32f4xx_hal_tim.o
    0x080020c2   0x080020c2   0x00000002   PAD
    0x080020c4   0x080020c4   0x000001a0   Code   RO          827    .text.HAL_TIM_ConfigClockSource  stm32f4xx_hal_tim.o
    0x08002264   0x08002264   0x00000002   Code   RO          783    .text.HAL_TIM_IC_CaptureCallback  stm32f4xx_hal_tim.o
    0x08002266   0x08002266   0x00000002   PAD
    0x08002268   0x08002268   0x0000014e   Code   RO          781    .text.HAL_TIM_IRQHandler  stm32f4xx_hal_tim.o
    0x080023b6   0x080023b6   0x00000002   PAD
    0x080023b8   0x080023b8   0x00000002   Code   RO          785    .text.HAL_TIM_OC_DelayElapsedCallback  stm32f4xx_hal_tim.o
    0x080023ba   0x080023ba   0x00000002   PAD
    0x080023bc   0x080023bc   0x00000002   Code   RO          787    .text.HAL_TIM_PWM_PulseFinishedCallback  stm32f4xx_hal_tim.o
    0x080023be   0x080023be   0x00000002   PAD
    0x080023c0   0x080023c0   0x00000014   Code   RO           17    .text.HAL_TIM_PeriodElapsedCallback  main.o
    0x080023d4   0x080023d4   0x00000002   Code   RO          791    .text.HAL_TIM_TriggerCallback  stm32f4xx_hal_tim.o
    0x080023d6   0x080023d6   0x00000002   PAD
    0x080023d8   0x080023d8   0x00000002   Code   RO         1052    .text.HAL_UARTEx_RxEventCallback  stm32f4xx_hal_uart.o
    0x080023da   0x080023da   0x00000002   PAD
    0x080023dc   0x080023dc   0x0000016e   Code   RO         1022    .text.HAL_UART_AbortReceive  stm32f4xx_hal_uart.o
    0x0800254a   0x0800254a   0x00000002   PAD
    0x0800254c   0x0800254c   0x00000034   Code   RO          106    .text.HAL_UART_ErrorCallback  usart.o
    0x08002580   0x08002580   0x00000570   Code   RO         1044    .text.HAL_UART_IRQHandler  stm32f4xx_hal_uart.o
    0x08002af0   0x08002af0   0x00000060   Code   RO          966    .text.HAL_UART_Init  stm32f4xx_hal_uart.o
    0x08002b50   0x08002b50   0x0000031c   Code   RO          102    .text.HAL_UART_MspInit  usart.o
    0x08002e6c   0x08002e6c   0x00000054   Code   RO          988    .text.HAL_UART_Receive_IT  stm32f4xx_hal_uart.o
    0x08002ec0   0x08002ec0   0x00000050   Code   RO         1737    .text.HAL_UART_RxCpltCallback  serial_device.o
    0x08002f10   0x08002f10   0x00000178   Code   RO          982    .text.HAL_UART_Transmit  stm32f4xx_hal_uart.o
    0x08003088   0x08003088   0x00000002   Code   RO         1054    .text.HAL_UART_TxCpltCallback  stm32f4xx_hal_uart.o
    0x0800308a   0x0800308a   0x00000002   PAD
    0x0800308c   0x0800308c   0x00000002   Code   RO          125    .text.HardFault_Handler  stm32f4xx_it.o
    0x0800308e   0x0800308e   0x00000002   PAD
    0x08003090   0x08003090   0x00000046   Code   RO           43    .text.MX_CAN1_Init  can.o
    0x080030d6   0x080030d6   0x00000002   PAD
    0x080030d8   0x080030d8   0x0000004a   Code   RO           45    .text.MX_CAN2_Init  can.o
    0x08003122   0x08003122   0x00000002   PAD
    0x08003124   0x08003124   0x0000005c   Code   RO           68    .text.MX_DMA_Init   dma.o
    0x08003180   0x08003180   0x000001b4   Code   RO           33    .text.MX_GPIO_Init  gpio.o
    0x08003334   0x08003334   0x00000072   Code   RO           77    .text.MX_TIM2_Init  tim.o
    0x080033a6   0x080033a6   0x00000002   PAD
    0x080033a8   0x080033a8   0x0000003c   Code   RO           92    .text.MX_UART4_Init  usart.o
    0x080033e4   0x080033e4   0x0000003c   Code   RO           94    .text.MX_USART1_UART_Init  usart.o
    0x08003420   0x08003420   0x0000003c   Code   RO           96    .text.MX_USART2_UART_Init  usart.o
    0x0800345c   0x0800345c   0x00000040   Code   RO           98    .text.MX_USART3_UART_Init  usart.o
    0x0800349c   0x0800349c   0x0000003c   Code   RO          100    .text.MX_USART6_UART_Init  usart.o
    0x080034d8   0x080034d8   0x00000002   Code   RO          127    .text.MemManage_Handler  stm32f4xx_it.o
    0x080034da   0x080034da   0x00000002   PAD
    0x080034dc   0x080034dc   0x00000002   Code   RO          123    .text.NMI_Handler   stm32f4xx_it.o
    0x080034de   0x080034de   0x00000002   PAD
    0x080034e0   0x080034e0   0x00000064   Code   RO         1669    .text.PendSV_Handler  port.o
    0x08003544   0x08003544   0x0000000c   PAD
    0x08003550   0x08003550   0x00000024   Code   RO         1653    .text.SVC_Handler   port.o
    0x08003574   0x08003574   0x0000001e   Code   RO         1464    .text.SysTick_Handler  cmsis_os2.o
    0x08003592   0x08003592   0x00000002   PAD
    0x08003594   0x08003594   0x000000ac   Code   RO           13    .text.SystemClock_Config  main.o
    0x08003640   0x08003640   0x00000012   Code   RO         1088    .text.SystemInit    system_stm32f4xx.o
    0x08003652   0x08003652   0x00000002   PAD
    0x08003654   0x08003654   0x0000000c   Code   RO          141    .text.TIM2_IRQHandler  stm32f4xx_it.o
    0x08003660   0x08003660   0x0000000c   Code   RO          143    .text.TIM3_IRQHandler  stm32f4xx_it.o
    0x0800366c   0x0800366c   0x0000014c   Code   RO          651    .text.TIM_Base_SetConfig  stm32f4xx_hal_tim.o
    0x080037b8   0x080037b8   0x0000000c   Code   RO         1048    .text.UART_DMAAbortOnError  stm32f4xx_hal_uart.o
    0x080037c4   0x080037c4   0x000000fe   Code   RO         1046    .text.UART_Receive_IT  stm32f4xx_hal_uart.o
    0x080038c2   0x080038c2   0x00000002   PAD
    0x080038c4   0x080038c4   0x000000ee   Code   RO          970    .text.UART_SetConfig  stm32f4xx_hal_uart.o
    0x080039b2   0x080039b2   0x00000002   PAD
    0x080039b4   0x080039b4   0x0000000c   Code   RO          145    .text.USART1_IRQHandler  stm32f4xx_it.o
    0x080039c0   0x080039c0   0x0000000c   Code   RO          147    .text.USART2_IRQHandler  stm32f4xx_it.o
    0x080039cc   0x080039cc   0x0000000c   Code   RO          149    .text.USART3_IRQHandler  stm32f4xx_it.o
    0x080039d8   0x080039d8   0x00000002   Code   RO          131    .text.UsageFault_Handler  stm32f4xx_it.o
    0x080039da   0x080039da   0x00000002   PAD
    0x080039dc   0x080039dc   0x000000dc   Code   RO         1754    .text._GLOBAL__sub_I_SIMPLE_TASK.cpp  simple_task.o
    0x08003ab8   0x08003ab8   0x000000cc   Code   RO         1800    .text._ZN10CanManager12process_dataEv  can_device.o
    0x08003b84   0x08003b84   0x00000078   Code   RO         1792    .text._ZN10CanManager16CAN1_Filter_InitEv  can_device.o
    0x08003bfc   0x08003bfc   0x0000007c   Code   RO         1794    .text._ZN10CanManager16CAN2_Filter_InitEv  can_device.o
    0x08003c78   0x08003c78   0x0000002a   Code   RO         1796    .text._ZN10CanManager4initEv  can_device.o
    0x08003ca2   0x08003ca2   0x00000002   PAD
    0x08003ca4   0x08003ca4   0x0000004c   Code   RO         1798    .text._ZN10CanManagerC2Ev  can_device.o
    0x08003cf0   0x08003cf0   0x00000006   Code   RO         1821    .text._ZN10CanManagerD0Ev  can_device.o
    0x08003cf6   0x08003cf6   0x00000002   PAD
    0x08003cf8   0x08003cf8   0x000000a4   Code   RO         1708    .text._ZN11RC9Protocol12process_dataEv  rc9protocol.o
    0x08003d9c   0x08003d9c   0x00000200   Code   RO         1704    .text._ZN11RC9Protocol17handleReceiveDataEh  rc9protocol.o
    0x08003f9c   0x08003f9c   0x00000076   Code   RO         1702    .text._ZN11RC9ProtocolC2EP20__UART_HandleTypeDefb  rc9protocol.o
    0x08004012   0x08004012   0x00000002   PAD
    0x08004014   0x08004014   0x00000008   Code   RO         1724    .text._ZN11RC9ProtocolD0Ev  rc9protocol.o
    0x0800401c   0x0800401c   0x00000002   Code   RO         1722    .text._ZN11RC9ProtocolD2Ev  rc9protocol.o
    0x0800401e   0x0800401e   0x00000002   PAD
    0x08004020   0x08004020   0x0000005c   Code   RO         1689    .text._ZN11TaskManager12TaskFunctionEPv  taskmanager.o
    0x0800407c   0x0800407c   0x00000058   Code   RO         1687    .text._ZN11TaskManager12registerTaskEiP14ITaskProcessor  taskmanager.o
    0x080040d4   0x080040d4   0x00000112   Code   RO         1685    .text._ZN11TaskManagerC2Ev  taskmanager.o
    0x080041e6   0x080041e6   0x00000002   PAD
    0x080041e8   0x080041e8   0x0000000e   Code   RO         1735    .text._ZN12SerialDevice18startUartReceiveITEv  serial_device.o
    0x080041f6   0x080041f6   0x00000002   PAD
    0x080041f8   0x080041f8   0x00000038   Code   RO         1731    .text._ZN12SerialDeviceC2EP20__UART_HandleTypeDef  serial_device.o
    0x08004230   0x08004230   0x00000002   Code   RO         1819    .text._ZN14ITaskProcessorD2Ev  can_device.o
    0x08004232   0x08004232   0x00000002   PAD
    0x08004234   0x08004234   0x0000013c   Code   RO         1849    .text._ZN3pid11PID_ComputeEf  pid.o
    0x08004370   0x08004370   0x00000024   Code   RO         1845    .text._ZN3pidC2Efffffff  pid.o
    0x08004394   0x08004394   0x0000005c   Code   RO         1826    .text._ZN5m350810can_updateEPh  m3508.o
    0x080043f0   0x080043f0   0x00000058   Code   RO         1832    .text._ZN5m350813m3508_processEv  m3508.o
    0x08004448   0x08004448   0x00000078   Code   RO         1824    .text._ZN5m3508C2EhP17CAN_HandleTypeDefhfff  m3508.o
    0x080044c0   0x080044c0   0x00000106   Code   RO         1773    .text._ZN6action17handleReceiveDataEh  acton.o
    0x080045c6   0x080045c6   0x00000002   PAD
    0x080045c8   0x080045c8   0x00000058   Code   RO         1771    .text._ZN6actionC2EP20__UART_HandleTypeDefff  acton.o
    0x08004620   0x08004620   0x00000004   Code   RO         1788    .text._ZN9CanDevice13m2006_processEv  can_device.o
    0x08004624   0x08004624   0x00000004   Code   RO         1786    .text._ZN9CanDevice13m3508_processEv  can_device.o
    0x08004628   0x08004628   0x000001e8   Code   RO         1790    .text._ZN9CanDeviceC2E13CanDeviceTypeP17CAN_HandleTypeDefh  can_device.o
    0x08004810   0x08004810   0x000000a8   Code   RO         1710    .text._ZThn12_N11RC9Protocol12process_dataEv  rc9protocol.o
    0x080048b8   0x080048b8   0x0000000a   Code   RO         1728    .text._ZThn12_N11RC9ProtocolD0Ev  rc9protocol.o
    0x080048c2   0x080048c2   0x00000002   PAD
    0x080048c4   0x080048c4   0x00000002   Code   RO         1726    .text._ZThn12_N11RC9ProtocolD1Ev  rc9protocol.o
    0x080048c6   0x080048c6   0x00000004   Code   RO         1891    .text._ZdlPv        libcpp_w.l(new.cpp.o)
    0x080048ca   0x080048ca   0x00000004   Code   RO         1895    .text._ZdlPvj       libcpp_w.l(new.cpp.o)
    0x080048ce   0x080048ce   0x00000002   PAD
    0x080048d0   0x080048d0   0x00000028   Code   RO         1925    .text.__cxa_pure_virtual  libcppabi_w.l(cxa_virtual.cpp.o)
    0x080048f8   0x080048f8   0x00000004   Code   RO         2055    .text.abort_message  libcppabi_w.l(abort_message.cpp.o)
    0x080048fc   0x080048fc   0x00000060   Code   RO         1752    .text.create_tasks  simple_task.o
    0x0800495c   0x0800495c   0x00000046   Code   RO           11    .text.main          main.o
    0x080049a2   0x080049a2   0x00000002   PAD
    0x080049a4   0x080049a4   0x00000028   Code   RO         1466    .text.osKernelInitialize  cmsis_os2.o
    0x080049cc   0x080049cc   0x0000003c   Code   RO         1472    .text.osKernelStart  cmsis_os2.o
    0x08004a08   0x08004a08   0x0000028a   Code   RO         1299    .text.prvAddNewTaskToReadyList  tasks.o
    0x08004c92   0x08004c92   0x00000002   PAD
    0x08004c94   0x08004c94   0x00000086   Code   RO         1331    .text.prvIdleTask   tasks.o
    0x08004d1a   0x08004d1a   0x00000002   PAD
    0x08004d1c   0x08004d1c   0x00000128   Code   RO         1297    .text.prvInitialiseNewTask  tasks.o
    0x08004e44   0x08004e44   0x00000028   Code   RO         1661    .text.prvPortStartFirstTask  port.o
    0x08004e6c   0x08004e6c   0x0000003e   Code   RO         1651    .text.prvTaskExitError  port.o
    0x08004eaa   0x08004eaa   0x00000002   PAD
    0x08004eac   0x08004eac   0x0000038a   Code   RO         1416    .text.prvTimerTask  timers.o
    0x08005236   0x08005236   0x00000002   PAD
    0x08005238   0x08005238   0x00000074   Code   RO         1198    .text.prvUnlockQueue  queue.o
    0x080052ac   0x080052ac   0x000001f4   Code   RO         1627    .text.pvPortMalloc  heap_4.o
    0x080054a0   0x080054a0   0x00000024   Code   RO         1649    .text.pxPortInitialiseStack  port.o
    0x080054c4   0x080054c4   0x00000024   Code   RO         1162    .text.uxListRemove  list.o
    0x080054e8   0x080054e8   0x0000001a   Code   RO         1610    .text.vApplicationGetIdleTaskMemory  cmsis_os2.o
    0x08005502   0x08005502   0x00000002   PAD
    0x08005504   0x08005504   0x0000001c   Code   RO         1612    .text.vApplicationGetTimerTaskMemory  cmsis_os2.o
    0x08005520   0x08005520   0x00000016   Code   RO         1154    .text.vListInitialise  list.o
    0x08005536   0x08005536   0x00000002   PAD
    0x08005538   0x08005538   0x00000006   Code   RO         1156    .text.vListInitialiseItem  list.o
    0x0800553e   0x0800553e   0x00000002   PAD
    0x08005540   0x08005540   0x00000062   Code   RO         1160    .text.vListInsert   list.o
    0x080055a2   0x080055a2   0x00000002   PAD
    0x080055a4   0x080055a4   0x0000001c   Code   RO         1158    .text.vListInsertEnd  list.o
    0x080055c0   0x080055c0   0x00000014   Code   RO         1659    .text.vPortEnableVFP  port.o
    0x080055d4   0x080055d4   0x00000046   Code   RO         1665    .text.vPortEnterCritical  port.o
    0x0800561a   0x0800561a   0x00000002   PAD
    0x0800561c   0x0800561c   0x0000002e   Code   RO         1667    .text.vPortExitCritical  port.o
    0x0800564a   0x0800564a   0x00000002   PAD
    0x0800564c   0x0800564c   0x000000d4   Code   RO         1629    .text.vPortFree     heap_4.o
    0x08005720   0x08005720   0x00000034   Code   RO         1657    .text.vPortSetupTimerInterrupt  port.o
    0x08005754   0x08005754   0x000000b0   Code   RO         1232    .text.vQueueAddToRegistry  queue.o
    0x08005804   0x08005804   0x00000052   Code   RO         1236    .text.vQueueWaitForMessageRestricted  queue.o
    0x08005856   0x08005856   0x00000002   PAD
    0x08005858   0x08005858   0x00000080   Code   RO         1311    .text.vTaskDelay    tasks.o
    0x080058d8   0x080058d8   0x00000012   Code   RO         1361    .text.vTaskInternalSetTimeOutState  tasks.o
    0x080058ea   0x080058ea   0x00000002   PAD
    0x080058ec   0x080058ec   0x0000000e   Code   RO         1365    .text.vTaskMissedYield  tasks.o
    0x080058fa   0x080058fa   0x00000002   PAD
    0x080058fc   0x080058fc   0x00000074   Code   RO         1349    .text.vTaskPlaceOnEventList  tasks.o
    0x08005970   0x08005970   0x0000007a   Code   RO         1353    .text.vTaskPlaceOnEventListRestricted  tasks.o
    0x080059ea   0x080059ea   0x00000002   PAD
    0x080059ec   0x080059ec   0x000000f0   Code   RO         1329    .text.vTaskStartScheduler  tasks.o
    0x08005adc   0x08005adc   0x00000010   Code   RO         1307    .text.vTaskSuspendAll  tasks.o
    0x08005aec   0x08005aec   0x000000bc   Code   RO         1323    .text.vTaskSwitchContext  tasks.o
    0x08005ba8   0x08005ba8   0x00000188   Code   RO         1655    .text.xPortStartScheduler  port.o
    0x08005d30   0x08005d30   0x0000002e   Code   RO         1671    .text.xPortSysTickHandler  port.o
    0x08005d5e   0x08005d5e   0x00000002   PAD
    0x08005d60   0x08005d60   0x000000de   Code   RO         1174    .text.xQueueGenericCreateStatic  queue.o
    0x08005e3e   0x08005e3e   0x00000002   PAD
    0x08005e40   0x08005e40   0x000002bc   Code   RO         1188    .text.xQueueGenericSend  queue.o
    0x080060fc   0x080060fc   0x0000023e   Code   RO         1204    .text.xQueueReceive  queue.o
    0x0800633a   0x0800633a   0x00000002   PAD
    0x0800633c   0x0800633c   0x00000096   Code   RO         1363    .text.xTaskCheckForTimeOut  tasks.o
    0x080063d2   0x080063d2   0x00000002   PAD
    0x080063d4   0x080063d4   0x00000060   Code   RO         1301    .text.xTaskCreate   tasks.o
    0x08006434   0x08006434   0x00000076   Code   RO         1295    .text.xTaskCreateStatic  tasks.o
    0x080064aa   0x080064aa   0x00000002   PAD
    0x080064ac   0x080064ac   0x0000001e   Code   RO         1377    .text.xTaskGetSchedulerState  tasks.o
    0x080064ca   0x080064ca   0x00000002   PAD
    0x080064cc   0x080064cc   0x0000000c   Code   RO         1337    .text.xTaskGetTickCount  tasks.o
    0x080064d8   0x080064d8   0x00000104   Code   RO         1335    .text.xTaskIncrementTick  tasks.o
    0x080065dc   0x080065dc   0x0000008a   Code   RO         1381    .text.xTaskPriorityDisinherit  tasks.o
    0x08006666   0x08006666   0x00000002   PAD
    0x08006668   0x08006668   0x00000072   Code   RO         1355    .text.xTaskRemoveFromEventList  tasks.o
    0x080066da   0x080066da   0x00000002   PAD
    0x080066dc   0x080066dc   0x000000ee   Code   RO         1309    .text.xTaskResumeAll  tasks.o
    0x080067ca   0x080067ca   0x00000002   PAD
    0x080067cc   0x080067cc   0x000000b4   Code   RO         1414    .text.xTimerCreateTimerTask  timers.o
    0x08006880   0x08006880   0x0000001a   Code   RO         2122    x$fpl$fpinit        fz_wm.l(fpinit.o)
    0x0800689a   0x0800689a   0x00000010   Data   RO         1093    .rodata.AHBPrescTable  system_stm32f4xx.o
    0x080068aa   0x080068aa   0x00000008   Data   RO         1094    .rodata.APBPrescTable  system_stm32f4xx.o
    0x080068b2   0x080068b2   0x00000200   Data   RO         1107    .rodata.CRC16Table  crc_util.o
    0x08006ab2   0x08006ab2   0x00000002   PAD
    0x08006ab4   0x08006ab4   0x00000014   Data   RO         1811    .rodata._ZTV10CanManager  can_device.o
    0x08006ac8   0x08006ac8   0x0000002c   Data   RO         1714    .rodata._ZTV11RC9Protocol  rc9protocol.o
    0x08006af4   0x08006af4   0x0000000c   Data   RO         1750    .rodata._ZTV12SerialDevice  serial_device.o
    0x08006b00   0x08006b00   0x00000014   Data   RO         1836    .rodata._ZTV5m3508  m3508.o
    0x08006b14   0x08006b14   0x0000000c   Data   RO         1777    .rodata._ZTV6action  acton.o
    0x08006b20   0x08006b20   0x00000014   Data   RO         1810    .rodata._ZTV9CanDevice  can_device.o
    0x08006b34   0x08006b34   0x00000008   Data   RO          438    .rodata.cst8        stm32f4xx_hal_dma.o
    0x08006b3c   0x08006b3c   0x00000005   Data   RO         1454    .rodata.str1.1      timers.o
    0x08006b41   0x08006b41   0x00000003   PAD
    0x08006b44   0x08006b44   0x00000020   Data   RO         2253    Region$$Table       anon$$obj.o
    0x08006b64   0x08006b64   0x00000004   Data   RO         1763    .init_array         simple_task.o
    0x08006b68   0x08006b64   0x00000000   Data   RO         1877    .init_array         c_w.l(init_aeabi.o)


    Execution Region RW_IRAM1 (Exec base: 0x20000000, Load base: 0x08006b68, Size: 0x00005b30, Max: 0x0001c000, ABSOLUTE, COMPRESSED[0x00000030])

    Exec Addr    Load Addr    Size         Type   Attr      Idx    E Section Name        Object

    0x20000000   COMPRESSED   0x00000008   Data   RW          612    .data..L_MergedGlobals  stm32f4xx_hal.o
    0x20000008   COMPRESSED   0x00000004   Data   RW         1092    .data.SystemCoreClock  system_stm32f4xx.o
    0x2000000c   COMPRESSED   0x00000410   Data   RW         1693    .data._ZN11TaskManager5tasksE  taskmanager.o
    0x2000041c   COMPRESSED   0x00000004   Data   RW         1675    .data.uxCriticalNesting  port.o
    0x20000420        -       0x00000060   Zero   RW         2144    .bss                c_w.l(libspace.o)
    0x20000480        -       0x00000068   Zero   RW           59    .bss..L_MergedGlobals  can.o
    0x200004e8        -       0x00000078   Zero   RW         1404    .bss..L_MergedGlobals  tasks.o
    0x20000560        -       0x0000003c   Zero   RW         1455    .bss..L_MergedGlobals  timers.o
    0x2000059c        -       0x00000020   Zero   RW         1640    .bss..L_MergedGlobals  heap_4.o
    0x200005bc        -       0x00000008   Zero   RW         1676    .bss..L_MergedGlobals  port.o
    0x200005c4        -       0x00000028   Zero   RW         1405    .bss..L_MergedGlobals.2  tasks.o
    0x200005ec        -       0x000000a4   Zero   RW         1757    .bss.Action         simple_task.o
    0x20000690        -       0x00000004   Zero   RW           56    .bss.HAL_RCC_CAN1_CLK_ENABLED  can.o
    0x20000694        -       0x00000004   Zero   RW         1614    .bss.KernelState    cmsis_os2.o
    0x20000698        -       0x00000008   Zero   RW         1808    .bss._ZN10CanManager7RxData1E  can_device.o
    0x200006a0        -       0x00000008   Zero   RW         1809    .bss._ZN10CanManager7RxData2E  can_device.o
    0x200006a8        -       0x00000028   Zero   RW         1739    .bss._ZN12SerialDevice10instances_E  serial_device.o
    0x200006d0        -       0x00000004   Zero   RW         1740    .bss._ZN12SerialDevice14instanceCount_E  serial_device.o
    0x200006d4        -       0x00000010   Zero   RW         1804    .bss._ZN9CanDevice20m3508_instances_can1E  can_device.o
    0x200006e4        -       0x00000010   Zero   RW         1805    .bss._ZN9CanDevice20m3508_instances_can2E  can_device.o
    0x200006f4        -       0x00000004   Zero   RW         1806    .bss._ZN9CanDevice24instanceCount_m3508_can1E  can_device.o
    0x200006f8        -       0x00000004   Zero   RW         1807    .bss._ZN9CanDevice24instanceCount_m3508_can2E  can_device.o
    0x200006fc        -       0x00000060   Zero   RW         1759    .bss.can_core       simple_task.o
    0x2000075c        -       0x00000060   Zero   RW          113    .bss.hdma_usart2_rx  usart.o
    0x200007bc        -       0x00000060   Zero   RW          114    .bss.hdma_usart6_rx  usart.o
    0x2000081c        -       0x00000048   Zero   RW           83    .bss.htim2          tim.o
    0x20000864        -       0x00000048   Zero   RW          177    .bss.htim3          stm32f4xx_hal_timebase_tim.o
    0x200008ac        -       0x00000048   Zero   RW          109    .bss.huart1         usart.o
    0x200008f4        -       0x00000048   Zero   RW          110    .bss.huart2         usart.o
    0x2000093c        -       0x00000048   Zero   RW          111    .bss.huart3         usart.o
    0x20000984        -       0x00000048   Zero   RW          108    .bss.huart4         usart.o
    0x200009cc        -       0x00000048   Zero   RW          112    .bss.huart6         usart.o
    0x20000a14        -       0x00000064   Zero   RW         1761    .bss.m3508_front    simple_task.o
    0x20000a78        -       0x00000064   Zero   RW         1762    .bss.m3508_left     simple_task.o
    0x20000adc        -       0x00000064   Zero   RW         1760    .bss.m3508_right    simple_task.o
    0x20000b40        -       0x000000a0   Zero   RW         1453    .bss.prvCheckForValidListAndQueue.ucStaticTimerQueueStorage  timers.o
    0x20000be0        -       0x00000050   Zero   RW         1452    .bss.prvCheckForValidListAndQueue.xStaticTimerQueue  timers.o
    0x20000c30        -       0x00000460   Zero   RW         1403    .bss.pxReadyTasksLists  tasks.o
    0x20001090        -       0x000001a0   Zero   RW         1756    .bss.ros_serial     simple_task.o
    0x20001230        -       0x00000001   Zero   RW         1758    .bss.task_core      simple_task.o
    0x20001231        -       0x00003c00   Zero   RW         1639    .bss.ucHeap         heap_4.o
    0x20004e31   COMPRESSED   0x00000003   PAD
    0x20004e34        -       0x00000004   Zero   RW          611    .bss.uwTick         stm32f4xx_hal.o
    0x20004e38        -       0x00000200   Zero   RW         1616    .bss.vApplicationGetIdleTaskMemory.Idle_Stack  cmsis_os2.o
    0x20005038        -       0x0000005c   Zero   RW         1615    .bss.vApplicationGetIdleTaskMemory.Idle_TCB  cmsis_os2.o
    0x20005094        -       0x00000400   Zero   RW         1618    .bss.vApplicationGetTimerTaskMemory.Timer_Stack  cmsis_os2.o
    0x20005494        -       0x0000005c   Zero   RW         1617    .bss.vApplicationGetTimerTaskMemory.Timer_TCB  cmsis_os2.o
    0x200054f0        -       0x00000040   Zero   RW         1238    .bss.xQueueRegistry  queue.o
    0x20005530        -       0x00000200   Zero   RW            2    HEAP                startup_stm32f407xx.o
    0x20005730        -       0x00000400   Zero   RW            1    STACK               startup_stm32f407xx.o


    Execution Region RW_IRAM2 (Exec base: 0x2001c000, Load base: 0x08006b98, Size: 0x00000000, Max: 0x00004000, ABSOLUTE)

    **** No section assigned to this execution region ****


==============================================================================

Image component sizes


      Code (inc. data)   RO Data    RW Data    ZI Data      Debug   Object Name

       350          6         12          0          0      15826   acton.o
       456          0          0          0        108       7622   can.o
      1332          8         40          0         56       8687   can_device.o
       184          0          0          0       1724      42613   cmsis_os2.o
       222          0        512          0          0       2130   crc_util.o
        92          0          0          0          0       3497   dma.o
       436          0          0          0          0       4435   gpio.o
       712          0          0          0      15392       5704   heap_4.o
       190          0          0          0          0       2315   list.o
       300         36         20          0          0       4691   m3508.o
       268          0          0          0          0       6742   main.o
       352          4          0          0          0       1867   pid.o
       900         16          0          4          8       4342   port.o
      1870          0          0          0         64      29124   queue.o
       984         10         44          0          0       8401   rc9protocol.o
       150          0         12          0         44       4028   serial_device.o
       316         40          4          0        977      13279   simple_task.o
        64         26        392          0       1536        840   startup_stm32f407xx.o
        92          0          0          8          4       7295   stm32f4xx_hal.o
      1698          6          0          0          0      13818   stm32f4xx_hal_can.o
       152          0          0          0          0      10553   stm32f4xx_hal_cortex.o
       984          6          8          0          0      10726   stm32f4xx_hal_dma.o
       448          0          0          0          0       5323   stm32f4xx_hal_gpio.o
        66          0          0          0          0       3527   stm32f4xx_hal_msp.o
      1546          0          0          0          0       7439   stm32f4xx_hal_rcc.o
      1350          0          0          0          0      55564   stm32f4xx_hal_tim.o
       190          0          0          0          0      21014   stm32f4xx_hal_tim_ex.o
       188          0          0          0         72       7226   stm32f4xx_hal_timebase_tim.o
      2822          0          0          0          0      32094   stm32f4xx_hal_uart.o
       126          0          0          0          0       7923   stm32f4xx_it.o
        18          0         24          4          0       2639   system_stm32f4xx.o
       454          0          0       1040          0       4057   taskmanager.o
      3078          8          0          0       1280      42555   tasks.o
       180          0          0          0         72       7324   tim.o
      1086         20          5          0        300      16417   timers.o
      1152          0          0          0        552       8829   usart.o

    ----------------------------------------------------------------------
     25010        198       1110       1056      22192     430466   Object Totals
         0          0         32          0          0          0   (incl. Generated)
       202         12          5          0          3          0   (incl. Padding)

    ----------------------------------------------------------------------

      Code (inc. data)   RO Data    RW Data    ZI Data      Debug   Library Member Name

        58          0          0          0          0          0   __dczerorl.o
         8          0          0          0          0         68   __main.o
         0          0          0          0          0          0   __rtentry.o
        12          0          0          0          0          0   __rtentry2.o
         6          0          0          0          0          0   __rtentry4.o
        94          8          0          0          0          0   __scatter.o
        28          0          0          0          0          0   __scatter_zi.o
        22          0          0          0          0         80   abort.o
        16          0          0          0          0         68   aeabi_memset4.o
        48         34          0          0          0         76   defsig_abrt_inner.o
        14          0          0          0          0         80   defsig_abrt_outer.o
        10          0          0          0          0         68   defsig_exit.o
        50          0          0          0          0         88   defsig_general.o
        18          0          0          0          0         80   exit.o
        78          0          0          0          0         80   h1_free.o
         6          0          0          0          0        152   heapauxi.o
         0          0          0          0          0          0   indicate_semi.o
        44          8          0          0          0         80   init_aeabi.o
         2          0          0          0          0          0   libinit.o
        10          0          0          0          0          0   libinit2.o
         2          0          0          0          0          0   libshutdown.o
         2          0          0          0          0          0   libshutdown2.o
         8          4          0          0         96         68   libspace.o
       240          0          0          0          0        100   lludivv7m.o
         8          4          0          0          0         68   rt_heap_descriptor_intlibspace.o
        68          0          0          0          0         68   rt_memclr.o
        78          0          0          0          0         80   rt_memclr_w.o
       138          0          0          0          0         68   rt_memcpy_v6.o
       100          0          0          0          0         80   rt_memcpy_w.o
         2          0          0          0          0          0   rtexit.o
        10          0          0          0          0          0   rtexit2.o
        12          4          0          0          0         68   sys_exit.o
        74          0          0          0          0         80   sys_stackheap_outer.o
        14          0          0          0          0         76   sys_wrch.o
         2          0          0          0          0         68   use_no_semi.o
        26          0          0          0          0        116   fpinit.o
         8          0          0          0          0        364   new.cpp.o
         4          0          0          0          0         36   abort_message.cpp.o
        40         32          0          0          0         52   cxa_virtual.cpp.o

    ----------------------------------------------------------------------
      1376         94          0          0         96       2312   Library Totals
        16          0          0          0          0          0   (incl. Padding)

    ----------------------------------------------------------------------

      Code (inc. data)   RO Data    RW Data    ZI Data      Debug   Library Name

      1282         62          0          0         96       1744   c_w.l
        26          0          0          0          0        116   fz_wm.l
         8          0          0          0          0        364   libcpp_w.l
        44         32          0          0          0         88   libcppabi_w.l

    ----------------------------------------------------------------------
      1376         94          0          0         96       2312   Library Totals

    ----------------------------------------------------------------------

==============================================================================


      Code (inc. data)   RO Data    RW Data    ZI Data      Debug   

     26386        292       1110       1056      22288     431170   Grand Totals
     26386        292       1110         48      22288     431170   ELF Image Totals (compressed)
     26386        292       1110         48          0          0   ROM Totals

==============================================================================

    Total RO  Size (Code + RO Data)                27496 (  26.85kB)
    Total RW  Size (RW Data + ZI Data)             23344 (  22.80kB)
    Total ROM Size (Code + RO Data + RW Data)      27544 (  26.90kB)

==============================================================================

