<html>
<body>
<pre>
<h1>µVision Build Log</h1>
<h2>Tool Versions:</h2>
IDE-Version: ¦ÌVision V5.24.2.0
Copyright (C) 2017 ARM Ltd and ARM Germany GmbH. All rights reserved.
License Information: promise Lenovo, gdut, LIC=CZLZX-H4IPC-MMR9I-TMADS-SK4DN-5MBAC
 
Tool Versions:
Toolchain:       MDK-ARM Plus  Version: 5.24.1
Toolchain Path:  D:\keil 5\ARM\ARMCC\Bin
C Compiler:      Armcc.exe V5.06 update 5 (build 528)
Assembler:       Armasm.exe V5.06 update 5 (build 528)
Linker/Locator:  ArmLink.exe V5.06 update 5 (build 528)
Library Manager: ArmAr.exe V5.06 update 5 (build 528)
Hex Converter:   FromElf.exe V5.06 update 5 (build 528)
CPU DLL:         SARMCM3.DLL V5.24.1
Dialog DLL:      DCM.DLL V1.16.0.0
Target DLL:      CMSIS_AGDI.dll V1.28.3.0
Dialog DLL:      TCM.DLL V1.32.0.0
 
<h2>Project:</h2>
C:\Users\Lenovo\Desktop\challenge2024\slefproject\R1_No2 - ¸Ä¶¯\MDK-ARM\m3508_test.uvprojx
Project File Date:  07/11/2024

<h2>Output:</h2>
*** Using Compiler 'V5.06 update 5 (build 528)', folder: 'D:\keil 5\ARM\ARMCC\Bin'
Build target 'm3508_test'
compiling FSM.c...
..\robocon_robot\MoveBase.h(94): warning:  #1-D: last line of file ends without a newline
  							
..\robocon_robot\FSM.c(828): warning:  #1035-D: single-precision operand implicitly converted to double-precision
  			if(moving_point_track(SeedlingPUT_X[2]-0.5, ROBOT_REAL_POS_DATA.POS_Y, 0.0f,1.0f))
..\robocon_robot\FSM.c(891): warning:  #1035-D: single-precision operand implicitly converted to double-precision
  			if(moving_point_track(SeedlingPUT_X[3]-0.5, ROBOT_REAL_POS_DATA.POS_Y, 0.0f,1.0f))
..\robocon_robot\FSM.c(940): warning:  #1035-D: single-precision operand implicitly converted to double-precision
  			if(moving_point_track(SeedlingPUT_X[4]-0.5, ROBOT_REAL_POS_DATA.POS_Y, 0.0f,1.0f))
..\robocon_robot\FSM.c(991): warning:  #1035-D: single-precision operand implicitly converted to double-precision
  			if(moving_point_track(SeedlingPUT_X[5]-0.5, ROBOT_REAL_POS_DATA.POS_Y, 0.0f,1.0f))
..\robocon_robot\FSM.c(1043): warning:  #1035-D: single-precision operand implicitly converted to double-precision
  			if(moving_point_track(SeedlingPUT_X[6]-0.5, ROBOT_REAL_POS_DATA.POS_Y, 0.0f,1.0f))
..\robocon_robot\FSM.c(1095): warning:  #1035-D: single-precision operand implicitly converted to double-precision
  			if(moving_point_track(SeedlingPUT_X[7]-0.5, ROBOT_REAL_POS_DATA.POS_Y, 0.0f,1.0f))
..\robocon_robot\FSM.c(1144): warning:  #1035-D: single-precision operand implicitly converted to double-precision
  			if(moving_point_track(SeedlingPUT_X[8]-0.5, ROBOT_REAL_POS_DATA.POS_Y, 0.0f,1.0f))
..\robocon_robot\FSM.c(1196): warning:  #1035-D: single-precision operand implicitly converted to double-precision
  			if(moving_point_track(SeedlingPUT_X[9]-0.5, ROBOT_REAL_POS_DATA.POS_Y, 0.0f,1.0f))
..\robocon_robot\FSM.c(1247): warning:  #1035-D: single-precision operand implicitly converted to double-precision
  			if(moving_point_track(SeedlingPUT_X[10]-0.5, ROBOT_REAL_POS_DATA.POS_Y, 0.0f,1.0f))
..\robocon_robot\FSM.c(1298): warning:  #1035-D: single-precision operand implicitly converted to double-precision
  			if(moving_point_track(SeedlingPUT_X[11]-0.5, ROBOT_REAL_POS_DATA.POS_Y, 0.0f,1.0f))
..\robocon_robot\FSM.c(1310): warning:  #1035-D: single-precision operand implicitly converted to double-precision
  				if(chassis_TrapezoidPlaning(SeedlingPUT_X[11], SeedlingPUT_Y[11],SeedlingPUT_X[11], SeedlingPUT_Y[11]-0.9,0,0.2,0.1,1.5f,0.4,0.2))finish=38;
..\robocon_robot\FSM.c(1318): warning:  #1035-D: single-precision operand implicitly converted to double-precision
  				if(chassis_TrapezoidPlaning(SeedlingPUT_X[11], SeedlingPUT_Y[11]-0.9,0.7f,0.9f,0,0.2f,0,2.0f,0.3,0.2))
..\robocon_robot\FSM.c(1326): warning:  #1035-D: single-precision operand implicitly converted to double-precision
  				if(chassis_TrapezoidPlaning(SeedlingPUT_X[11], SeedlingPUT_Y[11]-0.9,-0.7f, 0.9f,0,0,0,2.0f,0.4,0.2))
..\robocon_robot\FSM.c: 14 warnings, 0 errors
linking...
Program Size: Code=50412 RO-data=944 RW-data=1288 ZI-data=24624  
FromELF: creating hex file...
"m3508_test\m3508_test.axf" - 0 Error(s), 14 Warning(s).

<h2>Software Packages used:</h2>

Package Vendor: ARM
                http://www.keil.com/pack/ARM.CMSIS.5.0.1.pack
                ARM.CMSIS.5.0.1
                CMSIS (Cortex Microcontroller Software Interface Standard)
   * Component: CORE Version: 5.0.1

Package Vendor: Keil
                http://www.keil.com/pack/Keil.STM32F4xx_DFP.2.13.0.pack
                Keil.STM32F4xx_DFP.2.13.0
                STMicroelectronics STM32F4 Series Device Support, Drivers and Examples

<h2>Collection of Component include folders:</h2>
  .\RTE\_m3508_test
  D:\keil 5\ARM\PACK\ARM\CMSIS\5.0.1\CMSIS\Include
  D:\keil 5\ARM\PACK\Keil\STM32F4xx_DFP\2.13.0\Drivers\CMSIS\Device\ST\STM32F4xx\Include

<h2>Collection of Component Files used:</h2>

   * Component: ARM::CMSIS:CORE:5.0.1
Build Time Elapsed:  00:00:03
</pre>
</body>
</html>
